<html>
<body>
<pre>
<h1>礦ision Build Log</h1>
<h2>Tool Versions:</h2>
IDE-Version: μVision V5.36.0.0
Copyright (C) 2021 ARM Ltd and ARM Germany GmbH. All rights reserved.
License Information: sljfsklj' Administrator, sfdamkj, LIC=YA39H-WAFSZ-2ZNW4-FXHMP-36TJF-B8QII
 
Tool Versions:
Toolchain:       MDK-ARM Plus  Version: 5.36.0.0
Toolchain Path:  D:\Keil_v5\ARM\ARMCC\Bin
C Compiler:      Armcc.exe V5.06 update 7 (build 960)
Assembler:       Armasm.exe V5.06 update 7 (build 960)
Linker/Locator:  ArmLink.exe V5.06 update 7 (build 960)
Library Manager: ArmAr.exe V5.06 update 7 (build 960)
Hex Converter:   FromElf.exe V5.06 update 7 (build 960)
CPU DLL:         SARMCM3.DLL V5.36.0.0
Dialog DLL:      DCM.DLL V1.17.3.0
Target DLL:      STLink\ST-LINKIII-KEIL_SWO.dll V3.0.9.0
Dialog DLL:      TCM.DLL V1.53.0.0
 
<h2>Project:</h2>
e:\BaiduNetdiskDownload\BC25单模块资料V1.3\BC25单模块资料\07_STM32代码\04_BC25接入阿里云发温湿度代码支持下发\USER\Test.uvprojx
Project File Date:  11/15/2023

<h2>Output:</h2>
*** Using Compiler 'V5.06 update 7 (build 960)', folder: 'D:\Keil_v5\ARM\ARMCC\Bin'
Build target 'Target 1'
compiling stm32f10x_dma.c...
compiling stm32f10x_it.c...
compiling stm32f10x_dac.c...
compiling stm32f10x_bkp.c...
compiling system_stm32f10x.c...
compiling misc.c...
compiling stm32f10x_can.c...
compiling stm32f10x_adc.c...
compiling stm32f10x_crc.c...
compiling stm32f10x_dbgmcu.c...
compiling main.c...
compiling stm32f10x_gpio.c...
compiling stm32f10x_exti.c...
compiling stm32f10x_i2c.c...
compiling stm32f10x_fsmc.c...
compiling stm32f10x_pwr.c...
compiling stm32f10x_iwdg.c...
compiling stm32f10x_rtc.c...
compiling stm32f10x_sdio.c...
compiling stm32f10x_flash.c...
compiling stm32f10x_spi.c...
compiling stm32f10x_rcc.c...
compiling stm32f10x_wwdg.c...
compiling stm32f10x_usart.c...
compiling stm32f10x_tim.c...
compiling wdg.c...
assembling startup_stm32f10x_md.s...
compiling dht11.c...
compiling timer.c...
compiling BC25.c...
..\HARDWARE\BC25\BC25.c(207): warning:  #167-D: argument of type "unsigned char *" is incompatible with parameter of type "char *"
  		Uart1_SendStr(RxBuffer);
..\HARDWARE\BC25\BC25.c(216): warning:  #167-D: argument of type "uint8_t *" is incompatible with parameter of type "char *"
  				CParsejson(recdata); 
..\HARDWARE\BC25\BC25.c(238): warning:  #513-D: a value of type "char *" cannot be assigned to an entity of type "uint8_t *"
      jsonstrx=strstr((const char*)data,(const char*)"{"); //判断到有"{出现,代表json产生 
..\HARDWARE\BC25\BC25.c(255): warning:  #167-D: argument of type "uint8_t *" is incompatible with parameter of type "char *"
      Uart1_SendStr(jsondata);
..\HARDWARE\BC25\BC25.c(256): warning:  #167-D: argument of type "uint8_t *" is incompatible with parameter of type "const char *"
      root = cJSON_Parse(jsondata);   
..\HARDWARE\BC25\BC25.c(236): warning:  #177-D: variable "itemAge"  was declared but never referenced
       cJSON * root, *itemName,*itemAge,*order;
..\HARDWARE\BC25\BC25.c: 6 warnings, 0 errors
compiling led.c...
compiling protocol.c...
..\HARDWARE\cJSON\protocol.c(32): warning:  #177-D: variable "hum"  was declared but never referenced
  		cJSON *temp, *hum, *lng, *lat, *l1, *l2;
..\HARDWARE\cJSON\protocol.c(32): warning:  #177-D: variable "lng"  was declared but never referenced
  		cJSON *temp, *hum, *lng, *lat, *l1, *l2;
..\HARDWARE\cJSON\protocol.c(32): warning:  #177-D: variable "lat"  was declared but never referenced
  		cJSON *temp, *hum, *lng, *lat, *l1, *l2;
..\HARDWARE\cJSON\protocol.c(32): warning:  #177-D: variable "l1"  was declared but never referenced
  		cJSON *temp, *hum, *lng, *lat, *l1, *l2;
..\HARDWARE\cJSON\protocol.c(32): warning:  #177-D: variable "l2"  was declared but never referenced
  		cJSON *temp, *hum, *lng, *lat, *l1, *l2;
..\HARDWARE\cJSON\protocol.c: 5 warnings, 0 errors
compiling sys.c...
compiling core_cm3.c...
compiling cJSON.c...
..\HARDWARE\cJSON\cJSON.c(55): warning:  #1293-D: assignment in condition
        if (!(copy = (char*)cJSON_malloc(len))) return 0;
..\HARDWARE\cJSON\cJSON.c(278): warning:  #1293-D: assignment in condition
  	ptr=str;while ((token=*ptr) && ++len) {if (strchr("\"\\\b\f\n\r\t",token)) len++; else if (token<32) len+=5;ptr++;}
..\HARDWARE\cJSON\cJSON.c(352): warning:  #111-D: statement is unreachable
  	return p.buffer;
..\HARDWARE\cJSON\cJSON.c(423): warning:  #1293-D: assignment in condition
  		if (!(new_item=cJSON_New_Item())) return 0; 	/* memory fail */
..\HARDWARE\cJSON\cJSON.c(535): warning:  #1293-D: assignment in condition
  		if (!(new_item=cJSON_New_Item()))	return 0; /* memory fail */
..\HARDWARE\cJSON\cJSON.c: 5 warnings, 0 errors
compiling delay.c...
compiling usart.c...
..\SYSTEM\usart\usart.c(216): warning:  #550-D: variable "Res"  was set but never used
      char Res;
..\SYSTEM\usart\usart.c(229): warning:  #550-D: variable "Res"  was set but never used
  		char Res;
..\SYSTEM\usart\usart.c(251): warning:  #550-D: variable "Res"  was set but never used
  		char Res;
..\SYSTEM\usart\usart.c: 3 warnings, 0 errors
compiling stm32f10x_cec.c...
linking...
Program Size: Code=32746 RO-data=1102 RW-data=80 ZI-data=1952  
FromELF: creating hex file...
".\Test.axf" - 0 Error(s), 19 Warning(s).

<h2>Software Packages used:</h2>

Package Vendor: Keil
                http://www.keil.com/pack/Keil.STM32F1xx_DFP.1.0.5.pack
                Keil.STM32F1xx_DFP.1.0.5
                STMicroelectronics STM32F1 Series Device Support, Drivers and Examples

<h2>Collection of Component include folders:</h2>
  D:\Keil_v5\ARM\PACK\Keil\STM32F1xx_DFP\1.0.5\Device\Include

<h2>Collection of Component Files used:</h2>
Build Time Elapsed:  00:00:09
</pre>
</body>
</html>
