<html>
<body>
<pre>
<h1>礦ision Build Log</h1>
<h2>Tool Versions:</h2>
IDE-Version: μVision V5.34.0.0
Copyright (C) 2021 ARM Ltd and ARM Germany GmbH. All rights reserved.
License Information: 111 Microsoft, Microsoft, LIC=NQQMA-1BA0A-63WMB-26EBG-XXRR0-4JUNR
 
Tool Versions:
Toolchain:       MDK-ARM Plus  Version: 5.34.0.0
Toolchain Path:  d:\Keil_v5\ARM\ARMCC\Bin
C Compiler:      Armcc.exe V5.06 update 7 (build 960)
Assembler:       Armasm.exe V5.06 update 7 (build 960)
Linker/Locator:  ArmLink.exe V5.06 update 7 (build 960)
Library Manager: ArmAr.exe V5.06 update 7 (build 960)
Hex Converter:   FromElf.exe V5.06 update 7 (build 960)
CPU DLL:         SARMCM3.DLL V5.34.0.0
Dialog DLL:      DCM.DLL V1.17.3.0
Target DLL:      STLink\ST-LINKIII-KEIL_SWO.dll V3.0.8.0
Dialog DLL:      TCM.DLL V1.48.0.0
 
<h2>Project:</h2>
E:\STM32设计\EC20\EC20开发资料\移远CAT1开发资料\BC260Y开发资料\BC25单模块资料\07_STM32代码\06_BC25接入腾讯云发温湿度代码\USER\Test.uvprojx
Project File Date:  11/15/2023

<h2>Output:</h2>
*** Using Compiler 'V5.06 update 7 (build 960)', folder: 'd:\Keil_v5\ARM\ARMCC\Bin'
Build target 'Target 1'
compiling BC25.c...
..\HARDWARE\BC25\BC25.c(147): warning:  #177-D: variable "value"  was declared but never referenced
  		uint8_t value;
..\HARDWARE\BC25\BC25.c(158): warning:  #177-D: variable "datastr"  was declared but never referenced
  	  u8 datalen,datastr[10],send_jason[200];
..\HARDWARE\BC25\BC25.c(185): warning:  #177-D: variable "recdata"  was declared but never referenced
  	  uint8_t recdata[250];
..\HARDWARE\BC25\BC25.c: 3 warnings, 0 errors
compiling usart.c...
..\SYSTEM\usart\usart.c(170): warning:  #550-D: variable "Res"  was set but never used
      char Res;
..\SYSTEM\usart\usart.c(183): warning:  #550-D: variable "Res"  was set but never used
  		char Res;
..\SYSTEM\usart\usart.c: 2 warnings, 0 errors
linking...
Program Size: Code=14364 RO-data=756 RW-data=72 ZI-data=2352  
FromELF: creating hex file...
".\Test.axf" - 0 Error(s), 5 Warning(s).

<h2>Software Packages used:</h2>

Package Vendor: Keil
                http://www.keil.com/pack/Keil.STM32F1xx_DFP.2.1.0.pack
                Keil.STM32F1xx_DFP.2.1.0
                STMicroelectronics STM32F1 Series Device Support, Drivers and Examples

<h2>Collection of Component include folders:</h2>
  d:\Keil_v5\ARM\PACK\Keil\STM32F1xx_DFP\2.1.0\Device\Include

<h2>Collection of Component Files used:</h2>
Build Time Elapsed:  00:00:01
</pre>
</body>
</html>
