Component: ARM Compiler 5.06 update 6 (build 750) Tool: armlink [4d35ed]

==============================================================================

Section Cross References

    main.o(i.date_init) refers to stm32f10x_gpio.o(i.GPIO_ReadInputDataBit) for GPIO_ReadInputDataBit
    main.o(i.date_init) refers to text.o(i.CleanScreen) for CleanScreen
    main.o(i.date_init) refers to text.o(i.Show_Str) for Show_Str
    main.o(i.date_init) refers to text.o(i.ShowAllGraphRAM) for ShowAllGraphRAM
    main.o(i.date_init) refers to delay.o(i.delay_ms) for delay_ms
    main.o(i.date_init) refers to ds3231.o(i.SetTime) for SetTime
    main.o(i.date_init) refers to 24c02.o(i.AT24CXX_WriteOneByte) for AT24CXX_WriteOneByte
    main.o(i.date_init) refers to 24c02.o(i.AT24CXX_ReadOneByte) for AT24CXX_ReadOneByte
    main.o(i.date_init) refers to st7565.o(i.St7565_WriteCmd) for St7565_WriteCmd
    main.o(i.date_init) refers to main.o(.data) for .data
    main.o(i.date_init) refers to ds3231.o(.data) for year
    main.o(i.err_set) refers to printf5.o(i.__0printf$5) for __2printf
    main.o(i.err_set) refers to 24c02.o(i.AT24CXX_ReadOneByte) for AT24CXX_ReadOneByte
    main.o(i.err_set) refers to text.o(i.Show_Str) for Show_Str
    main.o(i.err_set) refers to text.o(i.ShowAllGraphRAM) for ShowAllGraphRAM
    main.o(i.err_set) refers to stm32f10x_gpio.o(i.GPIO_ReadInputDataBit) for GPIO_ReadInputDataBit
    main.o(i.err_set) refers to delay.o(i.delay_ms) for delay_ms
    main.o(i.err_set) refers to main.o(i.date_init) for date_init
    main.o(i.err_set) refers to main.o(.data) for .data
    main.o(i.main) refers to misc.o(i.NVIC_PriorityGroupConfig) for NVIC_PriorityGroupConfig
    main.o(i.main) refers to delay.o(i.SysTick_Initaize) for SysTick_Initaize
    main.o(i.main) refers to delay.o(i.delay_init) for delay_init
    main.o(i.main) refers to usart.o(i.uart_init) for uart_init
    main.o(i.main) refers to printf5.o(i.__0printf$5) for __2printf
    main.o(i.main) refers to timer.o(i.TIM3_Int_Init) for TIM3_Int_Init
    main.o(i.main) refers to fontupd.o(i.font_init) for font_init
    main.o(i.main) refers to 24c02.o(i.AT24CXX_Init) for AT24CXX_Init
    main.o(i.main) refers to key.o(i.KEY_Init) for KEY_Init
    main.o(i.main) refers to st7565.o(i.Init_St7565) for Init_St7565
    main.o(i.main) refers to led.o(i.LED_Init) for LED_Init
    main.o(i.main) refers to ina226.o(i.INA226_Init) for INA226_Init
    main.o(i.main) refers to cw2015.o(i.CW2015_Init) for CW2015_Init
    main.o(i.main) refers to dht11.o(i.DHT11_Init) for DHT11_Init
    main.o(i.main) refers to exti.o(i.EXTIX_Init) for EXTIX_Init
    main.o(i.main) refers to main.o(i.date_init) for date_init
    main.o(i.main) refers to main.o(i.err_set) for err_set
    main.o(i.main) refers to stm32f10x_gpio.o(i.GPIO_SetBits) for GPIO_SetBits
    main.o(i.main) refers to menu.o(i.Menu_key_set) for Menu_key_set
    system_stm32f10x.o(i.SetSysClock) refers to system_stm32f10x.o(i.SetSysClockTo72) for SetSysClockTo72
    system_stm32f10x.o(i.SystemCoreClockUpdate) refers to system_stm32f10x.o(.data) for .data
    system_stm32f10x.o(i.SystemInit) refers to system_stm32f10x.o(i.SetSysClock) for SetSysClock
    delay.o(i.SysTick_Initaize) refers to system_stm32f10x.o(.data) for SystemCoreClock
    delay.o(i.SysTick_Initaize) refers to delay.o(.data) for .data
    delay.o(i.delay_init) refers to misc.o(i.SysTick_CLKSourceConfig) for SysTick_CLKSourceConfig
    delay.o(i.delay_init) refers to system_stm32f10x.o(.data) for SystemCoreClock
    delay.o(i.delay_init) refers to delay.o(.data) for .data
    delay.o(i.delay_ms) refers to delay.o(.data) for .data
    delay.o(i.delay_us) refers to delay.o(.data) for .data
    usart.o(i.USART1_IRQHandler) refers to stm32f10x_usart.o(i.USART_GetITStatus) for USART_GetITStatus
    usart.o(i.USART1_IRQHandler) refers to stm32f10x_usart.o(i.USART_ReceiveData) for USART_ReceiveData
    usart.o(i.USART1_IRQHandler) refers to stm32f10x_tim.o(i.TIM_SetCounter) for TIM_SetCounter
    usart.o(i.USART1_IRQHandler) refers to stm32f10x_tim.o(i.TIM_Cmd) for TIM_Cmd
    usart.o(i.USART1_IRQHandler) refers to usart.o(.data) for .data
    usart.o(i.USART1_IRQHandler) refers to usart.o(.bss) for .bss
    usart.o(i.uart_init) refers to stm32f10x_rcc.o(i.RCC_APB2PeriphClockCmd) for RCC_APB2PeriphClockCmd
    usart.o(i.uart_init) refers to stm32f10x_gpio.o(i.GPIO_Init) for GPIO_Init
    usart.o(i.uart_init) refers to misc.o(i.NVIC_Init) for NVIC_Init
    usart.o(i.uart_init) refers to stm32f10x_usart.o(i.USART_Init) for USART_Init
    usart.o(i.uart_init) refers to stm32f10x_usart.o(i.USART_ITConfig) for USART_ITConfig
    usart.o(i.uart_init) refers to stm32f10x_usart.o(i.USART_Cmd) for USART_Cmd
    startup_stm32f10x_hd.o(RESET) refers to startup_stm32f10x_hd.o(STACK) for __initial_sp
    startup_stm32f10x_hd.o(RESET) refers to startup_stm32f10x_hd.o(.text) for Reset_Handler
[...]
    .text                                    0x08000144   Section       36  startup_stm32f10x_hd.o(.text)
    .text                                    0x08000168   Section        0  siabs.o(.text)
    .text                                    0x08000170   Section        0  memcpya.o(.text)
    .text                                    0x08000194   Section        0  dmul.o(.text)
    .text                                    0x08000278   Section        0  dflti.o(.text)
    .text                                    0x0800029a   Section        0  dfltui.o(.text)
    .text                                    0x080002b4   Section        0  dfixi.o(.text)
    .text                                    0x080002f2   Section        0  dfixui.o(.text)
    .text                                    0x08000324   Section        0  uldiv.o(.text)
    .text                                    0x08000386   Section        0  llshl.o(.text)
    .text                                    0x080003a4   Section        0  llushr.o(.text)
    .text                                    0x080003c4   Section        0  iusefp.o(.text)
    .text                                    0x080003c4   Section        0  depilogue.o(.text)
    .text                                    0x08000480   Section       36  init.o(.text)
    .text                                    0x080004a4   Section        0  __dczerorl2.o(.text)
    i.AT24CXX_Check                          0x080004fa   Section        0  24c02.o(i.AT24CXX_Check)
    i.AT24CXX_Init                           0x08000524   Section        0  24c02.o(i.AT24CXX_Init)
    i.AT24CXX_ReadOneByte                    0x0800056c   Section        0  24c02.o(i.AT24CXX_ReadOneByte)
    i.AT24CXX_WriteOneByte                   0x080005ae   Section        0  24c02.o(i.AT24CXX_WriteOneByte)
    i.BCD2HEX                                0x080005ec   Section        0  ds3231.o(i.BCD2HEX)
    i.BusFault_Handler                       0x08000602   Section        0  stm32f10x_it.o(i.BusFault_Handler)
    i.CW2015_ID                              0x08000604   Section        0  cw2015.o(i.CW2015_ID)
    i.CW2015_Init                            0x0800060a   Section        0  cw2015.o(i.CW2015_Init)
    i.CW2015_ReadOneByte                     0x08000638   Section        0  cw2015.o(i.CW2015_ReadOneByte)
    i.CW2015_Soc                             0x08000672   Section        0  cw2015.o(i.CW2015_Soc)
    i.CW2015_Time                            0x08000692   Section        0  cw2015.o(i.CW2015_Time)
    i.CW2015_Vcell                           0x080006ac   Section        0  cw2015.o(i.CW2015_Vcell)
    i.CW2015_WriteOneByte                    0x080006dc   Section        0  cw2015.o(i.CW2015_WriteOneByte)
    i.CleanPoint                             0x08000720   Section        0  text.o(i.CleanPoint)
    i.CleanScreen                            0x08000748   Section        0  text.o(i.CleanScreen)
    i.ClearDisplay                           0x08000764   Section        0  st7565.o(i.ClearDisplay)
    i.Conversion                             0x08000798   Section        0  nonglistm.o(i.Conversion)
    i.DHT11_Check                            0x08000990   Section        0  dht11.o(i.DHT11_Check)
    i.DHT11_Init                             0x08000a00   Section        0  dht11.o(i.DHT11_Init)
    i.DHT11_Read_Bit                         0x08000a40   Section        0  dht11.o(i.DHT11_Read_Bit)
    i.DHT11_Read_Byte                        0x08000a8c   Section        0  dht11.o(i.DHT11_Read_Byte)
    i.DHT11_Read_Data                        0x08000aa6   Section        0  dht11.o(i.DHT11_Read_Data)
    i.DHT11_Rst                              0x08000af8   Section        0  dht11.o(i.DHT11_Rst)
    i.DebugMon_Handler                       0x08000b30   Section        0  stm32f10x_it.o(i.DebugMon_Handler)
    i.DrawLine                               0x08000b32   Section        0  text.o(i.DrawLine)
    i.DrawPoint                              0x08000c24   Section        0  text.o(i.DrawPoint)
    i.DrawRectangle                          0x08000c4c   Section        0  text.o(i.DrawRectangle)
    i.EXTI15_10_IRQHandler                   0x08000d28   Section        0  exti.o(i.EXTI15_10_IRQHandler)
    i.EXTI3_IRQHandler                       0x08000d50   Section        0  exti.o(i.EXTI3_IRQHandler)
    i.EXTI4_IRQHandler                       0x08000d74   Section        0  exti.o(i.EXTI4_IRQHandler)
    i.EXTI9_5_IRQHandler                     0x08000d98   Section        0  exti.o(i.EXTI9_5_IRQHandler)
    i.EXTIX_Init                             0x08000dbc   Section        0  exti.o(i.EXTIX_Init)
    i.EXTI_ClearITPendingBit                 0x08000eac   Section        0  stm32f10x_exti.o(i.EXTI_ClearITPendingBit)
    i.EXTI_Init                              0x08000eb8   Section        0  stm32f10x_exti.o(i.EXTI_Init)
    i.GPIO_EXTILineConfig                    0x08000f2c   Section        0  stm32f10x_gpio.o(i.GPIO_EXTILineConfig)
    i.GPIO_Init                              0x08000f54   Section        0  stm32f10x_gpio.o(i.GPIO_Init)
    i.GPIO_PinRemapConfig                    0x08000ffc   Section        0  stm32f10x_gpio.o(i.GPIO_PinRemapConfig)
    i.GPIO_ReadInputDataBit                  0x08001058   Section        0  stm32f10x_gpio.o(i.GPIO_ReadInputDataBit)
    i.GPIO_ResetBits                         0x08001066   Section        0  stm32f10x_gpio.o(i.GPIO_ResetBits)
    i.GPIO_SetBits                           0x0800106a   Section        0  stm32f10x_gpio.o(i.GPIO_SetBits)
    i.Get_HzMat                              0x08001070   Section        0  text.o(i.Get_HzMat)
    i.HEX2BCD                                0x08001374   Section        0  ds3231.o(i.HEX2BCD)
    i.HardFault_Handler                      0x0800138a   Section        0  stm32f10x_it.o(i.HardFault_Handler)
    i.IIC_Ack                                0x0800138c   Section        0  myiic.o(i.IIC_Ack)
    i.IIC_Init                               0x080013c4   Section        0  myiic.o(i.IIC_Init)
    i.IIC_NAck                               0x080013fc   Section        0  myiic.o(i.IIC_NAck)
    i.IIC_Read_Byte                          0x08001434   Section        0  myiic.o(i.IIC_Read_Byte)
    i.IIC_Send_Byte                          0x080014a0   Section        0  myiic.o(i.IIC_Send_Byte)
    i.IIC_Start                              0x08001508   Section        0  myiic.o(i.IIC_Start)
    i.IIC_Stop                               0x08001540   Section        0  myiic.o(i.IIC_Stop)
    i.IIC_Wait_Ack                           0x0800157c   Section        0  myiic.o(i.IIC_Wait_Ack)
    i.INA226_GetCurrent                      0x080015d4   Section        0  ina226.o(i.INA226_GetCurrent)
    i.INA226_GetVoltage                      0x08001600   Section        0  ina226.o(i.INA226_GetVoltage)
    i.INA226_Init                            0x08001626   Section        0  ina226.o(i.INA226_Init)
    i.INA226_ReadData                        0x08001644   Section        0  ina226.o(i.INA226_ReadData)
    i.INA226_SendData                        0x08001678   Section        0  ina226.o(i.INA226_SendData)
    i.INA226_SetRegPointer                   0x080016b4   Section        0  ina226.o(i.INA226_SetRegPointer)
    i.Init_St7565                            0x080016dc   Section        0  st7565.o(i.Init_St7565)
    i.KEY_Init                               0x08001798   Section        0  key.o(i.KEY_Init)
    i.LCD_Pow                                0x08001820   Section        0  text.o(i.LCD_Pow)
    i.LCD_ShowChar                           0x08001830   Section        0  text.o(i.LCD_ShowChar)
    i.LCD_ShowNum                            0x080019d4   Section        0  text.o(i.LCD_ShowNum)
    i.LCD_Show_Full_Screen_Pic               0x08001a4e   Section        0  st7565.o(i.LCD_Show_Full_Screen_Pic)
    i.LCD_zimu                               0x08001a74   Section        0  text.o(i.LCD_zimu)
    i.LED_Init                               0x08002388   Section        0  led.o(i.LED_Init)
    i.MemManage_Handler                      0x080023c0   Section        0  stm32f10x_it.o(i.MemManage_Handler)
    i.Menu_key_set                           0x080023c4   Section        0  menu.o(i.Menu_key_set)
    i.MsgBoxSimple                           0x080024b8   Section        0  text.o(i.MsgBoxSimple)
    i.NMI_Handler                            0x08002522   Section        0  stm32f10x_it.o(i.NMI_Handler)
    i.NVIC_Init                              0x08002524   Section        0  misc.o(i.NVIC_Init)
    i.NVIC_PriorityGroupConfig               0x08002588   Section        0  misc.o(i.NVIC_PriorityGroupConfig)
    i.PGday                                  0x0800259c   Section        0  ds3231.o(i.PGday)
    i.PendSV_Handler                         0x0800263c   Section        0  stm32f10x_it.o(i.PendSV_Handler)
    i.RCC_APB1PeriphClockCmd                 0x08002640   Section        0  stm32f10x_rcc.o(i.RCC_APB1PeriphClockCmd)
    i.RCC_APB2PeriphClockCmd                 0x0800265c   Section        0  stm32f10x_rcc.o(i.RCC_APB2PeriphClockCmd)
    i.RCC_GetClocksFreq                      0x08002678   Section        0  stm32f10x_rcc.o(i.RCC_GetClocksFreq)
    i.SPI1_Init                              0x08002724   Section        0  spi.o(i.SPI1_Init)
    i.SPI1_ReadWriteByte                     0x080027a0   Section        0  spi.o(i.SPI1_ReadWriteByte)
    i.SPI1_SetSpeed                          0x080027f8   Section        0  spi.o(i.SPI1_SetSpeed)
    i.SPI_Cmd                                0x08002818   Section        0  stm32f10x_spi.o(i.SPI_Cmd)
    i.SPI_Flash_Init                         0x08002830   Section        0  w25qxx.o(i.SPI_Flash_Init)
    i.SPI_Flash_Read                         0x0800287c   Section        0  w25qxx.o(i.SPI_Flash_Read)
    i.SPI_Flash_ReadID                       0x080028cc   Section        0  w25qxx.o(i.SPI_Flash_ReadID)
    i.SPI_I2S_GetFlagStatus                  0x08002924   Section        0  stm32f10x_spi.o(i.SPI_I2S_GetFlagStatus)
    i.SPI_I2S_ReceiveData                    0x08002932   Section        0  stm32f10x_spi.o(i.SPI_I2S_ReceiveData)
    i.SPI_I2S_SendData                       0x08002936   Section        0  stm32f10x_spi.o(i.SPI_I2S_SendData)
    i.SPI_Init                               0x0800293a   Section        0  stm32f10x_spi.o(i.SPI_Init)
    i.SVC_Handler                            0x08002972   Section        0  stm32f10x_it.o(i.SVC_Handler)
    i.SetSysClock                            0x08002974   Section        0  system_stm32f10x.o(i.SetSysClock)
    SetSysClock                              0x08002975   Thumb Code     4  system_stm32f10x.o(i.SetSysClock)
    i.SetSysClockTo72                        0x08002978   Section        0  system_stm32f10x.o(i.SetSysClockTo72)
    SetSysClockTo72                          0x08002979   Thumb Code   166  system_stm32f10x.o(i.SetSysClockTo72)
    i.SetTime                                0x08002a28   Section        0  ds3231.o(i.SetTime)
    i.ShowAllGraphRAM                        0x08002a8c   Section        0  text.o(i.ShowAllGraphRAM)
    i.ShowMsgSimple                          0x08002a98   Section        0  text.o(i.ShowMsgSimple)
    i.Show_Font                              0x08002ab4   Section        0  text.o(i.Show_Font)
    i.Show_Str                               0x08002c54   Section        0  text.o(i.Show_Str)
    i.St7565_Port                            0x08002d00   Section        0  st7565.o(i.St7565_Port)
    i.St7565_WriteCmd                        0x08002d50   Section        0  st7565.o(i.St7565_WriteCmd)
    i.St7565_WriteDat                        0x08002dcc   Section        0  st7565.o(i.St7565_WriteDat)
    i.SysTick_CLKSourceConfig                0x08002e48   Section        0  misc.o(i.SysTick_CLKSourceConfig)
    i.SysTick_Handler                        0x08002e64   Section        0  stm32f10x_it.o(i.SysTick_Handler)
    i.SysTick_Initaize                       0x08002e68   Section        0  delay.o(i.SysTick_Initaize)
    i.SystemInit                             0x08002ea4   Section        0  system_stm32f10x.o(i.SystemInit)
    i.TIM3_IRQHandler                        0x08002ef4   Section        0  timer.o(i.TIM3_IRQHandler)
    i.TIM3_Int_Init                          0x08002f2c   Section        0  timer.o(i.TIM3_Int_Init)
    i.TIM_ClearITPendingBit                  0x08002f8c   Section        0  stm32f10x_tim.o(i.TIM_ClearITPendingBit)
    i.TIM_Cmd                                0x08002f92   Section        0  stm32f10x_tim.o(i.TIM_Cmd)
    i.TIM_GetITStatus                        0x08002faa   Section        0  stm32f10x_tim.o(i.TIM_GetITStatus)
    i.TIM_ITConfig                           0x08002fc2   Section        0  stm32f10x_tim.o(i.TIM_ITConfig)
    i.TIM_SetCounter                         0x08002fd6   Section        0  stm32f10x_tim.o(i.TIM_SetCounter)
    i.TIM_TimeBaseInit                       0x08002fdc   Section        0  stm32f10x_tim.o(i.TIM_TimeBaseInit)
    i.USART1_IRQHandler                      0x08003078   Section        0  usart.o(i.USART1_IRQHandler)
    i.USART_Cmd                              0x080030dc   Section        0  stm32f10x_usart.o(i.USART_Cmd)
    i.USART_GetITStatus                      0x080030f4   Section        0  stm32f10x_usart.o(i.USART_GetITStatus)
    i.USART_ITConfig                         0x08003134   Section        0  stm32f10x_usart.o(i.USART_ITConfig)
    i.USART_Init                             0x0800316c   Section        0  stm32f10x_usart.o(i.USART_Init)
    i.USART_ReceiveData                      0x08003228   Section        0  stm32f10x_usart.o(i.USART_ReceiveData)
    i.UsageFault_Handler                     0x08003230   Section        0  stm32f10x_it.o(i.UsageFault_Handler)
    i.__0printf$5                            0x08003234   Section        0  printf5.o(i.__0printf$5)
    i.__scatterload_copy                     0x08003254   Section       14  handlers.o(i.__scatterload_copy)
    i.__scatterload_null                     0x08003262   Section        2  handlers.o(i.__scatterload_null)
    i.__scatterload_zeroinit                 0x08003264   Section       14  handlers.o(i.__scatterload_zeroinit)
    i._printf_core                           0x08003274   Section        0  printf5.o(i._printf_core)
    _printf_core                             0x08003275   Thumb Code   658  printf5.o(i._printf_core)
    i.blltset                                0x08003534   Section        0  clock.o(i.blltset)
    i.bltimeset                              0x080035b8   Section        0  clock.o(i.bltimeset)
    i.crset                                  0x080036b0   Section        0  clock.o(i.crset)
    i.cw2015disp                             0x080037b4   Section        0  clock.o(i.cw2015disp)
    i.date_init                              0x08003990   Section        0  main.o(i.date_init)
    i.delay                                  0x08003be8   Section        0  st7565.o(i.delay)
    i.delay_init                             0x08003bfc   Section        0  delay.o(i.delay_init)
    i.delay_ms                               0x08003c38   Section        0  delay.o(i.delay_ms)
    i.delay_us                               0x08003c6c   Section        0  delay.o(i.delay_us)
    i.dht11disp                              0x08003ca0   Section        0  clock.o(i.dht11disp)
    i.dispmaohao                             0x08003d04   Section        0  clock.o(i.dispmaohao)
    i.disptime1                              0x08003d54   Section        0  clock.o(i.disptime1)
    i.err_set                                0x08004564   Section        0  main.o(i.err_set)
    i.font_init                              0x08004728   Section        0  fontupd.o(i.font_init)
    i.fputc                                  0x08004750   Section        0  usart.o(i.fputc)
    i.get_moon_day                           0x08004768   Section        0  nonglistm.o(i.get_moon_day)
    i.getdata                                0x08004860   Section        0  clock.o(i.getdata)
    i.ina226disp                             0x080048b8   Section        0  clock.o(i.ina226disp)
    i.lcd_address                            0x08004a90   Section        0  st7565.o(i.lcd_address)
    i.main                                   0x08004ac4   Section        0  main.o(i.main)
    i.main_return                            0x08004b54   Section        0  clock.o(i.main_return)
    i.main_ss                                0x08004b74   Section        0  clock.o(i.main_ss)
    i.menu11                                 0x08004bb0   Section        0  menu.o(i.menu11)
    i.menu20                                 0x08004bb4   Section        0  menu.o(i.menu20)
    i.menu21                                 0x08004cd0   Section        0  menu.o(i.menu21)
    i.menu211                                0x08004d88   Section        0  menu.o(i.menu211)
    i.menu212                                0x08004d9c   Section        0  menu.o(i.menu212)
    i.menu213                                0x08004d9e   Section        0  menu.o(i.menu213)
    i.menu214                                0x08004da0   Section        0  menu.o(i.menu214)
    i.menu215                                0x08004da2   Section        0  menu.o(i.menu215)
    i.menu216                                0x08004da4   Section        0  menu.o(i.menu216)
    i.menu22                                 0x08004da8   Section        0  menu.o(i.menu22)
    i.menu221                                0x08004f08   Section        0  menu.o(i.menu221)
    i.menu222                                0x08004f1c   Section        0  menu.o(i.menu222)
    i.menu223                                0x08004f30   Section        0  menu.o(i.menu223)
    i.menu224                                0x08004f44   Section        0  menu.o(i.menu224)
    i.menu225                                0x08004f58   Section        0  menu.o(i.menu225)
    i.menu226                                0x08004f5a   Section        0  menu.o(i.menu226)
    i.menu23                                 0x08004f5c   Section        0  menu.o(i.menu23)
    i.menu231                                0x080050bc   Section        0  menu.o(i.menu231)
    i.menu232                                0x080050be   Section        0  menu.o(i.menu232)
    i.menu233                                0x080050c0   Section        0  menu.o(i.menu233)
    i.menu234                                0x080050c2   Section        0  menu.o(i.menu234)
    i.menu235                                0x080050c4   Section        0  menu.o(i.menu235)
    i.menu236                                0x080050c6   Section        0  menu.o(i.menu236)
    i.menu24                                 0x080050c8   Section        0  menu.o(i.menu24)
    i.menu241                                0x08005228   Section        0  menu.o(i.menu241)
    i.menu242                                0x0800522a   Section        0  menu.o(i.menu242)
    i.menu243                                0x0800522c   Section        0  menu.o(i.menu243)
    i.menu244                                0x0800522e   Section        0  menu.o(i.menu244)
    i.menu245                                0x08005230   Section        0  menu.o(i.menu245)
    i.menu246                                0x08005232   Section        0  menu.o(i.menu246)
    i.menu25                                 0x08005234   Section        0  menu.o(i.menu25)
    i.menu251                                0x08005394   Section        0  menu.o(i.menu251)
    i.menu252                                0x08005396   Section        0  menu.o(i.menu252)
    i.menu253                                0x08005398   Section        0  menu.o(i.menu253)
    i.menu254                                0x0800539a   Section        0  menu.o(i.menu254)
    i.menu255                                0x0800539c   Section        0  menu.o(i.menu255)
    i.menu256                                0x0800539e   Section        0  menu.o(i.menu256)
    i.menu26                                 0x080053a0   Section        0  menu.o(i.menu26)
    i.menu261                                0x08005500   Section        0  menu.o(i.menu261)
    i.menu262                                0x08005514   Section        0  menu.o(i.menu262)
    i.menu263                                0x08005528   Section        0  menu.o(i.menu263)
    i.menu264                                0x0800552a   Section        0  menu.o(i.menu264)
    i.menu265                                0x0800552c   Section        0  menu.o(i.menu265)
    i.menu266                                0x0800552e   Section        0  menu.o(i.menu266)
    i.menu_time_lcm                          0x08005530   Section        0  clock.o(i.menu_time_lcm)
    i.menutimeset                            0x08005568   Section        0  clock.o(i.menutimeset)
    i.read_current                           0x08005660   Section        0  ds3231.o(i.read_current)
    i.read_random                            0x08005680   Section        0  ds3231.o(i.read_random)
    i.readdata                               0x080056ac   Section        0  ds3231.o(i.readdata)
    i.shijianset                             0x08005714   Section        0  clock.o(i.shijianset)
    i.uart_init                              0x08005ce8   Section        0  usart.o(i.uart_init)
    i.write_byte                             0x08005d88   Section        0  ds3231.o(i.write_byte)
    .constdata                               0x08005dc0   Section       24  ds3231.o(.constdata)
    .constdata                               0x08005dd8   Section     6080  text.o(.constdata)
    asc2_1206                                0x08005dd8   Data        1140  text.o(.constdata)
    asc2_1608                                0x0800624c   Data        1520  text.o(.constdata)
    asc2_2412                                0x0800683c   Data        3420  text.o(.constdata)
    .constdata                               0x08007598   Section     1008  clock.o(.constdata)
    HZ16X8                                   0x08007598   Data         240  clock.o(.constdata)
    HZ16X32                                  0x08007688   Data         768  clock.o(.constdata)
    .constdata                               0x08007988   Section      612  nonglistm.o(.constdata)
    day_code2                                0x08007988   Data           6  nonglistm.o(.constdata)
    year_code                                0x0800798e   Data         597  nonglistm.o(.constdata)
    day_code1                                0x08007be3   Data           9  nonglistm.o(.constdata)
    .data                                    0x20000000   Section        1  main.o(.data)
    .data                                    0x20000004   Section       20  system_stm32f10x.o(.data)
    .data                                    0x20000018   Section        4  delay.o(.data)
    fac_us                                   0x20000018   Data           1  delay.o(.data)
    fac_ms                                   0x2000001a   Data           2  delay.o(.data)
    .data                                    0x2000001c   Section        2  usart.o(.data)
    .data                                    0x20000020   Section        4  usart.o(.data)
    .data                                    0x20000024   Section       20  stm32f10x_rcc.o(.data)
    ADCPrescTable                            0x20000024   Data           4  stm32f10x_rcc.o(.data)
    APBAHBPrescTable                         0x20000028   Data          16  stm32f10x_rcc.o(.data)
    .data                                    0x20000038   Section        2  w25qxx.o(.data)
    .data                                    0x2000003a   Section        7  ds3231.o(.data)
    .data                                    0x20000042   Section        6  timer.o(.data)
    .data                                    0x20000048   Section        1  exti.o(.data)
    .data                                    0x20000049   Section        5  clock.o(.data)
    .data                                    0x20000050   Section      956  menu.o(.data)
    .data                                    0x2000040c   Section       16  nonglistm.o(.data)
    .bss                                     0x2000041c   Section     1000  usart.o(.bss)
    .bss                                     0x20000804   Section       18  spi.o(.bss)
    .bss                                     0x20000816   Section     1024  text.o(.bss)
    .bss                                     0x20000c16   Section       33  fontupd.o(.bss)
    STACK                                    0x20000c38   Section     1024  startup_stm32f10x_hd.o(STACK)

    Global Symbols

    Symbol Name                              Value     Ov Type        Size  Object(Section)

    BuildAttributes$$THM_ISAv4$P$D$K$B$S$PE$A:L22UL41UL21$X:L11$S22US41US21$IEEE1$IW$USESV6$~STKCKD$USESV7$~SHL$OTIME$ROPI$IEEEX$EBA8$MICROLIB$REQ8$PRES8$EABIv2 0x00000000   Number         0  anon$$obj.o ABSOLUTE
    __ARM_use_no_argv                        0x00000000   Number         0  main.o ABSOLUTE
    __use_no_errno                           0x00000000   Number         0  useno.o ABSOLUTE
    __use_no_exception_handling              0x00000000   Number         0  useno.o ABSOLUTE
    __use_no_fp                              0x00000000   Number         0  useno.o ABSOLUTE
    __use_no_heap                            0x00000000   Number         0  useno.o ABSOLUTE
    __use_no_heap_region                     0x00000000   Number         0  useno.o ABSOLUTE
    __use_no_semihosting                     0x00000000   Number         0  useno.o ABSOLUTE
    __use_no_semihosting_swi                 0x00000000   Number         0  useno.o ABSOLUTE
    __use_no_signal_handling                 0x00000000   Number         0  useno.o ABSOLUTE
    _printf_a                                0x00000000   Number         0  stubs.o ABSOLUTE
    _printf_c                                0x00000000   Number         0  stubs.o ABSOLUTE
    _printf_charcount                        0x00000000   Number         0  stubs.o ABSOLUTE
    _printf_d                                0x00000000   Number         0  stubs.o ABSOLUTE
    _printf_e                                0x00000000   Number         0  stubs.o ABSOLUTE
    _printf_f                                0x00000000   Number         0  stubs.o ABSOLUTE
    _printf_flags                            0x00000000   Number         0  stubs.o ABSOLUTE
    _printf_fp_dec                           0x00000000   Number         0  stubs.o ABSOLUTE
    _printf_fp_hex                           0x00000000   Number         0  stubs.o ABSOLUTE
    _printf_g                                0x00000000   Number         0  stubs.o ABSOLUTE
    _printf_i                                0x00000000   Number         0  stubs.o ABSOLUTE
    _printf_int_dec                          0x00000000   Number         0  stubs.o ABSOLUTE
    _printf_l                                0x00000000   Number         0  stubs.o ABSOLUTE
    _printf_lc                               0x00000000   Number         0  stubs.o ABSOLUTE
    _printf_ll                               0x00000000   Number         0  stubs.o ABSOLUTE
    _printf_lld                              0x00000000   Number         0  stubs.o ABSOLUTE
    _printf_lli                              0x00000000   Number         0  stubs.o ABSOLUTE
    _printf_llo                              0x00000000   Number         0  stubs.o ABSOLUTE
    _printf_llu                              0x00000000   Number         0  stubs.o ABSOLUTE
    _printf_llx                              0x00000000   Number         0  stubs.o ABSOLUTE
    _printf_longlong_dec                     0x00000000   Number         0  stubs.o ABSOLUTE
    _printf_longlong_hex                     0x00000000   Number         0  stubs.o ABSOLUTE
    _printf_longlong_oct                     0x00000000   Number         0  stubs.o ABSOLUTE
    _printf_ls                               0x00000000   Number         0  stubs.o ABSOLUTE
    _printf_mbtowc                           0x00000000   Number         0  stubs.o ABSOLUTE
    _printf_n                                0x00000000   Number         0  stubs.o ABSOLUTE
    _printf_o                                0x00000000   Number         0  stubs.o ABSOLUTE
    _printf_p                                0x00000000   Number         0  stubs.o ABSOLUTE
    _printf_percent                          0x00000000   Number         0  stubs.o ABSOLUTE
    _printf_pre_padding                      0x00000000   Number         0  stubs.o ABSOLUTE
    _printf_return_value                     0x00000000   Number         0  stubs.o ABSOLUTE
    _printf_s                                0x00000000   Number         0  stubs.o ABSOLUTE
    _printf_sizespec                         0x00000000   Number         0  stubs.o ABSOLUTE
    _printf_str                              0x00000000   Number         0  stubs.o ABSOLUTE
    _printf_truncate_signed                  0x00000000   Number         0  stubs.o ABSOLUTE
    _printf_truncate_unsigned                0x00000000   Number         0  stubs.o ABSOLUTE
    _printf_u                                0x00000000   Number         0  stubs.o ABSOLUTE
    _printf_wc                               0x00000000   Number         0  stubs.o ABSOLUTE
    _printf_wctomb                           0x00000000   Number         0  stubs.o ABSOLUTE
    _printf_widthprec                        0x00000000   Number         0  stubs.o ABSOLUTE
    _printf_x                                0x00000000   Number         0  stubs.o ABSOLUTE
    __cpp_initialize__aeabi_                  - Undefined Weak Reference
    __cxa_finalize                            - Undefined Weak Reference
    _clock_init                               - Undefined Weak Reference
    _microlib_exit                            - Undefined Weak Reference
    __Vectors_Size                           0x00000130   Number         0  startup_stm32f10x_hd.o ABSOLUTE
    __Vectors                                0x08000000   Data           4  startup_stm32f10x_hd.o(RESET)
    __Vectors_End                            0x08000130   Data           0  startup_stm32f10x_hd.o(RESET)
    __main                                   0x08000131   Thumb Code     0  entry.o(.ARM.Collect$$$$00000000)
    _main_stk                                0x08000131   Thumb Code     0  entry2.o(.ARM.Collect$$$$00000001)
    _main_scatterload                        0x08000135   Thumb Code     0  entry5.o(.ARM.Collect$$$$00000004)
    __main_after_scatterload                 0x08000139   Thumb Code     0  entry5.o(.ARM.Collect$$$$00000004)
    _main_clock                              0x08000139   Thumb Code     0  entry7b.o(.ARM.Collect$$$$00000008)
    _main_cpp_init                           0x08000139   Thumb Code     0  entry8b.o(.ARM.Collect$$$$0000000A)
    _main_init                               0x08000139   Thumb Code     0  entry9a.o(.ARM.Collect$$$$0000000B)
    __rt_final_cpp                           0x08000141   Thumb Code     0  entry10a.o(.ARM.Collect$$$$0000000D)
    __rt_final_exit                          0x08000141   Thumb Code     0  entry11a.o(.ARM.Collect$$$$0000000F)
    Reset_Handler                            0x08000145   Thumb Code     8  startup_stm32f10x_hd.o(.text)
    ADC1_2_IRQHandler                        0x0800015f   Thumb Code     0  startup_stm32f10x_hd.o(.text)
    ADC3_IRQHandler                          0x0800015f   Thumb Code     0  startup_stm32f10x_hd.o(.text)
    CAN1_RX1_IRQHandler                      0x0800015f   Thumb Code     0  startup_stm32f10x_hd.o(.text)
    CAN1_SCE_IRQHandler                      0x0800015f   Thumb Code     0  startup_stm32f10x_hd.o(.text)
    DMA1_Channel1_IRQHandler                 0x0800015f   Thumb Code     0  startup_stm32f10x_hd.o(.text)
    DMA1_Channel2_IRQHandler                 0x0800015f   Thumb Code     0  startup_stm32f10x_hd.o(.text)
    DMA1_Channel3_IRQHandler                 0x0800015f   Thumb Code     0  startup_stm32f10x_hd.o(.text)
    DMA1_Channel4_IRQHandler                 0x0800015f   Thumb Code     0  startup_stm32f10x_hd.o(.text)
    DMA1_Channel5_IRQHandler                 0x0800015f   Thumb Code     0  startup_stm32f10x_hd.o(.text)
    DMA1_Channel6_IRQHandler                 0x0800015f   Thumb Code     0  startup_stm32f10x_hd.o(.text)
    DMA1_Channel7_IRQHandler                 0x0800015f   Thumb Code     0  startup_stm32f10x_hd.o(.text)
    DMA2_Channel1_IRQHandler                 0x0800015f   Thumb Code     0  startup_stm32f10x_hd.o(.text)
    DMA2_Channel2_IRQHandler                 0x0800015f   Thumb Code     0  startup_stm32f10x_hd.o(.text)
    DMA2_Channel3_IRQHandler                 0x0800015f   Thumb Code     0  startup_stm32f10x_hd.o(.text)
    DMA2_Channel4_5_IRQHandler               0x0800015f   Thumb Code     0  startup_stm32f10x_hd.o(.text)
    EXTI0_IRQHandler                         0x0800015f   Thumb Code     0  startup_stm32f10x_hd.o(.text)
    EXTI1_IRQHandler                         0x0800015f   Thumb Code     0  startup_stm32f10x_hd.o(.text)
    EXTI2_IRQHandler                         0x0800015f   Thumb Code     0  startup_stm32f10x_hd.o(.text)
    FLASH_IRQHandler                         0x0800015f   Thumb Code     0  startup_stm32f10x_hd.o(.text)
    FSMC_IRQHandler                          0x0800015f   Thumb Code     0  startup_stm32f10x_hd.o(.text)
    I2C1_ER_IRQHandler                       0x0800015f   Thumb Code     0  startup_stm32f10x_hd.o(.text)
    I2C1_EV_IRQHandler                       0x0800015f   Thumb Code     0  startup_stm32f10x_hd.o(.text)
    I2C2_ER_IRQHandler                       0x0800015f   Thumb Code     0  startup_stm32f10x_hd.o(.text)
    I2C2_EV_IRQHandler                       0x0800015f   Thumb Code     0  startup_stm32f10x_hd.o(.text)
    PVD_IRQHandler                           0x0800015f   Thumb Code     0  startup_stm32f10x_hd.o(.text)
    RCC_IRQHandler                           0x0800015f   Thumb Code     0  startup_stm32f10x_hd.o(.text)
    RTCAlarm_IRQHandler                      0x0800015f   Thumb Code     0  startup_stm32f10x_hd.o(.text)
    RTC_IRQHandler                           0x0800015f   Thumb Code     0  startup_stm32f10x_hd.o(.text)
    SDIO_IRQHandler                          0x0800015f   Thumb Code     0  startup_stm32f10x_hd.o(.text)
    SPI1_IRQHandler                          0x0800015f   Thumb Code     0  startup_stm32f10x_hd.o(.text)
    SPI2_IRQHandler                          0x0800015f   Thumb Code     0  startup_stm32f10x_hd.o(.text)
    SPI3_IRQHandler                          0x0800015f   Thumb Code     0  startup_stm32f10x_hd.o(.text)
    TAMPER_IRQHandler                        0x0800015f   Thumb Code     0  startup_stm32f10x_hd.o(.text)
    TIM1_BRK_IRQHandler                      0x0800015f   Thumb Code     0  startup_stm32f10x_hd.o(.text)
    TIM1_CC_IRQHandler                       0x0800015f   Thumb Code     0  startup_stm32f10x_hd.o(.text)
    TIM1_TRG_COM_IRQHandler                  0x0800015f   Thumb Code     0  startup_stm32f10x_hd.o(.text)
    TIM1_UP_IRQHandler                       0x0800015f   Thumb Code     0  startup_stm32f10x_hd.o(.text)
    TIM2_IRQHandler                          0x0800015f   Thumb Code     0  startup_stm32f10x_hd.o(.text)
    TIM4_IRQHandler                          0x0800015f   Thumb Code     0  startup_stm32f10x_hd.o(.text)
    TIM5_IRQHandler                          0x0800015f   Thumb Code     0  startup_stm32f10x_hd.o(.text)
    TIM6_IRQHandler                          0x0800015f   Thumb Code     0  startup_stm32f10x_hd.o(.text)
    TIM7_IRQHandler                          0x0800015f   Thumb Code     0  startup_stm32f10x_hd.o(.text)
    TIM8_BRK_IRQHandler                      0x0800015f   Thumb Code     0  startup_stm32f10x_hd.o(.text)
    TIM8_CC_IRQHandler                       0x0800015f   Thumb Code     0  startup_stm32f10x_hd.o(.text)
    TIM8_TRG_COM_IRQHandler                  0x0800015f   Thumb Code     0  startup_stm32f10x_hd.o(.text)
    TIM8_UP_IRQHandler                       0x0800015f   Thumb Code     0  startup_stm32f10x_hd.o(.text)
    UART4_IRQHandler                         0x0800015f   Thumb Code     0  startup_stm32f10x_hd.o(.text)
    UART5_IRQHandler                         0x0800015f   Thumb Code     0  startup_stm32f10x_hd.o(.text)
    USART2_IRQHandler                        0x0800015f   Thumb Code     0  startup_stm32f10x_hd.o(.text)
    USART3_IRQHandler                        0x0800015f   Thumb Code     0  startup_stm32f10x_hd.o(.text)
    USBWakeUp_IRQHandler                     0x0800015f   Thumb Code     0  startup_stm32f10x_hd.o(.text)
    USB_HP_CAN1_TX_IRQHandler                0x0800015f   Thumb Code     0  startup_stm32f10x_hd.o(.text)
    USB_LP_CAN1_RX0_IRQHandler               0x0800015f   Thumb Code     0  startup_stm32f10x_hd.o(.text)
    WWDG_IRQHandler                          0x0800015f   Thumb Code     0  startup_stm32f10x_hd.o(.text)
    abs                                      0x08000169   Thumb Code     8  siabs.o(.text)
    __aeabi_memcpy                           0x08000171   Thumb Code    36  memcpya.o(.text)
    __aeabi_memcpy4                          0x08000171   Thumb Code     0  memcpya.o(.text)
    __aeabi_memcpy8                          0x08000171   Thumb Code     0  memcpya.o(.text)
    __aeabi_dmul                             0x08000195   Thumb Code   228  dmul.o(.text)
    __aeabi_i2d                              0x08000279   Thumb Code    34  dflti.o(.text)
    __aeabi_ui2d                             0x0800029b   Thumb Code    26  dfltui.o(.text)
    __aeabi_d2iz                             0x080002b5   Thumb Code    62  dfixi.o(.text)
    __aeabi_d2uiz                            0x080002f3   Thumb Code    50  dfixui.o(.text)
    __aeabi_uldivmod                         0x08000325   Thumb Code    98  uldiv.o(.text)
    __aeabi_llsl                             0x08000387   Thumb Code    30  llshl.o(.text)
    _ll_shift_l                              0x08000387   Thumb Code     0  llshl.o(.text)
    __aeabi_llsr                             0x080003a5   Thumb Code    32  llushr.o(.text)
    _ll_ushift_r                             0x080003a5   Thumb Code     0  llushr.o(.text)
    __I$use$fp                               0x080003c5   Thumb Code     0  iusefp.o(.text)
    _double_round                            0x080003c5   Thumb Code    30  depilogue.o(.text)
    _double_epilogue                         0x080003e3   Thumb Code   156  depilogue.o(.text)
    __scatterload                            0x08000481   Thumb Code    28  init.o(.text)
    __scatterload_rt2                        0x08000481   Thumb Code     0  init.o(.text)
    __decompress                             0x080004a5   Thumb Code     0  __dczerorl2.o(.text)
    __decompress1                            0x080004a5   Thumb Code    86  __dczerorl2.o(.text)
    AT24CXX_Check                            0x080004fb   Thumb Code    42  24c02.o(i.AT24CXX_Check)
    AT24CXX_Init                             0x08000525   Thumb Code    32  24c02.o(i.AT24CXX_Init)
    AT24CXX_ReadOneByte                      0x0800056d   Thumb Code    66  24c02.o(i.AT24CXX_ReadOneByte)
    AT24CXX_WriteOneByte                     0x080005af   Thumb Code    62  24c02.o(i.AT24CXX_WriteOneByte)
    BCD2HEX                                  0x080005ed   Thumb Code    22  ds3231.o(i.BCD2HEX)
    BusFault_Handler                         0x08000603   Thumb Code     2  stm32f10x_it.o(i.BusFault_Handler)
    CW2015_ID                                0x08000605   Thumb Code     6  cw2015.o(i.CW2015_ID)
    CW2015_Init                              0x0800060b   Thumb Code    46  cw2015.o(i.CW2015_Init)
    CW2015_ReadOneByte                       0x08000639   Thumb Code    58  cw2015.o(i.CW2015_ReadOneByte)
    CW2015_Soc                               0x08000673   Thumb Code    32  cw2015.o(i.CW2015_Soc)
    CW2015_Time                              0x08000693   Thumb Code    24  cw2015.o(i.CW2015_Time)
    CW2015_Vcell                             0x080006ad   Thumb Code    40  cw2015.o(i.CW2015_Vcell)
    CW2015_WriteOneByte                      0x080006dd   Thumb Code    68  cw2015.o(i.CW2015_WriteOneByte)
    CleanPoint                               0x08000721   Thumb Code    34  text.o(i.CleanPoint)
    CleanScreen                              0x08000749   Thumb Code    22  text.o(i.CleanScreen)
    ClearDisplay                             0x08000765   Thumb Code    52  st7565.o(i.ClearDisplay)
    Conversion                               0x08000799   Thumb Code   492  nonglistm.o(i.Conversion)
    DHT11_Check                              0x08000991   Thumb Code    92  dht11.o(i.DHT11_Check)
    DHT11_Init                               0x08000a01   Thumb Code    58  dht11.o(i.DHT11_Init)
    DHT11_Read_Bit                           0x08000a41   Thumb Code    72  dht11.o(i.DHT11_Read_Bit)
    DHT11_Read_Byte                          0x08000a8d   Thumb Code    26  dht11.o(i.DHT11_Read_Byte)
    DHT11_Read_Data                          0x08000aa7   Thumb Code    80  dht11.o(i.DHT11_Read_Data)
    DHT11_Rst                                0x08000af9   Thumb Code    46  dht11.o(i.DHT11_Rst)
    DebugMon_Handler                         0x08000b31   Thumb Code     2  stm32f10x_it.o(i.DebugMon_Handler)
    DrawLine                                 0x08000b33   Thumb Code   240  text.o(i.DrawLine)
    DrawPoint                                0x08000c25   Thumb Code    34  text.o(i.DrawPoint)
    DrawRectangle                            0x08000c4d   Thumb Code   220  text.o(i.DrawRectangle)
    EXTI15_10_IRQHandler                     0x08000d29   Thumb Code    32  exti.o(i.EXTI15_10_IRQHandler)
    EXTI3_IRQHandler                         0x08000d51   Thumb Code    28  exti.o(i.EXTI3_IRQHandler)
    EXTI4_IRQHandler                         0x08000d75   Thumb Code    28  exti.o(i.EXTI4_IRQHandler)
    EXTI9_5_IRQHandler                       0x08000d99   Thumb Code    28  exti.o(i.EXTI9_5_IRQHandler)
    EXTIX_Init                               0x08000dbd   Thumb Code   240  exti.o(i.EXTIX_Init)
    EXTI_ClearITPendingBit                   0x08000ead   Thumb Code     6  stm32f10x_exti.o(i.EXTI_ClearITPendingBit)
    EXTI_Init                                0x08000eb9   Thumb Code   110  stm32f10x_exti.o(i.EXTI_Init)
    GPIO_EXTILineConfig                      0x08000f2d   Thumb Code    34  stm32f10x_gpio.o(i.GPIO_EXTILineConfig)
    GPIO_Init                                0x08000f55   Thumb Code   166  stm32f10x_gpio.o(i.GPIO_Init)
    GPIO_PinRemapConfig                      0x08000ffd   Thumb Code    86  stm32f10x_gpio.o(i.GPIO_PinRemapConfig)
    GPIO_ReadInputDataBit                    0x08001059   Thumb Code    14  stm32f10x_gpio.o(i.GPIO_ReadInputDataBit)
    GPIO_ResetBits                           0x08001067   Thumb Code     4  stm32f10x_gpio.o(i.GPIO_ResetBits)
    GPIO_SetBits                             0x0800106b   Thumb Code     4  stm32f10x_gpio.o(i.GPIO_SetBits)
    Get_HzMat                                0x08001071   Thumb Code   758  text.o(i.Get_HzMat)
    HEX2BCD                                  0x08001375   Thumb Code    22  ds3231.o(i.HEX2BCD)
    HardFault_Handler                        0x0800138b   Thumb Code     2  stm32f10x_it.o(i.HardFault_Handler)
    IIC_Ack                                  0x0800138d   Thumb Code    48  myiic.o(i.IIC_Ack)
    IIC_Init                                 0x080013c5   Thumb Code    50  myiic.o(i.IIC_Init)
    IIC_NAck                                 0x080013fd   Thumb Code    48  myiic.o(i.IIC_NAck)
    IIC_Read_Byte                            0x08001435   Thumb Code   100  myiic.o(i.IIC_Read_Byte)
    IIC_Send_Byte                            0x080014a1   Thumb Code    94  myiic.o(i.IIC_Send_Byte)
    IIC_Start                                0x08001509   Thumb Code    48  myiic.o(i.IIC_Start)
    IIC_Stop                                 0x08001541   Thumb Code    50  myiic.o(i.IIC_Stop)
    IIC_Wait_Ack                             0x0800157d   Thumb Code    78  myiic.o(i.IIC_Wait_Ack)
    INA226_GetCurrent                        0x080015d5   Thumb Code    32  ina226.o(i.INA226_GetCurrent)
    INA226_GetVoltage                        0x08001601   Thumb Code    38  ina226.o(i.INA226_GetVoltage)
    INA226_Init                              0x08001627   Thumb Code    30  ina226.o(i.INA226_Init)
    INA226_ReadData                          0x08001645   Thumb Code    52  ina226.o(i.INA226_ReadData)
    INA226_SendData                          0x08001679   Thumb Code    60  ina226.o(i.INA226_SendData)
    INA226_SetRegPointer                     0x080016b5   Thumb Code    38  ina226.o(i.INA226_SetRegPointer)
    Init_St7565                              0x080016dd   Thumb Code   168  st7565.o(i.Init_St7565)
    KEY_Init                                 0x08001799   Thumb Code   122  key.o(i.KEY_Init)
    LCD_Pow                                  0x08001821   Thumb Code    16  text.o(i.LCD_Pow)
    LCD_ShowChar                             0x08001831   Thumb Code   408  text.o(i.LCD_ShowChar)
    LCD_ShowNum                              0x080019d5   Thumb Code   122  text.o(i.LCD_ShowNum)
    LCD_Show_Full_Screen_Pic                 0x08001a4f   Thumb Code    38  st7565.o(i.LCD_Show_Full_Screen_Pic)
    LCD_zimu                                 0x08001a75   Thumb Code  2324  text.o(i.LCD_zimu)
    LED_Init                                 0x08002389   Thumb Code    50  led.o(i.LED_Init)
    MemManage_Handler                        0x080023c1   Thumb Code     2  stm32f10x_it.o(i.MemManage_Handler)
    Menu_key_set                             0x080023c5   Thumb Code   188  menu.o(i.Menu_key_set)
    MsgBoxSimple                             0x080024b9   Thumb Code   106  text.o(i.MsgBoxSimple)
    NMI_Handler                              0x08002523   Thumb Code     2  stm32f10x_it.o(i.NMI_Handler)
    NVIC_Init                                0x08002525   Thumb Code    96  misc.o(i.NVIC_Init)
    NVIC_PriorityGroupConfig                 0x08002589   Thumb Code    10  misc.o(i.NVIC_PriorityGroupConfig)
    PGday                                    0x0800259d   Thumb Code   152  ds3231.o(i.PGday)
    PendSV_Handler                           0x0800263d   Thumb Code     2  stm32f10x_it.o(i.PendSV_Handler)
    RCC_APB1PeriphClockCmd                   0x08002641   Thumb Code    22  stm32f10x_rcc.o(i.RCC_APB1PeriphClockCmd)
    RCC_APB2PeriphClockCmd                   0x0800265d   Thumb Code    22  stm32f10x_rcc.o(i.RCC_APB2PeriphClockCmd)
    RCC_GetClocksFreq                        0x08002679   Thumb Code   154  stm32f10x_rcc.o(i.RCC_GetClocksFreq)
    SPI1_Init                                0x08002725   Thumb Code   110  spi.o(i.SPI1_Init)
    SPI1_ReadWriteByte                       0x080027a1   Thumb Code    82  spi.o(i.SPI1_ReadWriteByte)
    SPI1_SetSpeed                            0x080027f9   Thumb Code    26  spi.o(i.SPI1_SetSpeed)
    SPI_Cmd                                  0x08002819   Thumb Code    24  stm32f10x_spi.o(i.SPI_Cmd)
    SPI_Flash_Init                           0x08002831   Thumb Code    66  w25qxx.o(i.SPI_Flash_Init)
    SPI_Flash_Read                           0x0800287d   Thumb Code    76  w25qxx.o(i.SPI_Flash_Read)
    SPI_Flash_ReadID                         0x080028cd   Thumb Code    68  w25qxx.o(i.SPI_Flash_ReadID)
    SPI_I2S_GetFlagStatus                    0x08002925   Thumb Code    14  stm32f10x_spi.o(i.SPI_I2S_GetFlagStatus)
    SPI_I2S_ReceiveData                      0x08002933   Thumb Code     4  stm32f10x_spi.o(i.SPI_I2S_ReceiveData)
    SPI_I2S_SendData                         0x08002937   Thumb Code     4  stm32f10x_spi.o(i.SPI_I2S_SendData)
    SPI_Init                                 0x0800293b   Thumb Code    56  stm32f10x_spi.o(i.SPI_Init)
    SVC_Handler                              0x08002973   Thumb Code     2  stm32f10x_it.o(i.SVC_Handler)
    SetTime                                  0x08002a29   Thumb Code   100  ds3231.o(i.SetTime)
    ShowAllGraphRAM                          0x08002a8d   Thumb Code     6  text.o(i.ShowAllGraphRAM)
    ShowMsgSimple                            0x08002a99   Thumb Code    28  text.o(i.ShowMsgSimple)
    Show_Font                                0x08002ab5   Thumb Code   416  text.o(i.Show_Font)
    Show_Str                                 0x08002c55   Thumb Code   172  text.o(i.Show_Str)
    St7565_Port                              0x08002d01   Thumb Code    72  st7565.o(i.St7565_Port)
    St7565_WriteCmd                          0x08002d51   Thumb Code   114  st7565.o(i.St7565_WriteCmd)
    St7565_WriteDat                          0x08002dcd   Thumb Code   114  st7565.o(i.St7565_WriteDat)
    SysTick_CLKSourceConfig                  0x08002e49   Thumb Code    28  misc.o(i.SysTick_CLKSourceConfig)
    SysTick_Handler                          0x08002e65   Thumb Code     2  stm32f10x_it.o(i.SysTick_Handler)
    SysTick_Initaize                         0x08002e69   Thumb Code    48  delay.o(i.SysTick_Initaize)
    SystemInit                               0x08002ea5   Thumb Code    64  system_stm32f10x.o(i.SystemInit)
    TIM3_IRQHandler                          0x08002ef5   Thumb Code    46  timer.o(i.TIM3_IRQHandler)
    TIM3_Int_Init                            0x08002f2d   Thumb Code    90  timer.o(i.TIM3_Int_Init)
    TIM_ClearITPendingBit                    0x08002f8d   Thumb Code     6  stm32f10x_tim.o(i.TIM_ClearITPendingBit)
    TIM_Cmd                                  0x08002f93   Thumb Code    24  stm32f10x_tim.o(i.TIM_Cmd)
    TIM_GetITStatus                          0x08002fab   Thumb Code    24  stm32f10x_tim.o(i.TIM_GetITStatus)
    TIM_ITConfig                             0x08002fc3   Thumb Code    20  stm32f10x_tim.o(i.TIM_ITConfig)
    TIM_SetCounter                           0x08002fd7   Thumb Code     4  stm32f10x_tim.o(i.TIM_SetCounter)
    TIM_TimeBaseInit                         0x08002fdd   Thumb Code   114  stm32f10x_tim.o(i.TIM_TimeBaseInit)
    USART1_IRQHandler                        0x08003079   Thumb Code    82  usart.o(i.USART1_IRQHandler)
    USART_Cmd                                0x080030dd   Thumb Code    24  stm32f10x_usart.o(i.USART_Cmd)
    USART_GetITStatus                        0x080030f5   Thumb Code    64  stm32f10x_usart.o(i.USART_GetITStatus)
    USART_ITConfig                           0x08003135   Thumb Code    54  stm32f10x_usart.o(i.USART_ITConfig)
    USART_Init                               0x0800316d   Thumb Code   182  stm32f10x_usart.o(i.USART_Init)
    USART_ReceiveData                        0x08003229   Thumb Code     8  stm32f10x_usart.o(i.USART_ReceiveData)
    UsageFault_Handler                       0x08003231   Thumb Code     2  stm32f10x_it.o(i.UsageFault_Handler)
    __0printf$5                              0x08003235   Thumb Code    22  printf5.o(i.__0printf$5)
    __1printf$5                              0x08003235   Thumb Code     0  printf5.o(i.__0printf$5)
    __2printf                                0x08003235   Thumb Code     0  printf5.o(i.__0printf$5)
    __scatterload_copy                       0x08003255   Thumb Code    14  handlers.o(i.__scatterload_copy)
    __scatterload_null                       0x08003263   Thumb Code     2  handlers.o(i.__scatterload_null)
    __scatterload_zeroinit                   0x08003265   Thumb Code    14  handlers.o(i.__scatterload_zeroinit)
    blltset                                  0x08003535   Thumb Code   106  clock.o(i.blltset)
    bltimeset                                0x080035b9   Thumb Code   204  clock.o(i.bltimeset)
    crset                                    0x080036b1   Thumb Code   216  clock.o(i.crset)
    cw2015disp                               0x080037b5   Thumb Code   364  clock.o(i.cw2015disp)
    date_init                                0x08003991   Thumb Code   462  main.o(i.date_init)
    delay                                    0x08003be9   Thumb Code    20  st7565.o(i.delay)
    delay_init                               0x08003bfd   Thumb Code    46  delay.o(i.delay_init)
    delay_ms                                 0x08003c39   Thumb Code    46  delay.o(i.delay_ms)
    delay_us                                 0x08003c6d   Thumb Code    46  delay.o(i.delay_us)
    dht11disp                                0x08003ca1   Thumb Code    86  clock.o(i.dht11disp)
    dispmaohao                               0x08003d05   Thumb Code    72  clock.o(i.dispmaohao)
    disptime1                                0x08003d55   Thumb Code  1858  clock.o(i.disptime1)
    err_set                                  0x08004565   Thumb Code   282  main.o(i.err_set)
    font_init                                0x08004729   Thumb Code    32  fontupd.o(i.font_init)
    fputc                                    0x08004751   Thumb Code    18  usart.o(i.fputc)
    get_moon_day                             0x08004769   Thumb Code   242  nonglistm.o(i.get_moon_day)
    getdata                                  0x08004861   Thumb Code    54  clock.o(i.getdata)
    ina226disp                               0x080048b9   Thumb Code   386  clock.o(i.ina226disp)
    lcd_address                              0x08004a91   Thumb Code    48  st7565.o(i.lcd_address)
    main                                     0x08004ac5   Thumb Code   108  main.o(i.main)
    main_return                              0x08004b55   Thumb Code    28  clock.o(i.main_return)
    main_ss                                  0x08004b75   Thumb Code    56  clock.o(i.main_ss)
    menu11                                   0x08004bb1   Thumb Code     4  menu.o(i.menu11)
    menu20                                   0x08004bb5   Thumb Code   218  menu.o(i.menu20)
    menu21                                   0x08004cd1   Thumb Code   132  menu.o(i.menu21)
    menu211                                  0x08004d89   Thumb Code    14  menu.o(i.menu211)
    menu212                                  0x08004d9d   Thumb Code     2  menu.o(i.menu212)
    menu213                                  0x08004d9f   Thumb Code     2  menu.o(i.menu213)
    menu214                                  0x08004da1   Thumb Code     2  menu.o(i.menu214)
    menu215                                  0x08004da3   Thumb Code     2  menu.o(i.menu215)
    menu216                                  0x08004da5   Thumb Code     2  menu.o(i.menu216)
    menu22                                   0x08004da9   Thumb Code   268  menu.o(i.menu22)
    menu221                                  0x08004f09   Thumb Code    14  menu.o(i.menu221)
    menu222                                  0x08004f1d   Thumb Code    14  menu.o(i.menu222)
    menu223                                  0x08004f31   Thumb Code    14  menu.o(i.menu223)
    menu224                                  0x08004f45   Thumb Code    14  menu.o(i.menu224)
    menu225                                  0x08004f59   Thumb Code     2  menu.o(i.menu225)
    menu226                                  0x08004f5b   Thumb Code     2  menu.o(i.menu226)
    menu23                                   0x08004f5d   Thumb Code   268  menu.o(i.menu23)
    menu231                                  0x080050bd   Thumb Code     2  menu.o(i.menu231)
    menu232                                  0x080050bf   Thumb Code     2  menu.o(i.menu232)
    menu233                                  0x080050c1   Thumb Code     2  menu.o(i.menu233)
    menu234                                  0x080050c3   Thumb Code     2  menu.o(i.menu234)
    menu235                                  0x080050c5   Thumb Code     2  menu.o(i.menu235)
    menu236                                  0x080050c7   Thumb Code     2  menu.o(i.menu236)
    menu24                                   0x080050c9   Thumb Code   268  menu.o(i.menu24)
    menu241                                  0x08005229   Thumb Code     2  menu.o(i.menu241)
    menu242                                  0x0800522b   Thumb Code     2  menu.o(i.menu242)
    menu243                                  0x0800522d   Thumb Code     2  menu.o(i.menu243)
    menu244                                  0x0800522f   Thumb Code     2  menu.o(i.menu244)
    menu245                                  0x08005231   Thumb Code     2  menu.o(i.menu245)
    menu246                                  0x08005233   Thumb Code     2  menu.o(i.menu246)
    menu25                                   0x08005235   Thumb Code   268  menu.o(i.menu25)
    menu251                                  0x08005395   Thumb Code     2  menu.o(i.menu251)
    menu252                                  0x08005397   Thumb Code     2  menu.o(i.menu252)
    menu253                                  0x08005399   Thumb Code     2  menu.o(i.menu253)
    menu254                                  0x0800539b   Thumb Code     2  menu.o(i.menu254)
    menu255                                  0x0800539d   Thumb Code     2  menu.o(i.menu255)
    menu256                                  0x0800539f   Thumb Code     2  menu.o(i.menu256)
    menu26                                   0x080053a1   Thumb Code   268  menu.o(i.menu26)
    menu261                                  0x08005501   Thumb Code    14  menu.o(i.menu261)
    menu262                                  0x08005515   Thumb Code    14  menu.o(i.menu262)
    menu263                                  0x08005529   Thumb Code     2  menu.o(i.menu263)
    menu264                                  0x0800552b   Thumb Code     2  menu.o(i.menu264)
    menu265                                  0x0800552d   Thumb Code     2  menu.o(i.menu265)
    menu266                                  0x0800552f   Thumb Code     2  menu.o(i.menu266)
    menu_time_lcm                            0x08005531   Thumb Code    52  clock.o(i.menu_time_lcm)
    menutimeset                              0x08005569   Thumb Code   204  clock.o(i.menutimeset)
    read_current                             0x08005661   Thumb Code    32  ds3231.o(i.read_current)
    read_random                              0x08005681   Thumb Code    42  ds3231.o(i.read_random)
    readdata                                 0x080056ad   Thumb Code   100  ds3231.o(i.readdata)
    shijianset                               0x08005715   Thumb Code  1410  clock.o(i.shijianset)
    uart_init                                0x08005ce9   Thumb Code   152  usart.o(i.uart_init)
    write_byte                               0x08005d89   Thumb Code    54  ds3231.o(i.write_byte)
    Region$$Table$$Base                      0x08007bec   Number         0  anon$$obj.o(Region$$Table)
    Region$$Table$$Limit                     0x08007c0c   Number         0  anon$$obj.o(Region$$Table)
    rst                                      0x20000000   Data           1  main.o(.data)
    SystemCoreClock                          0x20000004   Data           4  system_stm32f10x.o(.data)
    AHBPrescTable                            0x20000008   Data          16  system_stm32f10x.o(.data)
    USART_RX_STA                             0x2000001c   Data           2  usart.o(.data)
    __stdout                                 0x20000020   Data           4  usart.o(.data)
    SPI_FLASH_TYPE                           0x20000038   Data           2  w25qxx.o(.data)
    year                                     0x2000003a   Data           1  ds3231.o(.data)
    month                                    0x2000003b   Data           1  ds3231.o(.data)
    day                                      0x2000003c   Data           1  ds3231.o(.data)
    hour                                     0x2000003d   Data           1  ds3231.o(.data)
    min                                      0x2000003e   Data           1  ds3231.o(.data)
    sec                                      0x2000003f   Data           1  ds3231.o(.data)
    week                                     0x20000040   Data           1  ds3231.o(.data)
    TIM_1                                    0x20000042   Data           2  timer.o(.data)
    TIM_2                                    0x20000044   Data           2  timer.o(.data)
    TIM_3                                    0x20000046   Data           2  timer.o(.data)
    keyflag                                  0x20000048   Data           1  exti.o(.data)
    s_main                                   0x20000049   Data           1  clock.o(.data)
    d_main                                   0x2000004a   Data           1  clock.o(.data)
    M_time                                   0x2000004b   Data           1  clock.o(.data)
    temperature                              0x2000004c   Data           1  clock.o(.data)
    humidity                                 0x2000004d   Data           1  clock.o(.data)
    func_index                               0x20000050   Data           1  menu.o(.data)
    current_operation_index                  0x20000054   Data           4  menu.o(.data)
    table                                    0x20000058   Data         948  menu.o(.data)
    c_moon                                   0x2000040c   Data           1  nonglistm.o(.data)
    year_moon                                0x2000040d   Data           1  nonglistm.o(.data)
    month_moon                               0x2000040e   Data           1  nonglistm.o(.data)
    day_moon                                 0x2000040f   Data           1  nonglistm.o(.data)
    table_WEEK                               0x20000410   Data          12  nonglistm.o(.data)
    USART_RX_BUF                             0x2000041c   Data        1000  usart.o(.bss)
    SPI_InitStructure                        0x20000804   Data          18  spi.o(.bss)
    GraphRAM                                 0x20000816   Data        1024  text.o(.bss)
    ftinfo                                   0x20000c16   Data          33  fontupd.o(.bss)
    __initial_sp                             0x20001038   Data           0  startup_stm32f10x_hd.o(STACK)



==============================================================================

Memory Map of the image

  Image Entry point : 0x08000131

  Load Region LR_IROM1 (Base: 0x08000000, Size: 0x00008028, Max: 0x00020000, ABSOLUTE, COMPRESSED[0x00007e0c])

    Execution Region ER_IROM1 (Exec base: 0x08000000, Load base: 0x08000000, Size: 0x00007c0c, Max: 0x00020000, ABSOLUTE)

    Exec Addr    Load Addr    Size         Type   Attr      Idx    E Section Name        Object

    0x08000000   0x08000000   0x00000130   Data   RO          413    RESET               startup_stm32f10x_hd.o
    0x08000130   0x08000130   0x00000000   Code   RO         4694  * .ARM.Collect$$$$00000000  mc_w.l(entry.o)
    0x08000130   0x08000130   0x00000004   Code   RO         5024    .ARM.Collect$$$$00000001  mc_w.l(entry2.o)
    0x08000134   0x08000134   0x00000004   Code   RO         5027    .ARM.Collect$$$$00000004  mc_w.l(entry5.o)
    0x08000138   0x08000138   0x00000000   Code   RO         5029    .ARM.Collect$$$$00000008  mc_w.l(entry7b.o)
    0x08000138   0x08000138   0x00000000   Code   RO         5031    .ARM.Collect$$$$0000000A  mc_w.l(entry8b.o)
    0x08000138   0x08000138   0x00000008   Code   RO         5032    .ARM.Collect$$$$0000000B  mc_w.l(entry9a.o)
    0x08000140   0x08000140   0x00000000   Code   RO         5034    .ARM.Collect$$$$0000000D  mc_w.l(entry10a.o)
    0x08000140   0x08000140   0x00000000   Code   RO         5036    .ARM.Collect$$$$0000000F  mc_w.l(entry11a.o)
    0x08000140   0x08000140   0x00000004   Code   RO         5025    .ARM.Collect$$$$00002712  mc_w.l(entry2.o)
    0x08000144   0x08000144   0x00000024   Code   RO          414    .text               startup_stm32f10x_hd.o
    0x08000168   0x08000168   0x00000008   Code   RO         4697    .text               mc_w.l(siabs.o)
    0x08000170   0x08000170   0x00000024   Code   RO         4701    .text               mc_w.l(memcpya.o)
    0x08000194   0x08000194   0x000000e4   Code   RO         4974    .text               mf_w.l(dmul.o)
    0x08000278   0x08000278   0x00000022   Code   RO         4980    .text               mf_w.l(dflti.o)
    0x0800029a   0x0800029a   0x0000001a   Code   RO         4982    .text               mf_w.l(dfltui.o)
    0x080002b4   0x080002b4   0x0000003e   Code   RO         4986    .text               mf_w.l(dfixi.o)
    0x080002f2   0x080002f2   0x00000032   Code   RO         4988    .text               mf_w.l(dfixui.o)
    0x08000324   0x08000324   0x00000062   Code   RO         5040    .text               mc_w.l(uldiv.o)
    0x08000386   0x08000386   0x0000001e   Code   RO         5042    .text               mc_w.l(llshl.o)
    0x080003a4   0x080003a4   0x00000020   Code   RO         5044    .text               mc_w.l(llushr.o)
    0x080003c4   0x080003c4   0x00000000   Code   RO         5055    .text               mc_w.l(iusefp.o)
    0x080003c4   0x080003c4   0x000000ba   Code   RO         5058    .text               mf_w.l(depilogue.o)
    0x0800047e   0x0800047e   0x00000002   PAD
    0x08000480   0x08000480   0x00000024   Code   RO         5068    .text               mc_w.l(init.o)
    0x080004a4   0x080004a4   0x00000056   Code   RO         5080    .text               mc_w.l(__dczerorl2.o)
    0x080004fa   0x080004fa   0x0000002a   Code   RO         3656    i.AT24CXX_Check     24c02.o
    0x08000524   0x08000524   0x00000048   Code   RO         3657    i.AT24CXX_Init      24c02.o
    0x0800056c   0x0800056c   0x00000042   Code   RO         3660    i.AT24CXX_ReadOneByte  24c02.o
    0x080005ae   0x080005ae   0x0000003e   Code   RO         3663    i.AT24CXX_WriteOneByte  24c02.o
    0x080005ec   0x080005ec   0x00000016   Code   RO         3586    i.BCD2HEX           ds3231.o
    0x08000602   0x08000602   0x00000002   Code   RO          185    i.BusFault_Handler  stm32f10x_it.o
    0x08000604   0x08000604   0x00000006   Code   RO         4066    i.CW2015_ID         cw2015.o
    0x0800060a   0x0800060a   0x0000002e   Code   RO         4067    i.CW2015_Init       cw2015.o
    0x08000638   0x08000638   0x0000003a   Code   RO         4068    i.CW2015_ReadOneByte  cw2015.o
    0x08000672   0x08000672   0x00000020   Code   RO         4069    i.CW2015_Soc        cw2015.o
    0x08000692   0x08000692   0x00000018   Code   RO         4070    i.CW2015_Time       cw2015.o
    0x080006aa   0x080006aa   0x00000002   PAD
    0x080006ac   0x080006ac   0x00000030   Code   RO         4071    i.CW2015_Vcell      cw2015.o
    0x080006dc   0x080006dc   0x00000044   Code   RO         4072    i.CW2015_WriteOneByte  cw2015.o
    0x08000720   0x08000720   0x00000028   Code   RO         3755    i.CleanPoint        text.o
    0x08000748   0x08000748   0x0000001c   Code   RO         3756    i.CleanScreen       text.o
    0x08000764   0x08000764   0x00000034   Code   RO         4582    i.ClearDisplay      st7565.o
    0x08000798   0x08000798   0x000001f8   Code   RO         4555    i.Conversion        nonglistm.o
    0x08000990   0x08000990   0x00000070   Code   RO         3984    i.DHT11_Check       dht11.o
    0x08000a00   0x08000a00   0x00000040   Code   RO         3985    i.DHT11_Init        dht11.o
    0x08000a40   0x08000a40   0x0000004c   Code   RO         3986    i.DHT11_Read_Bit    dht11.o
    0x08000a8c   0x08000a8c   0x0000001a   Code   RO         3987    i.DHT11_Read_Byte   dht11.o
    0x08000aa6   0x08000aa6   0x00000050   Code   RO         3988    i.DHT11_Read_Data   dht11.o
    0x08000af6   0x08000af6   0x00000002   PAD
    0x08000af8   0x08000af8   0x00000038   Code   RO         3989    i.DHT11_Rst         dht11.o
    0x08000b30   0x08000b30   0x00000002   Code   RO          186    i.DebugMon_Handler  stm32f10x_it.o
    0x08000b32   0x08000b32   0x000000f0   Code   RO         3758    i.DrawLine          text.o
    0x08000c22   0x08000c22   0x00000002   PAD
    0x08000c24   0x08000c24   0x00000028   Code   RO         3760    i.DrawPoint         text.o
    0x08000c4c   0x08000c4c   0x000000dc   Code   RO         3761    i.DrawRectangle     text.o
    0x08000d28   0x08000d28   0x00000028   Code   RO         4026    i.EXTI15_10_IRQHandler  exti.o
    0x08000d50   0x08000d50   0x00000024   Code   RO         4027    i.EXTI3_IRQHandler  exti.o
    0x08000d74   0x08000d74   0x00000024   Code   RO         4028    i.EXTI4_IRQHandler  exti.o
    0x08000d98   0x08000d98   0x00000024   Code   RO         4029    i.EXTI9_5_IRQHandler  exti.o
    0x08000dbc   0x08000dbc   0x000000f0   Code   RO         4030    i.EXTIX_Init        exti.o
    0x08000eac   0x08000eac   0x0000000c   Code   RO         1226    i.EXTI_ClearITPendingBit  stm32f10x_exti.o
    0x08000eb8   0x08000eb8   0x00000074   Code   RO         1231    i.EXTI_Init         stm32f10x_exti.o
    0x08000f2c   0x08000f2c   0x00000028   Code   RO         1576    i.GPIO_EXTILineConfig  stm32f10x_gpio.o
    0x08000f54   0x08000f54   0x000000a6   Code   RO         1579    i.GPIO_Init         stm32f10x_gpio.o
    0x08000ffa   0x08000ffa   0x00000002   PAD
    0x08000ffc   0x08000ffc   0x0000005c   Code   RO         1581    i.GPIO_PinRemapConfig  stm32f10x_gpio.o
    0x08001058   0x08001058   0x0000000e   Code   RO         1583    i.GPIO_ReadInputDataBit  stm32f10x_gpio.o
    0x08001066   0x08001066   0x00000004   Code   RO         1586    i.GPIO_ResetBits    stm32f10x_gpio.o
    0x0800106a   0x0800106a   0x00000004   Code   RO         1587    i.GPIO_SetBits      stm32f10x_gpio.o
    0x0800106e   0x0800106e   0x00000002   PAD
    0x08001070   0x08001070   0x00000304   Code   RO         3762    i.Get_HzMat         text.o
    0x08001374   0x08001374   0x00000016   Code   RO         3587    i.HEX2BCD           ds3231.o
    0x0800138a   0x0800138a   0x00000002   Code   RO          187    i.HardFault_Handler  stm32f10x_it.o
    0x0800138c   0x0800138c   0x00000038   Code   RO         3532    i.IIC_Ack           myiic.o
    0x080013c4   0x080013c4   0x00000038   Code   RO         3533    i.IIC_Init          myiic.o
    0x080013fc   0x080013fc   0x00000038   Code   RO         3534    i.IIC_NAck          myiic.o
    0x08001434   0x08001434   0x0000006c   Code   RO         3535    i.IIC_Read_Byte     myiic.o
    0x080014a0   0x080014a0   0x00000068   Code   RO         3536    i.IIC_Send_Byte     myiic.o
    0x08001508   0x08001508   0x00000038   Code   RO         3537    i.IIC_Start         myiic.o
    0x08001540   0x08001540   0x0000003c   Code   RO         3538    i.IIC_Stop          myiic.o
    0x0800157c   0x0800157c   0x00000058   Code   RO         3539    i.IIC_Wait_Ack      myiic.o
    0x080015d4   0x080015d4   0x0000002c   Code   RO         4120    i.INA226_GetCurrent  ina226.o
    0x08001600   0x08001600   0x00000026   Code   RO         4122    i.INA226_GetVoltage  ina226.o
    0x08001626   0x08001626   0x0000001e   Code   RO         4123    i.INA226_Init       ina226.o
    0x08001644   0x08001644   0x00000034   Code   RO         4124    i.INA226_ReadData   ina226.o
    0x08001678   0x08001678   0x0000003c   Code   RO         4125    i.INA226_SendData   ina226.o
    0x080016b4   0x080016b4   0x00000026   Code   RO         4126    i.INA226_SetRegPointer  ina226.o
    0x080016da   0x080016da   0x00000002   PAD
    0x080016dc   0x080016dc   0x000000bc   Code   RO         4584    i.Init_St7565       st7565.o
    0x08001798   0x08001798   0x00000088   Code   RO         3644    i.KEY_Init          key.o
    0x08001820   0x08001820   0x00000010   Code   RO         3764    i.LCD_Pow           text.o
    0x08001830   0x08001830   0x000001a4   Code   RO         3765    i.LCD_ShowChar      text.o
    0x080019d4   0x080019d4   0x0000007a   Code   RO         3766    i.LCD_ShowNum       text.o
    0x08001a4e   0x08001a4e   0x00000026   Code   RO         4585    i.LCD_Show_Full_Screen_Pic  st7565.o
    0x08001a74   0x08001a74   0x00000914   Code   RO         3767    i.LCD_zimu          text.o
    0x08002388   0x08002388   0x00000038   Code   RO         3743    i.LED_Init          led.o
    0x080023c0   0x080023c0   0x00000002   Code   RO          188    i.MemManage_Handler  stm32f10x_it.o
    0x080023c2   0x080023c2   0x00000002   PAD
    0x080023c4   0x080023c4   0x000000f4   Code   RO         4274    i.Menu_key_set      menu.o
    0x080024b8   0x080024b8   0x0000006a   Code   RO         3769    i.MsgBoxSimple      text.o
    0x08002522   0x08002522   0x00000002   Code   RO          189    i.NMI_Handler       stm32f10x_it.o
    0x08002524   0x08002524   0x00000064   Code   RO          428    i.NVIC_Init         misc.o
    0x08002588   0x08002588   0x00000014   Code   RO          429    i.NVIC_PriorityGroupConfig  misc.o
    0x0800259c   0x0800259c   0x000000a0   Code   RO         3588    i.PGday             ds3231.o
    0x0800263c   0x0800263c   0x00000002   Code   RO          190    i.PendSV_Handler    stm32f10x_it.o
    0x0800263e   0x0800263e   0x00000002   PAD
    0x08002640   0x08002640   0x0000001c   Code   RO         1995    i.RCC_APB1PeriphClockCmd  stm32f10x_rcc.o
    0x0800265c   0x0800265c   0x0000001c   Code   RO         1997    i.RCC_APB2PeriphClockCmd  stm32f10x_rcc.o
    0x08002678   0x08002678   0x000000ac   Code   RO         2005    i.RCC_GetClocksFreq  stm32f10x_rcc.o
    0x08002724   0x08002724   0x0000007c   Code   RO         3505    i.SPI1_Init         spi.o
    0x080027a0   0x080027a0   0x00000058   Code   RO         3506    i.SPI1_ReadWriteByte  spi.o
    0x080027f8   0x080027f8   0x00000020   Code   RO         3507    i.SPI1_SetSpeed     spi.o
    0x08002818   0x08002818   0x00000018   Code   RO         2474    i.SPI_Cmd           stm32f10x_spi.o
    0x08002830   0x08002830   0x0000004c   Code   RO         3400    i.SPI_Flash_Init    w25qxx.o
    0x0800287c   0x0800287c   0x00000050   Code   RO         3402    i.SPI_Flash_Read    w25qxx.o
    0x080028cc   0x080028cc   0x00000058   Code   RO         3403    i.SPI_Flash_ReadID  w25qxx.o
    0x08002924   0x08002924   0x0000000e   Code   RO         2482    i.SPI_I2S_GetFlagStatus  stm32f10x_spi.o
    0x08002932   0x08002932   0x00000004   Code   RO         2485    i.SPI_I2S_ReceiveData  stm32f10x_spi.o
    0x08002936   0x08002936   0x00000004   Code   RO         2486    i.SPI_I2S_SendData  stm32f10x_spi.o
    0x0800293a   0x0800293a   0x00000038   Code   RO         2487    i.SPI_Init          stm32f10x_spi.o
    0x08002972   0x08002972   0x00000002   Code   RO          191    i.SVC_Handler       stm32f10x_it.o
    0x08002974   0x08002974   0x00000004   Code   RO          274    i.SetSysClock       system_stm32f10x.o
    0x08002978   0x08002978   0x000000b0   Code   RO          275    i.SetSysClockTo72   system_stm32f10x.o
    0x08002a28   0x08002a28   0x00000064   Code   RO         3589    i.SetTime           ds3231.o
    0x08002a8c   0x08002a8c   0x0000000c   Code   RO         3771    i.ShowAllGraphRAM   text.o
    0x08002a98   0x08002a98   0x0000001c   Code   RO         3772    i.ShowMsgSimple     text.o
    0x08002ab4   0x08002ab4   0x000001a0   Code   RO         3773    i.Show_Font         text.o
    0x08002c54   0x08002c54   0x000000ac   Code   RO         3774    i.Show_Str          text.o
    0x08002d00   0x08002d00   0x00000050   Code   RO         4591    i.St7565_Port       st7565.o
    0x08002d50   0x08002d50   0x0000007c   Code   RO         4592    i.St7565_WriteCmd   st7565.o
    0x08002dcc   0x08002dcc   0x0000007c   Code   RO         4593    i.St7565_WriteDat   st7565.o
    0x08002e48   0x08002e48   0x0000001c   Code   RO          432    i.SysTick_CLKSourceConfig  misc.o
    0x08002e64   0x08002e64   0x00000002   Code   RO          192    i.SysTick_Handler   stm32f10x_it.o
    0x08002e66   0x08002e66   0x00000002   PAD
    0x08002e68   0x08002e68   0x0000003c   Code   RO          308    i.SysTick_Initaize  delay.o
    0x08002ea4   0x08002ea4   0x00000050   Code   RO          277    i.SystemInit        system_stm32f10x.o
    0x08002ef4   0x08002ef4   0x00000038   Code   RO         3710    i.TIM3_IRQHandler   timer.o
    0x08002f2c   0x08002f2c   0x00000060   Code   RO         3711    i.TIM3_Int_Init     timer.o
    0x08002f8c   0x08002f8c   0x00000006   Code   RO         2624    i.TIM_ClearITPendingBit  stm32f10x_tim.o
    0x08002f92   0x08002f92   0x00000018   Code   RO         2629    i.TIM_Cmd           stm32f10x_tim.o
    0x08002faa   0x08002faa   0x00000018   Code   RO         2650    i.TIM_GetITStatus   stm32f10x_tim.o
    0x08002fc2   0x08002fc2   0x00000014   Code   RO         2654    i.TIM_ITConfig      stm32f10x_tim.o
    0x08002fd6   0x08002fd6   0x00000004   Code   RO         2694    i.TIM_SetCounter    stm32f10x_tim.o
    0x08002fda   0x08002fda   0x00000002   PAD
    0x08002fdc   0x08002fdc   0x0000009c   Code   RO         2700    i.TIM_TimeBaseInit  stm32f10x_tim.o
    0x08003078   0x08003078   0x00000064   Code   RO          369    i.USART1_IRQHandler  usart.o
    0x080030dc   0x080030dc   0x00000018   Code   RO         3165    i.USART_Cmd         stm32f10x_usart.o
    0x080030f4   0x080030f4   0x00000040   Code   RO         3169    i.USART_GetITStatus  stm32f10x_usart.o
    0x08003134   0x08003134   0x00000036   Code   RO         3171    i.USART_ITConfig    stm32f10x_usart.o
    0x0800316a   0x0800316a   0x00000002   PAD
    0x0800316c   0x0800316c   0x000000bc   Code   RO         3172    i.USART_Init        stm32f10x_usart.o
    0x08003228   0x08003228   0x00000008   Code   RO         3179    i.USART_ReceiveData  stm32f10x_usart.o
    0x08003230   0x08003230   0x00000002   Code   RO          193    i.UsageFault_Handler  stm32f10x_it.o
    0x08003232   0x08003232   0x00000002   PAD
    0x08003234   0x08003234   0x00000020   Code   RO         4838    i.__0printf$5       mc_w.l(printf5.o)
    0x08003254   0x08003254   0x0000000e   Code   RO         5074    i.__scatterload_copy  mc_w.l(handlers.o)
    0x08003262   0x08003262   0x00000002   Code   RO         5075    i.__scatterload_null  mc_w.l(handlers.o)
    0x08003264   0x08003264   0x0000000e   Code   RO         5076    i.__scatterload_zeroinit  mc_w.l(handlers.o)
    0x08003272   0x08003272   0x00000002   PAD
    0x08003274   0x08003274   0x000002c0   Code   RO         4845    i._printf_core      mc_w.l(printf5.o)
    0x08003534   0x08003534   0x00000084   Code   RO         4173    i.blltset           clock.o
    0x080035b8   0x080035b8   0x000000f8   Code   RO         4174    i.bltimeset         clock.o
    0x080036b0   0x080036b0   0x00000104   Code   RO         4175    i.crset             clock.o
    0x080037b4   0x080037b4   0x000001dc   Code   RO         4176    i.cw2015disp        clock.o
    0x08003990   0x08003990   0x00000258   Code   RO            1    i.date_init         main.o
    0x08003be8   0x08003be8   0x00000014   Code   RO         4594    i.delay             st7565.o
    0x08003bfc   0x08003bfc   0x0000003c   Code   RO          309    i.delay_init        delay.o
    0x08003c38   0x08003c38   0x00000034   Code   RO          310    i.delay_ms          delay.o
    0x08003c6c   0x08003c6c   0x00000034   Code   RO          311    i.delay_us          delay.o
    0x08003ca0   0x08003ca0   0x00000064   Code   RO         4177    i.dht11disp         clock.o
    0x08003d04   0x08003d04   0x00000050   Code   RO         4178    i.dispmaohao        clock.o
    0x08003d54   0x08003d54   0x00000810   Code   RO         4179    i.disptime1         clock.o
    0x08004564   0x08004564   0x000001c4   Code   RO            2    i.err_set           main.o
    0x08004728   0x08004728   0x00000028   Code   RO         3914    i.font_init         fontupd.o
    0x08004750   0x08004750   0x00000018   Code   RO          371    i.fputc             usart.o
    0x08004768   0x08004768   0x000000f8   Code   RO         4556    i.get_moon_day      nonglistm.o
    0x08004860   0x08004860   0x00000058   Code   RO         4180    i.getdata           clock.o
    0x080048b8   0x080048b8   0x000001d8   Code   RO         4181    i.ina226disp        clock.o
    0x08004a90   0x08004a90   0x00000034   Code   RO         4596    i.lcd_address       st7565.o
    0x08004ac4   0x08004ac4   0x00000090   Code   RO            3    i.main              main.o
    0x08004b54   0x08004b54   0x00000020   Code   RO         4182    i.main_return       clock.o
    0x08004b74   0x08004b74   0x0000003c   Code   RO         4183    i.main_ss           clock.o
    0x08004bb0   0x08004bb0   0x00000004   Code   RO         4275    i.menu11            menu.o
    0x08004bb4   0x08004bb4   0x0000011c   Code   RO         4276    i.menu20            menu.o
    0x08004cd0   0x08004cd0   0x000000b8   Code   RO         4277    i.menu21            menu.o
    0x08004d88   0x08004d88   0x00000014   Code   RO         4278    i.menu211           menu.o
    0x08004d9c   0x08004d9c   0x00000002   Code   RO         4279    i.menu212           menu.o
    0x08004d9e   0x08004d9e   0x00000002   Code   RO         4280    i.menu213           menu.o
    0x08004da0   0x08004da0   0x00000002   Code   RO         4281    i.menu214           menu.o
    0x08004da2   0x08004da2   0x00000002   Code   RO         4282    i.menu215           menu.o
    0x08004da4   0x08004da4   0x00000002   Code   RO         4283    i.menu216           menu.o
    0x08004da6   0x08004da6   0x00000002   PAD
    0x08004da8   0x08004da8   0x00000160   Code   RO         4284    i.menu22            menu.o
    0x08004f08   0x08004f08   0x00000014   Code   RO         4285    i.menu221           menu.o
    0x08004f1c   0x08004f1c   0x00000014   Code   RO         4286    i.menu222           menu.o
    0x08004f30   0x08004f30   0x00000014   Code   RO         4287    i.menu223           menu.o
    0x08004f44   0x08004f44   0x00000014   Code   RO         4288    i.menu224           menu.o
    0x08004f58   0x08004f58   0x00000002   Code   RO         4289    i.menu225           menu.o
    0x08004f5a   0x08004f5a   0x00000002   Code   RO         4290    i.menu226           menu.o
    0x08004f5c   0x08004f5c   0x00000160   Code   RO         4291    i.menu23            menu.o
    0x080050bc   0x080050bc   0x00000002   Code   RO         4292    i.menu231           menu.o
    0x080050be   0x080050be   0x00000002   Code   RO         4293    i.menu232           menu.o
    0x080050c0   0x080050c0   0x00000002   Code   RO         4294    i.menu233           menu.o
    0x080050c2   0x080050c2   0x00000002   Code   RO         4295    i.menu234           menu.o
    0x080050c4   0x080050c4   0x00000002   Code   RO         4296    i.menu235           menu.o
    0x080050c6   0x080050c6   0x00000002   Code   RO         4297    i.menu236           menu.o
    0x080050c8   0x080050c8   0x00000160   Code   RO         4298    i.menu24            menu.o
    0x08005228   0x08005228   0x00000002   Code   RO         4299    i.menu241           menu.o
    0x0800522a   0x0800522a   0x00000002   Code   RO         4300    i.menu242           menu.o
    0x0800522c   0x0800522c   0x00000002   Code   RO         4301    i.menu243           menu.o
    0x0800522e   0x0800522e   0x00000002   Code   RO         4302    i.menu244           menu.o
    0x08005230   0x08005230   0x00000002   Code   RO         4303    i.menu245           menu.o
    0x08005232   0x08005232   0x00000002   Code   RO         4304    i.menu246           menu.o
    0x08005234   0x08005234   0x00000160   Code   RO         4305    i.menu25            menu.o
    0x08005394   0x08005394   0x00000002   Code   RO         4306    i.menu251           menu.o
    0x08005396   0x08005396   0x00000002   Code   RO         4307    i.menu252           menu.o
    0x08005398   0x08005398   0x00000002   Code   RO         4308    i.menu253           menu.o
    0x0800539a   0x0800539a   0x00000002   Code   RO         4309    i.menu254           menu.o
    0x0800539c   0x0800539c   0x00000002   Code   RO         4310    i.menu255           menu.o
    0x0800539e   0x0800539e   0x00000002   Code   RO         4311    i.menu256           menu.o
    0x080053a0   0x080053a0   0x00000160   Code   RO         4312    i.menu26            menu.o
    0x08005500   0x08005500   0x00000014   Code   RO         4313    i.menu261           menu.o
    0x08005514   0x08005514   0x00000014   Code   RO         4314    i.menu262           menu.o
    0x08005528   0x08005528   0x00000002   Code   RO         4315    i.menu263           menu.o
    0x0800552a   0x0800552a   0x00000002   Code   RO         4316    i.menu264           menu.o
    0x0800552c   0x0800552c   0x00000002   Code   RO         4317    i.menu265           menu.o
    0x0800552e   0x0800552e   0x00000002   Code   RO         4318    i.menu266           menu.o
    0x08005530   0x08005530   0x00000038   Code   RO         4184    i.menu_time_lcm     clock.o
    0x08005568   0x08005568   0x000000f8   Code   RO         4185    i.menutimeset       clock.o
    0x08005660   0x08005660   0x00000020   Code   RO         3590    i.read_current      ds3231.o
    0x08005680   0x08005680   0x0000002a   Code   RO         3591    i.read_random       ds3231.o
    0x080056aa   0x080056aa   0x00000002   PAD
    0x080056ac   0x080056ac   0x00000068   Code   RO         3592    i.readdata          ds3231.o
    0x08005714   0x08005714   0x000005d4   Code   RO         4186    i.shijianset        clock.o
    0x08005ce8   0x08005ce8   0x000000a0   Code   RO          372    i.uart_init         usart.o
    0x08005d88   0x08005d88   0x00000036   Code   RO         3593    i.write_byte        ds3231.o
    0x08005dbe   0x08005dbe   0x00000002   PAD
    0x08005dc0   0x08005dc0   0x00000018   Data   RO         3594    .constdata          ds3231.o
    0x08005dd8   0x08005dd8   0x000017c0   Data   RO         3778    .constdata          text.o
    0x08007598   0x08007598   0x000003f0   Data   RO         4187    .constdata          clock.o
    0x08007988   0x08007988   0x00000264   Data   RO         4557    .constdata          nonglistm.o
    0x08007bec   0x08007bec   0x00000020   Data   RO         5072    Region$$Table       anon$$obj.o


    Execution Region RW_IRAM1 (Exec base: 0x20000000, Load base: 0x08007c0c, Size: 0x00001038, Max: 0x00005000, ABSOLUTE, COMPRESSED[0x00000200])

    Exec Addr    Load Addr    Size         Type   Attr      Idx    E Section Name        Object

    0x20000000   COMPRESSED   0x00000001   Data   RW            4    .data               main.o
    0x20000001   COMPRESSED   0x00000003   PAD
    0x20000004   COMPRESSED   0x00000014   Data   RW          278    .data               system_stm32f10x.o
    0x20000018   COMPRESSED   0x00000004   Data   RW          312    .data               delay.o
    0x2000001c   COMPRESSED   0x00000002   Data   RW          374    .data               usart.o
    0x2000001e   COMPRESSED   0x00000002   PAD
    0x20000020   COMPRESSED   0x00000004   Data   RW          375    .data               usart.o
    0x20000024   COMPRESSED   0x00000014   Data   RW         2025    .data               stm32f10x_rcc.o
    0x20000038   COMPRESSED   0x00000002   Data   RW         3411    .data               w25qxx.o
    0x2000003a   COMPRESSED   0x00000007   Data   RW         3595    .data               ds3231.o
    0x20000041   COMPRESSED   0x00000001   PAD
    0x20000042   COMPRESSED   0x00000006   Data   RW         3714    .data               timer.o
    0x20000048   COMPRESSED   0x00000001   Data   RW         4031    .data               exti.o
    0x20000049   COMPRESSED   0x00000005   Data   RW         4188    .data               clock.o
    0x2000004e   COMPRESSED   0x00000002   PAD
    0x20000050   COMPRESSED   0x000003bc   Data   RW         4319    .data               menu.o
    0x2000040c   COMPRESSED   0x00000010   Data   RW         4558    .data               nonglistm.o
    0x2000041c        -       0x000003e8   Zero   RW          373    .bss                usart.o
    0x20000804        -       0x00000012   Zero   RW         3508    .bss                spi.o
    0x20000816        -       0x00000400   Zero   RW         3777    .bss                text.o
    0x20000c16        -       0x00000021   Zero   RW         3916    .bss                fontupd.o
    0x20000c37   COMPRESSED   0x00000001   PAD
    0x20000c38        -       0x00000400   Zero   RW          411    STACK               startup_stm32f10x_hd.o


==============================================================================

Image component sizes


      Code (inc. data)   RO Data    RW Data    ZI Data      Debug   Object Name

       242         40          0          0          0       2280   24c02.o
      5808       1000       1008          5          0      10498   clock.o
       282          8          0          0          0       3887   cw2015.o
       224         38          0          4          0       2094   delay.o
       414         40          0          0          0       3900   dht11.o
       536         12         24          7          0       5478   ds3231.o
       388         32          0          1          0       2809   exti.o
        40          8          0          0         33       1865   fontupd.o
       262         12          0          0          0       3505   ina226.o
       136         14          0          0          0        551   key.o
        56          6          0          0          0        479   led.o
      1196        344          0          1          0     262383   main.o
      2674        636          0        956          0      21676   menu.o
       148         14          0          0          0       2077   misc.o
       584         68          0          0          0       4238   myiic.o
       752         32        612         16          0       4146   nonglistm.o
       244         26          0          0         18       1897   spi.o
       678         52          0          0          0       4616   st7565.o
        36          8        304          0       1024        776   startup_stm32f10x_hd.o
       128         12          0          0          0       1569   stm32f10x_exti.o
       320         12          0          0          0       5136   stm32f10x_gpio.o
        18          0          0          0          0       3578   stm32f10x_it.o
       228         30          0         20          0       4562   stm32f10x_rcc.o
       102          0          0          0          0       3826   stm32f10x_spi.o
       234         42          0          0          0       4171   stm32f10x_tim.o
       338          6          0          0          0       5238   stm32f10x_usart.o
         0          0          0          0          0         32   sys.o
       260         26          0         20          0       1989   system_stm32f10x.o
      4956         50       6080          0       1024      18227   text.o
       152         16          0          6          0       1390   timer.o
       284         32          0          6       1000       3580   usart.o
       244         34          0          2          0       2499   w25qxx.o

    ----------------------------------------------------------------------
     21994       2650       8060       1052       3100     394952   Object Totals
         0          0         32          0          0          0   (incl. Generated)
        30          0          0          8          1          0   (incl. Padding)

    ----------------------------------------------------------------------

      Code (inc. data)   RO Data    RW Data    ZI Data      Debug   Library Member Name

        86          0          0          0          0          0   __dczerorl2.o
         0          0          0          0          0          0   entry.o
         0          0          0          0          0          0   entry10a.o
         0          0          0          0          0          0   entry11a.o
         8          4          0          0          0          0   entry2.o
         4          0          0          0          0          0   entry5.o
         0          0          0          0          0          0   entry7b.o
         0          0          0          0          0          0   entry8b.o
         8          4          0          0          0          0   entry9a.o
        30          0          0          0          0          0   handlers.o
        36          8          0          0          0         68   init.o
         0          0          0          0          0          0   iusefp.o
        30          0          0          0          0         68   llshl.o
        32          0          0          0          0         68   llushr.o
        36          0          0          0          0         68   memcpya.o
       736         56          0          0          0        184   printf5.o
         8          0          0          0          0         68   siabs.o
        98          0          0          0          0         92   uldiv.o
       186          0          0          0          0        176   depilogue.o
        62          0          0          0          0         80   dfixi.o
        50          0          0          0          0         76   dfixui.o
        34          0          0          0          0         76   dflti.o
        26          0          0          0          0         76   dfltui.o
       228          0          0          0          0         96   dmul.o

    ----------------------------------------------------------------------
      1702         72          0          0          0       1196   Library Totals
         4          0          0          0          0          0   (incl. Padding)

    ----------------------------------------------------------------------

      Code (inc. data)   RO Data    RW Data    ZI Data      Debug   Library Name

      1112         72          0          0          0        616   mc_w.l
       586          0          0          0          0        580   mf_w.l

    ----------------------------------------------------------------------
      1702         72          0          0          0       1196   Library Totals

    ----------------------------------------------------------------------

==============================================================================


      Code (inc. data)   RO Data    RW Data    ZI Data      Debug   

     23696       2722       8060       1052       3100     386084   Grand Totals
     23696       2722       8060        512       3100     386084   ELF Image Totals (compressed)
     23696       2722       8060        512          0          0   ROM Totals

==============================================================================

    Total RO  Size (Code + RO Data)                31756 (  31.01kB)
    Total RW  Size (RW Data + ZI Data)              4152 (   4.05kB)
    Total ROM Size (Code + RO Data + RW Data)      32268 (  31.51kB)

==============================================================================

