Component: ARM Compiler 5.06 update 6 (build 750) Tool: armlink [4d35ed]

==============================================================================

Section Cross References

    main.o(i.date_init) refers to stm32f10x_gpio.o(i.GPIO_ReadInputDataBit) for GPIO_ReadInputDataBit
    main.o(i.date_init) refers to text.o(i.CleanScreen) for CleanScreen
    main.o(i.date_init) refers to text.o(i.Show_Str) for Show_Str
    main.o(i.date_init) refers to text.o(i.ShowAllGraphRAM) for ShowAllGraphRAM
    main.o(i.date_init) refers to delay.o(i.delay_ms) for delay_ms
    main.o(i.date_init) refers to ds3231.o(i.SetTime) for SetTime
    main.o(i.date_init) refers to 24c02.o(i.AT24CXX_WriteOneByte) for AT24CXX_WriteOneByte
    main.o(i.date_init) refers to 24c02.o(i.AT24CXX_ReadOneByte) for AT24CXX_ReadOneByte
    main.o(i.date_init) refers to st7565.o(i.St7565_WriteCmd) for St7565_WriteCmd
    main.o(i.date_init) refers to main.o(.data) for rst
    main.o(i.date_init) refers to ds3231.o(.data) for year
    main.o(i.err_set) refers to printf5.o(i.__0printf$5) for __2printf
    main.o(i.err_set) refers to 24c02.o(i.AT24CXX_ReadOneByte) for AT24CXX_ReadOneByte
    main.o(i.err_set) refers to text.o(i.Show_Str) for Show_Str
    main.o(i.err_set) refers to text.o(i.ShowAllGraphRAM) for ShowAllGraphRAM
    main.o(i.err_set) refers to stm32f10x_gpio.o(i.GPIO_ReadInputDataBit) for GPIO_ReadInputDataBit
    main.o(i.err_set) refers to delay.o(i.delay_ms) for delay_ms
    main.o(i.err_set) refers to main.o(i.date_init) for date_init
    main.o(i.err_set) refers to main.o(.data) for rst
    main.o(i.main) refers to misc.o(i.NVIC_PriorityGroupConfig) for NVIC_PriorityGroupConfig
    main.o(i.main) refers to delay.o(i.SysTick_Initaize) for SysTick_Initaize
    main.o(i.main) refers to delay.o(i.delay_init) for delay_init
    main.o(i.main) refers to usart.o(i.uart_init) for uart_init
    main.o(i.main) refers to printf5.o(i.__0printf$5) for __2printf
    main.o(i.main) refers to timer.o(i.TIM3_Int_Init) for TIM3_Int_Init
    main.o(i.main) refers to fontupd.o(i.font_init) for font_init
    main.o(i.main) refers to 24c02.o(i.AT24CXX_Init) for AT24CXX_Init
    main.o(i.main) refers to key.o(i.KEY_Init) for KEY_Init
    main.o(i.main) refers to st7565.o(i.Init_St7565) for Init_St7565
    main.o(i.main) refers to led.o(i.LED_Init) for LED_Init
    main.o(i.main) refers to ina226.o(i.INA226_Init) for INA226_Init
    main.o(i.main) refers to cw2015.o(i.CW2015_Init) for CW2015_Init
    main.o(i.main) refers to dht11.o(i.DHT11_Init) for DHT11_Init
    main.o(i.main) refers to exti.o(i.EXTIX_Init) for EXTIX_Init
    main.o(i.main) refers to main.o(i.date_init) for date_init
    main.o(i.main) refers to main.o(i.err_set) for err_set
    main.o(i.main) refers to menu.o(i.Menu_key_set) for Menu_key_set
    system_stm32f10x.o(i.SetSysClock) refers to system_stm32f10x.o(i.SetSysClockTo72) for SetSysClockTo72
    system_stm32f10x.o(i.SystemCoreClockUpdate) refers to system_stm32f10x.o(.data) for SystemCoreClock
    system_stm32f10x.o(i.SystemInit) refers to system_stm32f10x.o(i.SetSysClock) for SetSysClock
    delay.o(i.SysTick_Initaize) refers to system_stm32f10x.o(.data) for SystemCoreClock
    delay.o(i.SysTick_Initaize) refers to delay.o(.data) for fac_us
    delay.o(i.delay_init) refers to misc.o(i.SysTick_CLKSourceConfig) for SysTick_CLKSourceConfig
    delay.o(i.delay_init) refers to system_stm32f10x.o(.data) for SystemCoreClock
    delay.o(i.delay_init) refers to delay.o(.data) for fac_us
    delay.o(i.delay_ms) refers to delay.o(.data) for fac_ms
    delay.o(i.delay_us) refers to delay.o(.data) for fac_us
    usart.o(i.USART1_IRQHandler) refers to stm32f10x_usart.o(i.USART_GetITStatus) for USART_GetITStatus
    usart.o(i.USART1_IRQHandler) refers to stm32f10x_usart.o(i.USART_ReceiveData) for USART_ReceiveData
    usart.o(i.USART1_IRQHandler) refers to stm32f10x_tim.o(i.TIM_SetCounter) for TIM_SetCounter
    usart.o(i.USART1_IRQHandler) refers to stm32f10x_tim.o(i.TIM_Cmd) for TIM_Cmd
    usart.o(i.USART1_IRQHandler) refers to usart.o(.data) for USART_RX_STA
    usart.o(i.USART1_IRQHandler) refers to usart.o(.bss) for USART_RX_BUF
    usart.o(i.uart_init) refers to stm32f10x_rcc.o(i.RCC_APB2PeriphClockCmd) for RCC_APB2PeriphClockCmd
    usart.o(i.uart_init) refers to stm32f10x_gpio.o(i.GPIO_Init) for GPIO_Init
    usart.o(i.uart_init) refers to misc.o(i.NVIC_Init) for NVIC_Init
    usart.o(i.uart_init) refers to stm32f10x_usart.o(i.USART_Init) for USART_Init
    usart.o(i.uart_init) refers to stm32f10x_usart.o(i.USART_ITConfig) for USART_ITConfig
    usart.o(i.uart_init) refers to stm32f10x_usart.o(i.USART_Cmd) for USART_Cmd
    startup_stm32f10x_hd.o(RESET) refers to startup_stm32f10x_hd.o(STACK) for __initial_sp
    startup_stm32f10x_hd.o(RESET) refers to startup_stm32f10x_hd.o(.text) for Reset_Handler
    startup_stm32f10x_hd.o(RESET) refers to stm32f10x_it.o(i.NMI_Handler) for NMI_Handler
[...]
    i.CW2015_Init                            0x08000624   Section        0  cw2015.o(i.CW2015_Init)
    i.CW2015_ReadOneByte                     0x08000650   Section        0  cw2015.o(i.CW2015_ReadOneByte)
    i.CW2015_Soc                             0x0800068c   Section        0  cw2015.o(i.CW2015_Soc)
    i.CW2015_Time                            0x080006ac   Section        0  cw2015.o(i.CW2015_Time)
    i.CW2015_Vcell                           0x080006cc   Section        0  cw2015.o(i.CW2015_Vcell)
    i.CW2015_WriteOneByte                    0x0800070c   Section        0  cw2015.o(i.CW2015_WriteOneByte)
    i.CleanPoint                             0x08000750   Section        0  text.o(i.CleanPoint)
    i.CleanScreen                            0x08000784   Section        0  text.o(i.CleanScreen)
    i.ClearDisplay                           0x080007a0   Section        0  st7565.o(i.ClearDisplay)
    i.Conversion                             0x080007d8   Section        0  nonglistm.o(i.Conversion)
    i.DHT11_Check                            0x08000ab4   Section        0  dht11.o(i.DHT11_Check)
    i.DHT11_Init                             0x08000b28   Section        0  dht11.o(i.DHT11_Init)
    i.DHT11_Read_Bit                         0x08000b68   Section        0  dht11.o(i.DHT11_Read_Bit)
    i.DHT11_Read_Byte                        0x08000bb4   Section        0  dht11.o(i.DHT11_Read_Byte)
    i.DHT11_Read_Data                        0x08000bd2   Section        0  dht11.o(i.DHT11_Read_Data)
    i.DHT11_Rst                              0x08000c2c   Section        0  dht11.o(i.DHT11_Rst)
    i.DebugMon_Handler                       0x08000c6c   Section        0  stm32f10x_it.o(i.DebugMon_Handler)
    i.DrawLine                               0x08000c6e   Section        0  text.o(i.DrawLine)
    i.DrawPoint                              0x08000d80   Section        0  text.o(i.DrawPoint)
    i.DrawRectangle                          0x08000db4   Section        0  text.o(i.DrawRectangle)
    i.EXTI15_10_IRQHandler                   0x08000eb8   Section        0  exti.o(i.EXTI15_10_IRQHandler)
    i.EXTI3_IRQHandler                       0x08000ee0   Section        0  exti.o(i.EXTI3_IRQHandler)
    i.EXTI4_IRQHandler                       0x08000f04   Section        0  exti.o(i.EXTI4_IRQHandler)
    i.EXTI9_5_IRQHandler                     0x08000f28   Section        0  exti.o(i.EXTI9_5_IRQHandler)
    i.EXTIX_Init                             0x08000f4c   Section        0  exti.o(i.EXTIX_Init)
    i.EXTI_ClearITPendingBit                 0x08001060   Section        0  stm32f10x_exti.o(i.EXTI_ClearITPendingBit)
    i.EXTI_Init                              0x0800106c   Section        0  stm32f10x_exti.o(i.EXTI_Init)
    i.GPIO_EXTILineConfig                    0x08001100   Section        0  stm32f10x_gpio.o(i.GPIO_EXTILineConfig)
    i.GPIO_Init                              0x08001140   Section        0  stm32f10x_gpio.o(i.GPIO_Init)
    i.GPIO_PinRemapConfig                    0x08001258   Section        0  stm32f10x_gpio.o(i.GPIO_PinRemapConfig)
    i.GPIO_ReadInputDataBit                  0x080012e8   Section        0  stm32f10x_gpio.o(i.GPIO_ReadInputDataBit)
    i.GPIO_ResetBits                         0x080012f8   Section        0  stm32f10x_gpio.o(i.GPIO_ResetBits)
    i.GPIO_SetBits                           0x080012fc   Section        0  stm32f10x_gpio.o(i.GPIO_SetBits)
    i.Get_HzMat                              0x08001300   Section        0  text.o(i.Get_HzMat)
    i.HEX2BCD                                0x080016e4   Section        0  ds3231.o(i.HEX2BCD)
    i.HardFault_Handler                      0x08001704   Section        0  stm32f10x_it.o(i.HardFault_Handler)
    i.IIC_Ack                                0x08001708   Section        0  myiic.o(i.IIC_Ack)
    i.IIC_Init                               0x08001758   Section        0  myiic.o(i.IIC_Init)
    i.IIC_NAck                               0x08001790   Section        0  myiic.o(i.IIC_NAck)
    i.IIC_Read_Byte                          0x080017e0   Section        0  myiic.o(i.IIC_Read_Byte)
    i.IIC_Send_Byte                          0x08001850   Section        0  myiic.o(i.IIC_Send_Byte)
    i.IIC_Start                              0x080018c4   Section        0  myiic.o(i.IIC_Start)
    i.IIC_Stop                               0x08001910   Section        0  myiic.o(i.IIC_Stop)
    i.IIC_Wait_Ack                           0x0800195c   Section        0  myiic.o(i.IIC_Wait_Ack)
    i.INA226_GetCurrent                      0x080019c0   Section        0  ina226.o(i.INA226_GetCurrent)
    i.INA226_GetVoltage                      0x080019f0   Section        0  ina226.o(i.INA226_GetVoltage)
    i.INA226_Init                            0x08001a1a   Section        0  ina226.o(i.INA226_Init)
    i.INA226_ReadData                        0x08001a36   Section        0  ina226.o(i.INA226_ReadData)
    i.INA226_SendData                        0x08001a6c   Section        0  ina226.o(i.INA226_SendData)
    i.INA226_SetRegPointer                   0x08001ab0   Section        0  ina226.o(i.INA226_SetRegPointer)
    i.Init_St7565                            0x08001ad4   Section        0  st7565.o(i.Init_St7565)
    i.KEY_Init                               0x08001b8c   Section        0  key.o(i.KEY_Init)
    i.LCD_Pow                                0x08001c20   Section        0  text.o(i.LCD_Pow)
    i.LCD_ShowChar                           0x08001c38   Section        0  text.o(i.LCD_ShowChar)
    i.LCD_ShowNum                            0x08001e24   Section        0  text.o(i.LCD_ShowNum)
    i.LCD_Show_Full_Screen_Pic               0x08001eb8   Section        0  st7565.o(i.LCD_Show_Full_Screen_Pic)
    i.LCD_zimu                               0x08001ee2   Section        0  text.o(i.LCD_zimu)
    i.LED_Init                               0x080027d8   Section        0  led.o(i.LED_Init)
    i.MemManage_Handler                      0x08002810   Section        0  stm32f10x_it.o(i.MemManage_Handler)
    i.Menu_key_set                           0x08002814   Section        0  menu.o(i.Menu_key_set)
    i.MsgBoxSimple                           0x08002940   Section        0  text.o(i.MsgBoxSimple)
    i.NMI_Handler                            0x080029c0   Section        0  stm32f10x_it.o(i.NMI_Handler)
    i.NVIC_Init                              0x080029c4   Section        0  misc.o(i.NVIC_Init)
    i.NVIC_PriorityGroupConfig               0x08002a34   Section        0  misc.o(i.NVIC_PriorityGroupConfig)
    i.PGday                                  0x08002a48   Section        0  ds3231.o(i.PGday)
    i.PendSV_Handler                         0x08002b30   Section        0  stm32f10x_it.o(i.PendSV_Handler)
    i.RCC_APB1PeriphClockCmd                 0x08002b34   Section        0  stm32f10x_rcc.o(i.RCC_APB1PeriphClockCmd)
    i.RCC_APB2PeriphClockCmd                 0x08002b54   Section        0  stm32f10x_rcc.o(i.RCC_APB2PeriphClockCmd)
    i.RCC_GetClocksFreq                      0x08002b74   Section        0  stm32f10x_rcc.o(i.RCC_GetClocksFreq)
    i.SPI1_Init                              0x08002c48   Section        0  spi.o(i.SPI1_Init)
    i.SPI1_ReadWriteByte                     0x08002cc0   Section        0  spi.o(i.SPI1_ReadWriteByte)
    i.SPI1_SetSpeed                          0x08002d14   Section        0  spi.o(i.SPI1_SetSpeed)
    i.SPI_Cmd                                0x08002d3c   Section        0  stm32f10x_spi.o(i.SPI_Cmd)
    i.SPI_Flash_Init                         0x08002d54   Section        0  w25qxx.o(i.SPI_Flash_Init)
    i.SPI_Flash_Read                         0x08002d9c   Section        0  w25qxx.o(i.SPI_Flash_Read)
    i.SPI_Flash_ReadID                       0x08002dec   Section        0  w25qxx.o(i.SPI_Flash_ReadID)
    i.SPI_I2S_GetFlagStatus                  0x08002e4c   Section        0  stm32f10x_spi.o(i.SPI_I2S_GetFlagStatus)
    i.SPI_I2S_ReceiveData                    0x08002e5e   Section        0  stm32f10x_spi.o(i.SPI_I2S_ReceiveData)
    i.SPI_I2S_SendData                       0x08002e64   Section        0  stm32f10x_spi.o(i.SPI_I2S_SendData)
    i.SPI_Init                               0x08002e68   Section        0  stm32f10x_spi.o(i.SPI_Init)
    i.SVC_Handler                            0x08002ea4   Section        0  stm32f10x_it.o(i.SVC_Handler)
    i.SetSysClock                            0x08002ea6   Section        0  system_stm32f10x.o(i.SetSysClock)
    SetSysClock                              0x08002ea7   Thumb Code     8  system_stm32f10x.o(i.SetSysClock)
    i.SetSysClockTo72                        0x08002eb0   Section        0  system_stm32f10x.o(i.SetSysClockTo72)
    SetSysClockTo72                          0x08002eb1   Thumb Code   214  system_stm32f10x.o(i.SetSysClockTo72)
    i.SetTime                                0x08002f90   Section        0  ds3231.o(i.SetTime)
    i.ShowAllGraphRAM                        0x0800300c   Section        0  text.o(i.ShowAllGraphRAM)
    i.ShowMsgSimple                          0x0800301c   Section        0  text.o(i.ShowMsgSimple)
    i.Show_Font                              0x08003038   Section        0  text.o(i.Show_Font)
    i.Show_Str                               0x08003204   Section        0  text.o(i.Show_Str)
    i.St7565_Port                            0x080032c8   Section        0  st7565.o(i.St7565_Port)
    i.St7565_WriteCmd                        0x0800331c   Section        0  st7565.o(i.St7565_WriteCmd)
    i.St7565_WriteDat                        0x08003398   Section        0  st7565.o(i.St7565_WriteDat)
    i.SysTick_CLKSourceConfig                0x08003414   Section        0  misc.o(i.SysTick_CLKSourceConfig)
    i.SysTick_Handler                        0x0800343c   Section        0  stm32f10x_it.o(i.SysTick_Handler)
    i.SysTick_Initaize                       0x08003440   Section        0  delay.o(i.SysTick_Initaize)
    i.SystemInit                             0x0800348c   Section        0  system_stm32f10x.o(i.SystemInit)
    i.TIM3_IRQHandler                        0x080034ec   Section        0  timer.o(i.TIM3_IRQHandler)
    i.TIM3_Int_Init                          0x08003530   Section        0  timer.o(i.TIM3_Int_Init)
    i.TIM_ClearITPendingBit                  0x08003590   Section        0  stm32f10x_tim.o(i.TIM_ClearITPendingBit)
    i.TIM_Cmd                                0x08003596   Section        0  stm32f10x_tim.o(i.TIM_Cmd)
    i.TIM_GetITStatus                        0x080035ae   Section        0  stm32f10x_tim.o(i.TIM_GetITStatus)
    i.TIM_ITConfig                           0x080035d0   Section        0  stm32f10x_tim.o(i.TIM_ITConfig)
    i.TIM_SetCounter                         0x080035e2   Section        0  stm32f10x_tim.o(i.TIM_SetCounter)
    i.TIM_TimeBaseInit                       0x080035e8   Section        0  stm32f10x_tim.o(i.TIM_TimeBaseInit)
    i.USART1_IRQHandler                      0x0800368c   Section        0  usart.o(i.USART1_IRQHandler)
    i.USART_Cmd                              0x080036fc   Section        0  stm32f10x_usart.o(i.USART_Cmd)
    i.USART_GetITStatus                      0x08003714   Section        0  stm32f10x_usart.o(i.USART_GetITStatus)
    i.USART_ITConfig                         0x08003768   Section        0  stm32f10x_usart.o(i.USART_ITConfig)
    i.USART_Init                             0x080037b4   Section        0  stm32f10x_usart.o(i.USART_Init)
    i.USART_ReceiveData                      0x0800388c   Section        0  stm32f10x_usart.o(i.USART_ReceiveData)
    i.UsageFault_Handler                     0x08003896   Section        0  stm32f10x_it.o(i.UsageFault_Handler)
    i.__0printf$5                            0x0800389c   Section        0  printf5.o(i.__0printf$5)
    i.__scatterload_copy                     0x080038bc   Section       14  handlers.o(i.__scatterload_copy)
    i.__scatterload_null                     0x080038ca   Section        2  handlers.o(i.__scatterload_null)
    i.__scatterload_zeroinit                 0x080038cc   Section       14  handlers.o(i.__scatterload_zeroinit)
    i._printf_core                           0x080038dc   Section        0  printf5.o(i._printf_core)
    _printf_core                             0x080038dd   Thumb Code   658  printf5.o(i._printf_core)
    i.blltset                                0x08003b9c   Section        0  clock.o(i.blltset)
    i.bltimeset                              0x08003cd4   Section        0  clock.o(i.bltimeset)
    i.crset                                  0x08003df0   Section        0  clock.o(i.crset)
    i.cw2015disp                             0x08003f20   Section        0  clock.o(i.cw2015disp)
    i.date_init                              0x08004144   Section        0  main.o(i.date_init)
    i.delay                                  0x080043bc   Section        0  st7565.o(i.delay)
    i.delay_init                             0x080043d8   Section        0  delay.o(i.delay_init)
    i.delay_ms                               0x0800441c   Section        0  delay.o(i.delay_ms)
    i.delay_us                               0x08004468   Section        0  delay.o(i.delay_us)
    i.dht11disp                              0x080044b4   Section        0  clock.o(i.dht11disp)
    i.dingshiset1                            0x08004528   Section        0  clock.o(i.dingshiset1)
    i.dispmaohao                             0x08004750   Section        0  clock.o(i.dispmaohao)
    i.disptime1                              0x080047a8   Section        0  clock.o(i.disptime1)
    i.err_set                                0x080051c4   Section        0  main.o(i.err_set)
    i.font_init                              0x08005398   Section        0  fontupd.o(i.font_init)
    i.fputc                                  0x080053c0   Section        0  usart.o(i.fputc)
    i.get_moon_day                           0x080053dc   Section        0  nonglistm.o(i.get_moon_day)
    i.getdata                                0x08005500   Section        0  clock.o(i.getdata)
    i.ina226disp                             0x08005550   Section        0  clock.o(i.ina226disp)
    i.lcd_address                            0x08005778   Section        0  st7565.o(i.lcd_address)
    i.main                                   0x080057b0   Section        0  main.o(i.main)
    i.main_return                            0x08005840   Section        0  clock.o(i.main_return)
    i.main_ss                                0x08005874   Section        0  clock.o(i.main_ss)
    i.menu11                                 0x080058cc   Section        0  menu.o(i.menu11)
    i.menu20                                 0x080058d4   Section        0  menu.o(i.menu20)
    i.menu21                                 0x08005a18   Section        0  menu.o(i.menu21)
    i.menu211                                0x08005adc   Section        0  menu.o(i.menu211)
    i.menu212                                0x08005af0   Section        0  menu.o(i.menu212)
    i.menu213                                0x08005af2   Section        0  menu.o(i.menu213)
    i.menu214                                0x08005af4   Section        0  menu.o(i.menu214)
    i.menu215                                0x08005af6   Section        0  menu.o(i.menu215)
    i.menu216                                0x08005af8   Section        0  menu.o(i.menu216)
    i.menu22                                 0x08005afc   Section        0  menu.o(i.menu22)
    i.menu221                                0x08005c88   Section        0  menu.o(i.menu221)
    i.menu222                                0x08005c9c   Section        0  menu.o(i.menu222)
    i.menu223                                0x08005cb0   Section        0  menu.o(i.menu223)
    i.menu224                                0x08005cc4   Section        0  menu.o(i.menu224)
    i.menu225                                0x08005cd8   Section        0  menu.o(i.menu225)
    i.menu226                                0x08005cda   Section        0  menu.o(i.menu226)
    i.menu23                                 0x08005cdc   Section        0  menu.o(i.menu23)
    i.menu231                                0x08005e70   Section        0  menu.o(i.menu231)
    i.menu232                                0x08005e84   Section        0  menu.o(i.menu232)
    i.menu233                                0x08005e86   Section        0  menu.o(i.menu233)
    i.menu234                                0x08005e88   Section        0  menu.o(i.menu234)
    i.menu235                                0x08005e8a   Section        0  menu.o(i.menu235)
    i.menu236                                0x08005e8c   Section        0  menu.o(i.menu236)
    i.menu24                                 0x08005e90   Section        0  menu.o(i.menu24)
    i.menu241                                0x0800601c   Section        0  menu.o(i.menu241)
    i.menu242                                0x0800601e   Section        0  menu.o(i.menu242)
    i.menu243                                0x08006020   Section        0  menu.o(i.menu243)
    i.menu244                                0x08006022   Section        0  menu.o(i.menu244)
    i.menu245                                0x08006024   Section        0  menu.o(i.menu245)
    i.menu246                                0x08006026   Section        0  menu.o(i.menu246)
    i.menu25                                 0x08006028   Section        0  menu.o(i.menu25)
    i.menu251                                0x080061b4   Section        0  menu.o(i.menu251)
    i.menu252                                0x080061b6   Section        0  menu.o(i.menu252)
    i.menu253                                0x080061b8   Section        0  menu.o(i.menu253)
    i.menu254                                0x080061ba   Section        0  menu.o(i.menu254)
    i.menu255                                0x080061bc   Section        0  menu.o(i.menu255)
    i.menu256                                0x080061be   Section        0  menu.o(i.menu256)
    i.menu26                                 0x080061c0   Section        0  menu.o(i.menu26)
    i.menu261                                0x0800634c   Section        0  menu.o(i.menu261)
    i.menu262                                0x08006360   Section        0  menu.o(i.menu262)
    i.menu263                                0x08006374   Section        0  menu.o(i.menu263)
    i.menu264                                0x08006376   Section        0  menu.o(i.menu264)
    i.menu265                                0x08006378   Section        0  menu.o(i.menu265)
    i.menu266                                0x0800637a   Section        0  menu.o(i.menu266)
    i.menu_time_lcm                          0x0800637c   Section        0  clock.o(i.menu_time_lcm)
    i.menutimeset                            0x080063d4   Section        0  clock.o(i.menutimeset)
    i.read_current                           0x080064f0   Section        0  ds3231.o(i.read_current)
    i.read_random                            0x08006510   Section        0  ds3231.o(i.read_random)
    i.readdata                               0x08006540   Section        0  ds3231.o(i.readdata)
    i.shijianset                             0x080065e8   Section        0  clock.o(i.shijianset)
    i.uart_init                              0x08006cb0   Section        0  usart.o(i.uart_init)
    i.write_byte                             0x08006d50   Section        0  ds3231.o(i.write_byte)
    .constdata                               0x08006d88   Section       24  ds3231.o(.constdata)
    .constdata                               0x08006da0   Section    13536  text.o(.constdata)
    pic1                                     0x08006da0   Data         512  text.o(.constdata)
    Lpic1                                    0x08006fa0   Data        1024  text.o(.constdata)
    Lpic2                                    0x080073a0   Data        1024  text.o(.constdata)
    Lpic3                                    0x080077a0   Data        1024  text.o(.constdata)
    SZ8X8                                    0x08007ba0   Data          80  text.o(.constdata)
    HZ8X16                                   0x08007bf0   Data         160  text.o(.constdata)
    HZ16X8                                   0x08007c90   Data         240  text.o(.constdata)
    HZ12X12                                  0x08007d80   Data         192  text.o(.constdata)
    HZ16X16                                  0x08007e40   Data        2304  text.o(.constdata)
    HZ16X32                                  0x08008740   Data         768  text.o(.constdata)
    HZ32X32                                  0x08008a40   Data         128  text.o(.constdata)
    asc2_1206                                0x08008ac0   Data        1140  text.o(.constdata)
    asc2_1608                                0x08008f34   Data        1520  text.o(.constdata)
    asc2_2412                                0x08009524   Data        3420  text.o(.constdata)
    .constdata                               0x0800a280   Section    13536  clock.o(.constdata)
    pic1                                     0x0800a280   Data         512  clock.o(.constdata)
    Lpic1                                    0x0800a480   Data        1024  clock.o(.constdata)
    Lpic2                                    0x0800a880   Data        1024  clock.o(.constdata)
    Lpic3                                    0x0800ac80   Data        1024  clock.o(.constdata)
    SZ8X8                                    0x0800b080   Data          80  clock.o(.constdata)
    HZ8X16                                   0x0800b0d0   Data         160  clock.o(.constdata)
    HZ16X8                                   0x0800b170   Data         240  clock.o(.constdata)
    HZ12X12                                  0x0800b260   Data         192  clock.o(.constdata)
    HZ16X16                                  0x0800b320   Data        2304  clock.o(.constdata)
    HZ16X32                                  0x0800bc20   Data         768  clock.o(.constdata)
    HZ32X32                                  0x0800bf20   Data         128  clock.o(.constdata)
    asc2_1206                                0x0800bfa0   Data        1140  clock.o(.constdata)
    asc2_1608                                0x0800c414   Data        1520  clock.o(.constdata)
    asc2_2412                                0x0800ca04   Data        3420  clock.o(.constdata)
    .constdata                               0x0800d760   Section      612  nonglistm.o(.constdata)
    year_code                                0x0800d760   Data         597  nonglistm.o(.constdata)
    day_code1                                0x0800d9b5   Data           9  nonglistm.o(.constdata)
    day_code2                                0x0800d9be   Data           6  nonglistm.o(.constdata)
    .data                                    0x20000000   Section        1  main.o(.data)
    .data                                    0x20000004   Section       20  system_stm32f10x.o(.data)
    .data                                    0x20000018   Section        4  delay.o(.data)
    fac_us                                   0x20000018   Data           1  delay.o(.data)
    fac_ms                                   0x2000001a   Data           2  delay.o(.data)
    .data                                    0x2000001c   Section        6  usart.o(.data)
    .data                                    0x20000022   Section       20  stm32f10x_rcc.o(.data)
    APBAHBPrescTable                         0x20000022   Data          16  stm32f10x_rcc.o(.data)
    ADCPrescTable                            0x20000032   Data           4  stm32f10x_rcc.o(.data)
    .data                                    0x20000036   Section        2  w25qxx.o(.data)
    .data                                    0x20000038   Section        7  ds3231.o(.data)
    .data                                    0x20000040   Section        6  timer.o(.data)
    .data                                    0x20000046   Section        1  exti.o(.data)
    .data                                    0x20000047   Section        5  clock.o(.data)
    .data                                    0x2000004c   Section      956  menu.o(.data)
    .data                                    0x20000408   Section       16  nonglistm.o(.data)
    .bss                                     0x20000418   Section     1000  usart.o(.bss)
    .bss                                     0x20000800   Section       18  spi.o(.bss)
    .bss                                     0x20000812   Section     1024  text.o(.bss)
    .bss                                     0x20000c12   Section       33  fontupd.o(.bss)
    STACK                                    0x20000c38   Section     1024  startup_stm32f10x_hd.o(STACK)

    Global Symbols

    Symbol Name                              Value     Ov Type        Size  Object(Section)

    BuildAttributes$$THM_ISAv4$P$D$K$B$S$PE$A:L22UL41UL21$X:L11$S22US41US21$IEEE1$IW$USESV6$~STKCKD$USESV7$~SHL$OTIME$ROPI$IEEEX$EBA8$MICROLIB$REQ8$PRES8$EABIv2 0x00000000   Number         0  anon$$obj.o ABSOLUTE
    __ARM_use_no_argv                        0x00000000   Number         0  main.o ABSOLUTE
    __use_no_errno                           0x00000000   Number         0  useno.o ABSOLUTE
    __use_no_exception_handling              0x00000000   Number         0  useno.o ABSOLUTE
    __use_no_fp                              0x00000000   Number         0  useno.o ABSOLUTE
    __use_no_heap                            0x00000000   Number         0  useno.o ABSOLUTE
    __use_no_heap_region                     0x00000000   Number         0  useno.o ABSOLUTE
    __use_no_semihosting                     0x00000000   Number         0  useno.o ABSOLUTE
    __use_no_semihosting_swi                 0x00000000   Number         0  useno.o ABSOLUTE
    __use_no_signal_handling                 0x00000000   Number         0  useno.o ABSOLUTE
    _printf_a                                0x00000000   Number         0  stubs.o ABSOLUTE
    _printf_c                                0x00000000   Number         0  stubs.o ABSOLUTE
    _printf_charcount                        0x00000000   Number         0  stubs.o ABSOLUTE
    _printf_d                                0x00000000   Number         0  stubs.o ABSOLUTE
    _printf_e                                0x00000000   Number         0  stubs.o ABSOLUTE
    _printf_f                                0x00000000   Number         0  stubs.o ABSOLUTE
    _printf_flags                            0x00000000   Number         0  stubs.o ABSOLUTE
    _printf_fp_dec                           0x00000000   Number         0  stubs.o ABSOLUTE
    _printf_fp_hex                           0x00000000   Number         0  stubs.o ABSOLUTE
    _printf_g                                0x00000000   Number         0  stubs.o ABSOLUTE
    _printf_i                                0x00000000   Number         0  stubs.o ABSOLUTE
    _printf_int_dec                          0x00000000   Number         0  stubs.o ABSOLUTE
    _printf_l                                0x00000000   Number         0  stubs.o ABSOLUTE
    _printf_lc                               0x00000000   Number         0  stubs.o ABSOLUTE
    _printf_ll                               0x00000000   Number         0  stubs.o ABSOLUTE
    _printf_lld                              0x00000000   Number         0  stubs.o ABSOLUTE
    _printf_lli                              0x00000000   Number         0  stubs.o ABSOLUTE
    _printf_llo                              0x00000000   Number         0  stubs.o ABSOLUTE
    _printf_llu                              0x00000000   Number         0  stubs.o ABSOLUTE
    _printf_llx                              0x00000000   Number         0  stubs.o ABSOLUTE
    _printf_longlong_dec                     0x00000000   Number         0  stubs.o ABSOLUTE
    _printf_longlong_hex                     0x00000000   Number         0  stubs.o ABSOLUTE
    _printf_longlong_oct                     0x00000000   Number         0  stubs.o ABSOLUTE
    _printf_ls                               0x00000000   Number         0  stubs.o ABSOLUTE
    _printf_mbtowc                           0x00000000   Number         0  stubs.o ABSOLUTE
    _printf_n                                0x00000000   Number         0  stubs.o ABSOLUTE
    _printf_o                                0x00000000   Number         0  stubs.o ABSOLUTE
    _printf_p                                0x00000000   Number         0  stubs.o ABSOLUTE
    _printf_percent                          0x00000000   Number         0  stubs.o ABSOLUTE
    _printf_pre_padding                      0x00000000   Number         0  stubs.o ABSOLUTE
    _printf_return_value                     0x00000000   Number         0  stubs.o ABSOLUTE
    _printf_s                                0x00000000   Number         0  stubs.o ABSOLUTE
    _printf_sizespec                         0x00000000   Number         0  stubs.o ABSOLUTE
    _printf_str                              0x00000000   Number         0  stubs.o ABSOLUTE
    _printf_truncate_signed                  0x00000000   Number         0  stubs.o ABSOLUTE
    _printf_truncate_unsigned                0x00000000   Number         0  stubs.o ABSOLUTE
    _printf_u                                0x00000000   Number         0  stubs.o ABSOLUTE
    _printf_wc                               0x00000000   Number         0  stubs.o ABSOLUTE
    _printf_wctomb                           0x00000000   Number         0  stubs.o ABSOLUTE
    _printf_widthprec                        0x00000000   Number         0  stubs.o ABSOLUTE
    _printf_x                                0x00000000   Number         0  stubs.o ABSOLUTE
    __cpp_initialize__aeabi_                  - Undefined Weak Reference
    __cxa_finalize                            - Undefined Weak Reference
    _clock_init                               - Undefined Weak Reference
    _microlib_exit                            - Undefined Weak Reference
    __Vectors_Size                           0x00000130   Number         0  startup_stm32f10x_hd.o ABSOLUTE
    __Vectors                                0x08000000   Data           4  startup_stm32f10x_hd.o(RESET)
    __Vectors_End                            0x08000130   Data           0  startup_stm32f10x_hd.o(RESET)
    __main                                   0x08000131   Thumb Code     0  entry.o(.ARM.Collect$$$$00000000)
    _main_stk                                0x08000131   Thumb Code     0  entry2.o(.ARM.Collect$$$$00000001)
    _main_scatterload                        0x08000135   Thumb Code     0  entry5.o(.ARM.Collect$$$$00000004)
    __main_after_scatterload                 0x08000139   Thumb Code     0  entry5.o(.ARM.Collect$$$$00000004)
    _main_clock                              0x08000139   Thumb Code     0  entry7b.o(.ARM.Collect$$$$00000008)
    _main_cpp_init                           0x08000139   Thumb Code     0  entry8b.o(.ARM.Collect$$$$0000000A)
    _main_init                               0x08000139   Thumb Code     0  entry9a.o(.ARM.Collect$$$$0000000B)
    __rt_final_cpp                           0x08000141   Thumb Code     0  entry10a.o(.ARM.Collect$$$$0000000D)
    __rt_final_exit                          0x08000141   Thumb Code     0  entry11a.o(.ARM.Collect$$$$0000000F)
    Reset_Handler                            0x08000145   Thumb Code     8  startup_stm32f10x_hd.o(.text)
    ADC1_2_IRQHandler                        0x0800015f   Thumb Code     0  startup_stm32f10x_hd.o(.text)
    ADC3_IRQHandler                          0x0800015f   Thumb Code     0  startup_stm32f10x_hd.o(.text)
    CAN1_RX1_IRQHandler                      0x0800015f   Thumb Code     0  startup_stm32f10x_hd.o(.text)
    CAN1_SCE_IRQHandler                      0x0800015f   Thumb Code     0  startup_stm32f10x_hd.o(.text)
    DMA1_Channel1_IRQHandler                 0x0800015f   Thumb Code     0  startup_stm32f10x_hd.o(.text)
    DMA1_Channel2_IRQHandler                 0x0800015f   Thumb Code     0  startup_stm32f10x_hd.o(.text)
    DMA1_Channel3_IRQHandler                 0x0800015f   Thumb Code     0  startup_stm32f10x_hd.o(.text)
    DMA1_Channel4_IRQHandler                 0x0800015f   Thumb Code     0  startup_stm32f10x_hd.o(.text)
    DMA1_Channel5_IRQHandler                 0x0800015f   Thumb Code     0  startup_stm32f10x_hd.o(.text)
    DMA1_Channel6_IRQHandler                 0x0800015f   Thumb Code     0  startup_stm32f10x_hd.o(.text)
    DMA1_Channel7_IRQHandler                 0x0800015f   Thumb Code     0  startup_stm32f10x_hd.o(.text)
    DMA2_Channel1_IRQHandler                 0x0800015f   Thumb Code     0  startup_stm32f10x_hd.o(.text)
    DMA2_Channel2_IRQHandler                 0x0800015f   Thumb Code     0  startup_stm32f10x_hd.o(.text)
    DMA2_Channel3_IRQHandler                 0x0800015f   Thumb Code     0  startup_stm32f10x_hd.o(.text)
    DMA2_Channel4_5_IRQHandler               0x0800015f   Thumb Code     0  startup_stm32f10x_hd.o(.text)
    EXTI0_IRQHandler                         0x0800015f   Thumb Code     0  startup_stm32f10x_hd.o(.text)
    EXTI1_IRQHandler                         0x0800015f   Thumb Code     0  startup_stm32f10x_hd.o(.text)
    EXTI2_IRQHandler                         0x0800015f   Thumb Code     0  startup_stm32f10x_hd.o(.text)
    FLASH_IRQHandler                         0x0800015f   Thumb Code     0  startup_stm32f10x_hd.o(.text)
    FSMC_IRQHandler                          0x0800015f   Thumb Code     0  startup_stm32f10x_hd.o(.text)
    I2C1_ER_IRQHandler                       0x0800015f   Thumb Code     0  startup_stm32f10x_hd.o(.text)
    I2C1_EV_IRQHandler                       0x0800015f   Thumb Code     0  startup_stm32f10x_hd.o(.text)
    I2C2_ER_IRQHandler                       0x0800015f   Thumb Code     0  startup_stm32f10x_hd.o(.text)
    I2C2_EV_IRQHandler                       0x0800015f   Thumb Code     0  startup_stm32f10x_hd.o(.text)
    PVD_IRQHandler                           0x0800015f   Thumb Code     0  startup_stm32f10x_hd.o(.text)
    RCC_IRQHandler                           0x0800015f   Thumb Code     0  startup_stm32f10x_hd.o(.text)
    RTCAlarm_IRQHandler                      0x0800015f   Thumb Code     0  startup_stm32f10x_hd.o(.text)
    RTC_IRQHandler                           0x0800015f   Thumb Code     0  startup_stm32f10x_hd.o(.text)
    SDIO_IRQHandler                          0x0800015f   Thumb Code     0  startup_stm32f10x_hd.o(.text)
    SPI1_IRQHandler                          0x0800015f   Thumb Code     0  startup_stm32f10x_hd.o(.text)
    SPI2_IRQHandler                          0x0800015f   Thumb Code     0  startup_stm32f10x_hd.o(.text)
    SPI3_IRQHandler                          0x0800015f   Thumb Code     0  startup_stm32f10x_hd.o(.text)
    TAMPER_IRQHandler                        0x0800015f   Thumb Code     0  startup_stm32f10x_hd.o(.text)
    TIM1_BRK_IRQHandler                      0x0800015f   Thumb Code     0  startup_stm32f10x_hd.o(.text)
    TIM1_CC_IRQHandler                       0x0800015f   Thumb Code     0  startup_stm32f10x_hd.o(.text)
    TIM1_TRG_COM_IRQHandler                  0x0800015f   Thumb Code     0  startup_stm32f10x_hd.o(.text)
    TIM1_UP_IRQHandler                       0x0800015f   Thumb Code     0  startup_stm32f10x_hd.o(.text)
    TIM2_IRQHandler                          0x0800015f   Thumb Code     0  startup_stm32f10x_hd.o(.text)
    TIM4_IRQHandler                          0x0800015f   Thumb Code     0  startup_stm32f10x_hd.o(.text)
    TIM5_IRQHandler                          0x0800015f   Thumb Code     0  startup_stm32f10x_hd.o(.text)
    TIM6_IRQHandler                          0x0800015f   Thumb Code     0  startup_stm32f10x_hd.o(.text)
    TIM7_IRQHandler                          0x0800015f   Thumb Code     0  startup_stm32f10x_hd.o(.text)
    TIM8_BRK_IRQHandler                      0x0800015f   Thumb Code     0  startup_stm32f10x_hd.o(.text)
    TIM8_CC_IRQHandler                       0x0800015f   Thumb Code     0  startup_stm32f10x_hd.o(.text)
    TIM8_TRG_COM_IRQHandler                  0x0800015f   Thumb Code     0  startup_stm32f10x_hd.o(.text)
    TIM8_UP_IRQHandler                       0x0800015f   Thumb Code     0  startup_stm32f10x_hd.o(.text)
    UART4_IRQHandler                         0x0800015f   Thumb Code     0  startup_stm32f10x_hd.o(.text)
    UART5_IRQHandler                         0x0800015f   Thumb Code     0  startup_stm32f10x_hd.o(.text)
    USART2_IRQHandler                        0x0800015f   Thumb Code     0  startup_stm32f10x_hd.o(.text)
    USART3_IRQHandler                        0x0800015f   Thumb Code     0  startup_stm32f10x_hd.o(.text)
    USBWakeUp_IRQHandler                     0x0800015f   Thumb Code     0  startup_stm32f10x_hd.o(.text)
    USB_HP_CAN1_TX_IRQHandler                0x0800015f   Thumb Code     0  startup_stm32f10x_hd.o(.text)
    USB_LP_CAN1_RX0_IRQHandler               0x0800015f   Thumb Code     0  startup_stm32f10x_hd.o(.text)
    WWDG_IRQHandler                          0x0800015f   Thumb Code     0  startup_stm32f10x_hd.o(.text)
    abs                                      0x08000169   Thumb Code     8  siabs.o(.text)
    __aeabi_memcpy                           0x08000171   Thumb Code    36  memcpya.o(.text)
    __aeabi_memcpy4                          0x08000171   Thumb Code     0  memcpya.o(.text)
    __aeabi_memcpy8                          0x08000171   Thumb Code     0  memcpya.o(.text)
    __aeabi_dmul                             0x08000195   Thumb Code   228  dmul.o(.text)
    __aeabi_i2d                              0x08000279   Thumb Code    34  dflti.o(.text)
    __aeabi_d2iz                             0x0800029b   Thumb Code    62  dfixi.o(.text)
    __aeabi_d2uiz                            0x080002d9   Thumb Code    50  dfixui.o(.text)
    __aeabi_uldivmod                         0x0800030b   Thumb Code    98  uldiv.o(.text)
    __aeabi_llsl                             0x0800036d   Thumb Code    30  llshl.o(.text)
    _ll_shift_l                              0x0800036d   Thumb Code     0  llshl.o(.text)
    __aeabi_llsr                             0x0800038b   Thumb Code    32  llushr.o(.text)
    _ll_ushift_r                             0x0800038b   Thumb Code     0  llushr.o(.text)
    __I$use$fp                               0x080003ab   Thumb Code     0  iusefp.o(.text)
    _double_round                            0x080003ab   Thumb Code    30  depilogue.o(.text)
    _double_epilogue                         0x080003c9   Thumb Code   156  depilogue.o(.text)
    __scatterload                            0x08000465   Thumb Code    28  init.o(.text)
    __scatterload_rt2                        0x08000465   Thumb Code     0  init.o(.text)
    __decompress                             0x08000489   Thumb Code     0  __dczerorl2.o(.text)
    __decompress1                            0x08000489   Thumb Code    86  __dczerorl2.o(.text)
    AT24CXX_Check                            0x080004df   Thumb Code    46  24c02.o(i.AT24CXX_Check)
    AT24CXX_Init                             0x0800050d   Thumb Code    28  24c02.o(i.AT24CXX_Init)
    AT24CXX_ReadOneByte                      0x08000551   Thumb Code    88  24c02.o(i.AT24CXX_ReadOneByte)
    AT24CXX_WriteOneByte                     0x080005a9   Thumb Code    80  24c02.o(i.AT24CXX_WriteOneByte)
    BCD2HEX                                  0x080005f9   Thumb Code    24  ds3231.o(i.BCD2HEX)
    BusFault_Handler                         0x08000611   Thumb Code     4  stm32f10x_it.o(i.BusFault_Handler)
    CW2015_ID                                0x08000615   Thumb Code    16  cw2015.o(i.CW2015_ID)
    CW2015_Init                              0x08000625   Thumb Code    44  cw2015.o(i.CW2015_Init)
    CW2015_ReadOneByte                       0x08000651   Thumb Code    60  cw2015.o(i.CW2015_ReadOneByte)
    CW2015_Soc                               0x0800068d   Thumb Code    32  cw2015.o(i.CW2015_Soc)
    CW2015_Time                              0x080006ad   Thumb Code    30  cw2015.o(i.CW2015_Time)
    CW2015_Vcell                             0x080006cd   Thumb Code    54  cw2015.o(i.CW2015_Vcell)
    CW2015_WriteOneByte                      0x0800070d   Thumb Code    68  cw2015.o(i.CW2015_WriteOneByte)
    CleanPoint                               0x08000751   Thumb Code    46  text.o(i.CleanPoint)
    CleanScreen                              0x08000785   Thumb Code    22  text.o(i.CleanScreen)
    ClearDisplay                             0x080007a1   Thumb Code    56  st7565.o(i.ClearDisplay)
    Conversion                               0x080007d9   Thumb Code   702  nonglistm.o(i.Conversion)
    DHT11_Check                              0x08000ab5   Thumb Code    94  dht11.o(i.DHT11_Check)
    DHT11_Init                               0x08000b29   Thumb Code    58  dht11.o(i.DHT11_Init)
    DHT11_Read_Bit                           0x08000b69   Thumb Code    70  dht11.o(i.DHT11_Read_Bit)
    DHT11_Read_Byte                          0x08000bb5   Thumb Code    30  dht11.o(i.DHT11_Read_Byte)
    DHT11_Read_Data                          0x08000bd3   Thumb Code    88  dht11.o(i.DHT11_Read_Data)
    DHT11_Rst                                0x08000c2d   Thumb Code    52  dht11.o(i.DHT11_Rst)
    DebugMon_Handler                         0x08000c6d   Thumb Code     2  stm32f10x_it.o(i.DebugMon_Handler)
    DrawLine                                 0x08000c6f   Thumb Code   274  text.o(i.DrawLine)
    DrawPoint                                0x08000d81   Thumb Code    46  text.o(i.DrawPoint)
    DrawRectangle                            0x08000db5   Thumb Code   258  text.o(i.DrawRectangle)
    EXTI15_10_IRQHandler                     0x08000eb9   Thumb Code    30  exti.o(i.EXTI15_10_IRQHandler)
    EXTI3_IRQHandler                         0x08000ee1   Thumb Code    26  exti.o(i.EXTI3_IRQHandler)
    EXTI4_IRQHandler                         0x08000f05   Thumb Code    26  exti.o(i.EXTI4_IRQHandler)
    EXTI9_5_IRQHandler                       0x08000f29   Thumb Code    26  exti.o(i.EXTI9_5_IRQHandler)
    EXTIX_Init                               0x08000f4d   Thumb Code   274  exti.o(i.EXTIX_Init)
    EXTI_ClearITPendingBit                   0x08001061   Thumb Code     6  stm32f10x_exti.o(i.EXTI_ClearITPendingBit)
    EXTI_Init                                0x0800106d   Thumb Code   142  stm32f10x_exti.o(i.EXTI_Init)
    GPIO_EXTILineConfig                      0x08001101   Thumb Code    60  stm32f10x_gpio.o(i.GPIO_EXTILineConfig)
    GPIO_Init                                0x08001141   Thumb Code   278  stm32f10x_gpio.o(i.GPIO_Init)
    GPIO_PinRemapConfig                      0x08001259   Thumb Code   138  stm32f10x_gpio.o(i.GPIO_PinRemapConfig)
    GPIO_ReadInputDataBit                    0x080012e9   Thumb Code    16  stm32f10x_gpio.o(i.GPIO_ReadInputDataBit)
    GPIO_ResetBits                           0x080012f9   Thumb Code     4  stm32f10x_gpio.o(i.GPIO_ResetBits)
    GPIO_SetBits                             0x080012fd   Thumb Code     4  stm32f10x_gpio.o(i.GPIO_SetBits)
    Get_HzMat                                0x08001301   Thumb Code   984  text.o(i.Get_HzMat)
    HEX2BCD                                  0x080016e5   Thumb Code    32  ds3231.o(i.HEX2BCD)
    HardFault_Handler                        0x08001705   Thumb Code     4  stm32f10x_it.o(i.HardFault_Handler)
    IIC_Ack                                  0x08001709   Thumb Code    66  myiic.o(i.IIC_Ack)
    IIC_Init                                 0x08001759   Thumb Code    50  myiic.o(i.IIC_Init)
    IIC_NAck                                 0x08001791   Thumb Code    66  myiic.o(i.IIC_NAck)
    IIC_Read_Byte                            0x080017e1   Thumb Code    98  myiic.o(i.IIC_Read_Byte)
    IIC_Send_Byte                            0x08001851   Thumb Code   104  myiic.o(i.IIC_Send_Byte)
    IIC_Start                                0x080018c5   Thumb Code    64  myiic.o(i.IIC_Start)
    IIC_Stop                                 0x08001911   Thumb Code    62  myiic.o(i.IIC_Stop)
    IIC_Wait_Ack                             0x0800195d   Thumb Code    86  myiic.o(i.IIC_Wait_Ack)
    INA226_GetCurrent                        0x080019c1   Thumb Code    34  ina226.o(i.INA226_GetCurrent)
    INA226_GetVoltage                        0x080019f1   Thumb Code    42  ina226.o(i.INA226_GetVoltage)
    INA226_Init                              0x08001a1b   Thumb Code    28  ina226.o(i.INA226_Init)
    INA226_ReadData                          0x08001a37   Thumb Code    54  ina226.o(i.INA226_ReadData)
    INA226_SendData                          0x08001a6d   Thumb Code    68  ina226.o(i.INA226_SendData)
    INA226_SetRegPointer                     0x08001ab1   Thumb Code    36  ina226.o(i.INA226_SetRegPointer)
    Init_St7565                              0x08001ad5   Thumb Code   164  st7565.o(i.Init_St7565)
    KEY_Init                                 0x08001b8d   Thumb Code   134  key.o(i.KEY_Init)
    LCD_Pow                                  0x08001c21   Thumb Code    22  text.o(i.LCD_Pow)
    LCD_ShowChar                             0x08001c39   Thumb Code   480  text.o(i.LCD_ShowChar)
    LCD_ShowNum                              0x08001e25   Thumb Code   148  text.o(i.LCD_ShowNum)
    LCD_Show_Full_Screen_Pic                 0x08001eb9   Thumb Code    42  st7565.o(i.LCD_Show_Full_Screen_Pic)
    LCD_zimu                                 0x08001ee3   Thumb Code  2292  text.o(i.LCD_zimu)
    LED_Init                                 0x080027d9   Thumb Code    50  led.o(i.LED_Init)
    MemManage_Handler                        0x08002811   Thumb Code     4  stm32f10x_it.o(i.MemManage_Handler)
    Menu_key_set                             0x08002815   Thumb Code   234  menu.o(i.Menu_key_set)
    MsgBoxSimple                             0x08002941   Thumb Code   128  text.o(i.MsgBoxSimple)
    NMI_Handler                              0x080029c1   Thumb Code     2  stm32f10x_it.o(i.NMI_Handler)
    NVIC_Init                                0x080029c5   Thumb Code   100  misc.o(i.NVIC_Init)
    NVIC_PriorityGroupConfig                 0x08002a35   Thumb Code    10  misc.o(i.NVIC_PriorityGroupConfig)
    PGday                                    0x08002a49   Thumb Code   224  ds3231.o(i.PGday)
    PendSV_Handler                           0x08002b31   Thumb Code     2  stm32f10x_it.o(i.PendSV_Handler)
    RCC_APB1PeriphClockCmd                   0x08002b35   Thumb Code    26  stm32f10x_rcc.o(i.RCC_APB1PeriphClockCmd)
    RCC_APB2PeriphClockCmd                   0x08002b55   Thumb Code    26  stm32f10x_rcc.o(i.RCC_APB2PeriphClockCmd)
    RCC_GetClocksFreq                        0x08002b75   Thumb Code   192  stm32f10x_rcc.o(i.RCC_GetClocksFreq)
    SPI1_Init                                0x08002c49   Thumb Code   108  spi.o(i.SPI1_Init)
    SPI1_ReadWriteByte                       0x08002cc1   Thumb Code    78  spi.o(i.SPI1_ReadWriteByte)
    SPI1_SetSpeed                            0x08002d15   Thumb Code    34  spi.o(i.SPI1_SetSpeed)
    SPI_Cmd                                  0x08002d3d   Thumb Code    24  stm32f10x_spi.o(i.SPI_Cmd)
    SPI_Flash_Init                           0x08002d55   Thumb Code    64  w25qxx.o(i.SPI_Flash_Init)
    SPI_Flash_Read                           0x08002d9d   Thumb Code    74  w25qxx.o(i.SPI_Flash_Read)
    SPI_Flash_ReadID                         0x08002ded   Thumb Code    72  w25qxx.o(i.SPI_Flash_ReadID)
    SPI_I2S_GetFlagStatus                    0x08002e4d   Thumb Code    18  stm32f10x_spi.o(i.SPI_I2S_GetFlagStatus)
    SPI_I2S_ReceiveData                      0x08002e5f   Thumb Code     6  stm32f10x_spi.o(i.SPI_I2S_ReceiveData)
    SPI_I2S_SendData                         0x08002e65   Thumb Code     4  stm32f10x_spi.o(i.SPI_I2S_SendData)
    SPI_Init                                 0x08002e69   Thumb Code    60  stm32f10x_spi.o(i.SPI_Init)
    SVC_Handler                              0x08002ea5   Thumb Code     2  stm32f10x_it.o(i.SVC_Handler)
    SetTime                                  0x08002f91   Thumb Code   124  ds3231.o(i.SetTime)
    ShowAllGraphRAM                          0x0800300d   Thumb Code    10  text.o(i.ShowAllGraphRAM)
    ShowMsgSimple                            0x0800301d   Thumb Code    28  text.o(i.ShowMsgSimple)
    Show_Font                                0x08003039   Thumb Code   460  text.o(i.Show_Font)
    Show_Str                                 0x08003205   Thumb Code   194  text.o(i.Show_Str)
    St7565_Port                              0x080032c9   Thumb Code    76  st7565.o(i.St7565_Port)
    St7565_WriteCmd                          0x0800331d   Thumb Code   114  st7565.o(i.St7565_WriteCmd)
    St7565_WriteDat                          0x08003399   Thumb Code   114  st7565.o(i.St7565_WriteDat)
    SysTick_CLKSourceConfig                  0x08003415   Thumb Code    40  misc.o(i.SysTick_CLKSourceConfig)
    SysTick_Handler                          0x0800343d   Thumb Code     2  stm32f10x_it.o(i.SysTick_Handler)
    SysTick_Initaize                         0x08003441   Thumb Code    60  delay.o(i.SysTick_Initaize)
    SystemInit                               0x0800348d   Thumb Code    78  system_stm32f10x.o(i.SystemInit)
    TIM3_IRQHandler                          0x080034ed   Thumb Code    52  timer.o(i.TIM3_IRQHandler)
    TIM3_Int_Init                            0x08003531   Thumb Code    90  timer.o(i.TIM3_Int_Init)
    TIM_ClearITPendingBit                    0x08003591   Thumb Code     6  stm32f10x_tim.o(i.TIM_ClearITPendingBit)
    TIM_Cmd                                  0x08003597   Thumb Code    24  stm32f10x_tim.o(i.TIM_Cmd)
    TIM_GetITStatus                          0x080035af   Thumb Code    34  stm32f10x_tim.o(i.TIM_GetITStatus)
    TIM_ITConfig                             0x080035d1   Thumb Code    18  stm32f10x_tim.o(i.TIM_ITConfig)
    TIM_SetCounter                           0x080035e3   Thumb Code     4  stm32f10x_tim.o(i.TIM_SetCounter)
    TIM_TimeBaseInit                         0x080035e9   Thumb Code   122  stm32f10x_tim.o(i.TIM_TimeBaseInit)
    USART1_IRQHandler                        0x0800368d   Thumb Code    96  usart.o(i.USART1_IRQHandler)
    USART_Cmd                                0x080036fd   Thumb Code    24  stm32f10x_usart.o(i.USART_Cmd)
    USART_GetITStatus                        0x08003715   Thumb Code    84  stm32f10x_usart.o(i.USART_GetITStatus)
    USART_ITConfig                           0x08003769   Thumb Code    74  stm32f10x_usart.o(i.USART_ITConfig)
    USART_Init                               0x080037b5   Thumb Code   210  stm32f10x_usart.o(i.USART_Init)
    USART_ReceiveData                        0x0800388d   Thumb Code    10  stm32f10x_usart.o(i.USART_ReceiveData)
    UsageFault_Handler                       0x08003897   Thumb Code     4  stm32f10x_it.o(i.UsageFault_Handler)
    __0printf$5                              0x0800389d   Thumb Code    22  printf5.o(i.__0printf$5)
    __1printf$5                              0x0800389d   Thumb Code     0  printf5.o(i.__0printf$5)
    __2printf                                0x0800389d   Thumb Code     0  printf5.o(i.__0printf$5)
    __scatterload_copy                       0x080038bd   Thumb Code    14  handlers.o(i.__scatterload_copy)
    __scatterload_null                       0x080038cb   Thumb Code     2  handlers.o(i.__scatterload_null)
    __scatterload_zeroinit                   0x080038cd   Thumb Code    14  handlers.o(i.__scatterload_zeroinit)
    blltset                                  0x08003b9d   Thumb Code   260  clock.o(i.blltset)
    bltimeset                                0x08003cd5   Thumb Code   236  clock.o(i.bltimeset)
    crset                                    0x08003df1   Thumb Code   254  clock.o(i.crset)
    cw2015disp                               0x08003f21   Thumb Code   432  clock.o(i.cw2015disp)
    date_init                                0x08004145   Thumb Code   496  main.o(i.date_init)
    delay                                    0x080043bd   Thumb Code    28  st7565.o(i.delay)
    delay_init                               0x080043d9   Thumb Code    50  delay.o(i.delay_init)
    delay_ms                                 0x0800441d   Thumb Code    72  delay.o(i.delay_ms)
    delay_us                                 0x08004469   Thumb Code    72  delay.o(i.delay_us)
    dht11disp                                0x080044b5   Thumb Code   100  clock.o(i.dht11disp)
    dingshiset1                              0x08004529   Thumb Code   398  clock.o(i.dingshiset1)
    dispmaohao                               0x08004751   Thumb Code    80  clock.o(i.dispmaohao)
    disptime1                                0x080047a9   Thumb Code  2562  clock.o(i.disptime1)
    err_set                                  0x080051c5   Thumb Code   300  main.o(i.err_set)
    font_init                                0x08005399   Thumb Code    32  fontupd.o(i.font_init)
    fputc                                    0x080053c1   Thumb Code    24  usart.o(i.fputc)
    get_moon_day                             0x080053dd   Thumb Code   286  nonglistm.o(i.get_moon_day)
    getdata                                  0x08005501   Thumb Code    58  clock.o(i.getdata)
    ina226disp                               0x08005551   Thumb Code   462  clock.o(i.ina226disp)
    lcd_address                              0x08005779   Thumb Code    50  st7565.o(i.lcd_address)
    main                                     0x080057b1   Thumb Code   106  main.o(i.main)
    main_return                              0x08005841   Thumb Code    48  clock.o(i.main_return)
    main_ss                                  0x08005875   Thumb Code    84  clock.o(i.main_ss)
    menu11                                   0x080058cd   Thumb Code     8  menu.o(i.menu11)
    menu20                                   0x080058d5   Thumb Code   258  menu.o(i.menu20)
    menu21                                   0x08005a19   Thumb Code   142  menu.o(i.menu21)
    menu211                                  0x08005add   Thumb Code    14  menu.o(i.menu211)
    menu212                                  0x08005af1   Thumb Code     2  menu.o(i.menu212)
    menu213                                  0x08005af3   Thumb Code     2  menu.o(i.menu213)
    menu214                                  0x08005af5   Thumb Code     2  menu.o(i.menu214)
    menu215                                  0x08005af7   Thumb Code     2  menu.o(i.menu215)
    menu216                                  0x08005af9   Thumb Code     2  menu.o(i.menu216)
    menu22                                   0x08005afd   Thumb Code   312  menu.o(i.menu22)
    menu221                                  0x08005c89   Thumb Code    14  menu.o(i.menu221)
    menu222                                  0x08005c9d   Thumb Code    14  menu.o(i.menu222)
    menu223                                  0x08005cb1   Thumb Code    14  menu.o(i.menu223)
    menu224                                  0x08005cc5   Thumb Code    14  menu.o(i.menu224)
    menu225                                  0x08005cd9   Thumb Code     2  menu.o(i.menu225)
    menu226                                  0x08005cdb   Thumb Code     2  menu.o(i.menu226)
    menu23                                   0x08005cdd   Thumb Code   312  menu.o(i.menu23)
    menu231                                  0x08005e71   Thumb Code    14  menu.o(i.menu231)
    menu232                                  0x08005e85   Thumb Code     2  menu.o(i.menu232)
    menu233                                  0x08005e87   Thumb Code     2  menu.o(i.menu233)
    menu234                                  0x08005e89   Thumb Code     2  menu.o(i.menu234)
    menu235                                  0x08005e8b   Thumb Code     2  menu.o(i.menu235)
    menu236                                  0x08005e8d   Thumb Code     2  menu.o(i.menu236)
    menu24                                   0x08005e91   Thumb Code   312  menu.o(i.menu24)
    menu241                                  0x0800601d   Thumb Code     2  menu.o(i.menu241)
    menu242                                  0x0800601f   Thumb Code     2  menu.o(i.menu242)
    menu243                                  0x08006021   Thumb Code     2  menu.o(i.menu243)
    menu244                                  0x08006023   Thumb Code     2  menu.o(i.menu244)
    menu245                                  0x08006025   Thumb Code     2  menu.o(i.menu245)
    menu246                                  0x08006027   Thumb Code     2  menu.o(i.menu246)
    menu25                                   0x08006029   Thumb Code   312  menu.o(i.menu25)
    menu251                                  0x080061b5   Thumb Code     2  menu.o(i.menu251)
    menu252                                  0x080061b7   Thumb Code     2  menu.o(i.menu252)
    menu253                                  0x080061b9   Thumb Code     2  menu.o(i.menu253)
    menu254                                  0x080061bb   Thumb Code     2  menu.o(i.menu254)
    menu255                                  0x080061bd   Thumb Code     2  menu.o(i.menu255)
    menu256                                  0x080061bf   Thumb Code     2  menu.o(i.menu256)
    menu26                                   0x080061c1   Thumb Code   312  menu.o(i.menu26)
    menu261                                  0x0800634d   Thumb Code    14  menu.o(i.menu261)
    menu262                                  0x08006361   Thumb Code    14  menu.o(i.menu262)
    menu263                                  0x08006375   Thumb Code     2  menu.o(i.menu263)
    menu264                                  0x08006377   Thumb Code     2  menu.o(i.menu264)
    menu265                                  0x08006379   Thumb Code     2  menu.o(i.menu265)
    menu266                                  0x0800637b   Thumb Code     2  menu.o(i.menu266)
    menu_time_lcm                            0x0800637d   Thumb Code    74  clock.o(i.menu_time_lcm)
    menutimeset                              0x080063d5   Thumb Code   236  clock.o(i.menutimeset)
    read_current                             0x080064f1   Thumb Code    32  ds3231.o(i.read_current)
    read_random                              0x08006511   Thumb Code    46  ds3231.o(i.read_random)
    readdata                                 0x08006541   Thumb Code   140  ds3231.o(i.readdata)
    shijianset                               0x080065e9   Thumb Code  1644  clock.o(i.shijianset)
    uart_init                                0x08006cb1   Thumb Code   152  usart.o(i.uart_init)
    write_byte                               0x08006d51   Thumb Code    54  ds3231.o(i.write_byte)
    Region$$Table$$Base                      0x0800d9c4   Number         0  anon$$obj.o(Region$$Table)
    Region$$Table$$Limit                     0x0800d9e4   Number         0  anon$$obj.o(Region$$Table)
    rst                                      0x20000000   Data           1  main.o(.data)
    SystemCoreClock                          0x20000004   Data           4  system_stm32f10x.o(.data)
    AHBPrescTable                            0x20000008   Data          16  system_stm32f10x.o(.data)
    __stdout                                 0x2000001c   Data           4  usart.o(.data)
    USART_RX_STA                             0x20000020   Data           2  usart.o(.data)
    SPI_FLASH_TYPE                           0x20000036   Data           2  w25qxx.o(.data)
    year                                     0x20000038   Data           1  ds3231.o(.data)
    month                                    0x20000039   Data           1  ds3231.o(.data)
    day                                      0x2000003a   Data           1  ds3231.o(.data)
    hour                                     0x2000003b   Data           1  ds3231.o(.data)
    min                                      0x2000003c   Data           1  ds3231.o(.data)
    sec                                      0x2000003d   Data           1  ds3231.o(.data)
    week                                     0x2000003e   Data           1  ds3231.o(.data)
    TIM_1                                    0x20000040   Data           2  timer.o(.data)
    TIM_2                                    0x20000042   Data           2  timer.o(.data)
    TIM_3                                    0x20000044   Data           2  timer.o(.data)
    keyflag                                  0x20000046   Data           1  exti.o(.data)
    s_main                                   0x20000047   Data           1  clock.o(.data)
    d_main                                   0x20000048   Data           1  clock.o(.data)
    M_time                                   0x20000049   Data           1  clock.o(.data)
    temperature                              0x2000004a   Data           1  clock.o(.data)
    humidity                                 0x2000004b   Data           1  clock.o(.data)
    func_index                               0x2000004c   Data           1  menu.o(.data)
    current_operation_index                  0x20000050   Data           4  menu.o(.data)
    table                                    0x20000054   Data         948  menu.o(.data)
    c_moon                                   0x20000408   Data           1  nonglistm.o(.data)
    year_moon                                0x20000409   Data           1  nonglistm.o(.data)
    month_moon                               0x2000040a   Data           1  nonglistm.o(.data)
    day_moon                                 0x2000040b   Data           1  nonglistm.o(.data)
    table_WEEK                               0x2000040c   Data          12  nonglistm.o(.data)
    USART_RX_BUF                             0x20000418   Data        1000  usart.o(.bss)
    SPI_InitStructure                        0x20000800   Data          18  spi.o(.bss)
    GraphRAM                                 0x20000812   Data        1024  text.o(.bss)
    ftinfo                                   0x20000c12   Data          33  fontupd.o(.bss)
    __initial_sp                             0x20001038   Data           0  startup_stm32f10x_hd.o(STACK)



==============================================================================

Memory Map of the image

  Image Entry point : 0x08000131

  Load Region LR_IROM1 (Base: 0x08000000, Size: 0x0000ddfc, Max: 0x00010000, ABSOLUTE, COMPRESSED[0x0000dbe4])

    Execution Region ER_IROM1 (Exec base: 0x08000000, Load base: 0x08000000, Size: 0x0000d9e4, Max: 0x00010000, ABSOLUTE)

    Exec Addr    Load Addr    Size         Type   Attr      Idx    E Section Name        Object

    0x08000000   0x08000000   0x00000130   Data   RO          413    RESET               startup_stm32f10x_hd.o
    0x08000130   0x08000130   0x00000000   Code   RO         4688  * .ARM.Collect$$$$00000000  mc_w.l(entry.o)
    0x08000130   0x08000130   0x00000004   Code   RO         5022    .ARM.Collect$$$$00000001  mc_w.l(entry2.o)
    0x08000134   0x08000134   0x00000004   Code   RO         5025    .ARM.Collect$$$$00000004  mc_w.l(entry5.o)
    0x08000138   0x08000138   0x00000000   Code   RO         5027    .ARM.Collect$$$$00000008  mc_w.l(entry7b.o)
    0x08000138   0x08000138   0x00000000   Code   RO         5029    .ARM.Collect$$$$0000000A  mc_w.l(entry8b.o)
    0x08000138   0x08000138   0x00000008   Code   RO         5030    .ARM.Collect$$$$0000000B  mc_w.l(entry9a.o)
    0x08000140   0x08000140   0x00000000   Code   RO         5032    .ARM.Collect$$$$0000000D  mc_w.l(entry10a.o)
    0x08000140   0x08000140   0x00000000   Code   RO         5034    .ARM.Collect$$$$0000000F  mc_w.l(entry11a.o)
    0x08000140   0x08000140   0x00000004   Code   RO         5023    .ARM.Collect$$$$00002712  mc_w.l(entry2.o)
    0x08000144   0x08000144   0x00000024   Code   RO          414    .text               startup_stm32f10x_hd.o
    0x08000168   0x08000168   0x00000008   Code   RO         4691    .text               mc_w.l(siabs.o)
    0x08000170   0x08000170   0x00000024   Code   RO         4695    .text               mc_w.l(memcpya.o)
    0x08000194   0x08000194   0x000000e4   Code   RO         4968    .text               mf_w.l(dmul.o)
    0x08000278   0x08000278   0x00000022   Code   RO         4976    .text               mf_w.l(dflti.o)
    0x0800029a   0x0800029a   0x0000003e   Code   RO         4982    .text               mf_w.l(dfixi.o)
    0x080002d8   0x080002d8   0x00000032   Code   RO         4984    .text               mf_w.l(dfixui.o)
    0x0800030a   0x0800030a   0x00000062   Code   RO         5038    .text               mc_w.l(uldiv.o)
    0x0800036c   0x0800036c   0x0000001e   Code   RO         5040    .text               mc_w.l(llshl.o)
    0x0800038a   0x0800038a   0x00000020   Code   RO         5042    .text               mc_w.l(llushr.o)
    0x080003aa   0x080003aa   0x00000000   Code   RO         5053    .text               mc_w.l(iusefp.o)
    0x080003aa   0x080003aa   0x000000ba   Code   RO         5056    .text               mf_w.l(depilogue.o)
    0x08000464   0x08000464   0x00000024   Code   RO         5066    .text               mc_w.l(init.o)
    0x08000488   0x08000488   0x00000056   Code   RO         5078    .text               mc_w.l(__dczerorl2.o)
    0x080004de   0x080004de   0x0000002e   Code   RO         3656    i.AT24CXX_Check     24c02.o
    0x0800050c   0x0800050c   0x00000044   Code   RO         3657    i.AT24CXX_Init      24c02.o
    0x08000550   0x08000550   0x00000058   Code   RO         3660    i.AT24CXX_ReadOneByte  24c02.o
    0x080005a8   0x080005a8   0x00000050   Code   RO         3663    i.AT24CXX_WriteOneByte  24c02.o
    0x080005f8   0x080005f8   0x00000018   Code   RO         3586    i.BCD2HEX           ds3231.o
    0x08000610   0x08000610   0x00000004   Code   RO          186    i.BusFault_Handler  stm32f10x_it.o
    0x08000614   0x08000614   0x00000010   Code   RO         4056    i.CW2015_ID         cw2015.o
    0x08000624   0x08000624   0x0000002c   Code   RO         4057    i.CW2015_Init       cw2015.o
    0x08000650   0x08000650   0x0000003c   Code   RO         4058    i.CW2015_ReadOneByte  cw2015.o
    0x0800068c   0x0800068c   0x00000020   Code   RO         4059    i.CW2015_Soc        cw2015.o
    0x080006ac   0x080006ac   0x0000001e   Code   RO         4060    i.CW2015_Time       cw2015.o
    0x080006ca   0x080006ca   0x00000002   PAD
    0x080006cc   0x080006cc   0x00000040   Code   RO         4061    i.CW2015_Vcell      cw2015.o
    0x0800070c   0x0800070c   0x00000044   Code   RO         4062    i.CW2015_WriteOneByte  cw2015.o
    0x08000750   0x08000750   0x00000034   Code   RO         3755    i.CleanPoint        text.o
    0x08000784   0x08000784   0x0000001c   Code   RO         3756    i.CleanScreen       text.o
    0x080007a0   0x080007a0   0x00000038   Code   RO         4576    i.ClearDisplay      st7565.o
    0x080007d8   0x080007d8   0x000002dc   Code   RO         4549    i.Conversion        nonglistm.o
    0x08000ab4   0x08000ab4   0x00000074   Code   RO         3974    i.DHT11_Check       dht11.o
    0x08000b28   0x08000b28   0x00000040   Code   RO         3975    i.DHT11_Init        dht11.o
    0x08000b68   0x08000b68   0x0000004c   Code   RO         3976    i.DHT11_Read_Bit    dht11.o
    0x08000bb4   0x08000bb4   0x0000001e   Code   RO         3977    i.DHT11_Read_Byte   dht11.o
    0x08000bd2   0x08000bd2   0x00000058   Code   RO         3978    i.DHT11_Read_Data   dht11.o
    0x08000c2a   0x08000c2a   0x00000002   PAD
    0x08000c2c   0x08000c2c   0x00000040   Code   RO         3979    i.DHT11_Rst         dht11.o
    0x08000c6c   0x08000c6c   0x00000002   Code   RO          187    i.DebugMon_Handler  stm32f10x_it.o
    0x08000c6e   0x08000c6e   0x00000112   Code   RO         3758    i.DrawLine          text.o
    0x08000d80   0x08000d80   0x00000034   Code   RO         3760    i.DrawPoint         text.o
    0x08000db4   0x08000db4   0x00000102   Code   RO         3761    i.DrawRectangle     text.o
    0x08000eb6   0x08000eb6   0x00000002   PAD
    0x08000eb8   0x08000eb8   0x00000028   Code   RO         4016    i.EXTI15_10_IRQHandler  exti.o
    0x08000ee0   0x08000ee0   0x00000024   Code   RO         4017    i.EXTI3_IRQHandler  exti.o
    0x08000f04   0x08000f04   0x00000024   Code   RO         4018    i.EXTI4_IRQHandler  exti.o
    0x08000f28   0x08000f28   0x00000024   Code   RO         4019    i.EXTI9_5_IRQHandler  exti.o
    0x08000f4c   0x08000f4c   0x00000112   Code   RO         4020    i.EXTIX_Init        exti.o
    0x0800105e   0x0800105e   0x00000002   PAD
    0x08001060   0x08001060   0x0000000c   Code   RO         1226    i.EXTI_ClearITPendingBit  stm32f10x_exti.o
    0x0800106c   0x0800106c   0x00000094   Code   RO         1231    i.EXTI_Init         stm32f10x_exti.o
    0x08001100   0x08001100   0x00000040   Code   RO         1576    i.GPIO_EXTILineConfig  stm32f10x_gpio.o
    0x08001140   0x08001140   0x00000116   Code   RO         1579    i.GPIO_Init         stm32f10x_gpio.o
    0x08001256   0x08001256   0x00000002   PAD
    0x08001258   0x08001258   0x00000090   Code   RO         1581    i.GPIO_PinRemapConfig  stm32f10x_gpio.o
    0x080012e8   0x080012e8   0x00000010   Code   RO         1583    i.GPIO_ReadInputDataBit  stm32f10x_gpio.o
    0x080012f8   0x080012f8   0x00000004   Code   RO         1586    i.GPIO_ResetBits    stm32f10x_gpio.o
    0x080012fc   0x080012fc   0x00000004   Code   RO         1587    i.GPIO_SetBits      stm32f10x_gpio.o
    0x08001300   0x08001300   0x000003e4   Code   RO         3762    i.Get_HzMat         text.o
    0x080016e4   0x080016e4   0x00000020   Code   RO         3587    i.HEX2BCD           ds3231.o
    0x08001704   0x08001704   0x00000004   Code   RO          188    i.HardFault_Handler  stm32f10x_it.o
    0x08001708   0x08001708   0x00000050   Code   RO         3532    i.IIC_Ack           myiic.o
    0x08001758   0x08001758   0x00000038   Code   RO         3533    i.IIC_Init          myiic.o
    0x08001790   0x08001790   0x00000050   Code   RO         3534    i.IIC_NAck          myiic.o
    0x080017e0   0x080017e0   0x00000070   Code   RO         3535    i.IIC_Read_Byte     myiic.o
    0x08001850   0x08001850   0x00000074   Code   RO         3536    i.IIC_Send_Byte     myiic.o
    0x080018c4   0x080018c4   0x0000004c   Code   RO         3537    i.IIC_Start         myiic.o
    0x08001910   0x08001910   0x0000004c   Code   RO         3538    i.IIC_Stop          myiic.o
    0x0800195c   0x0800195c   0x00000064   Code   RO         3539    i.IIC_Wait_Ack      myiic.o
    0x080019c0   0x080019c0   0x00000030   Code   RO         4110    i.INA226_GetCurrent  ina226.o
    0x080019f0   0x080019f0   0x0000002a   Code   RO         4112    i.INA226_GetVoltage  ina226.o
    0x08001a1a   0x08001a1a   0x0000001c   Code   RO         4113    i.INA226_Init       ina226.o
    0x08001a36   0x08001a36   0x00000036   Code   RO         4114    i.INA226_ReadData   ina226.o
    0x08001a6c   0x08001a6c   0x00000044   Code   RO         4115    i.INA226_SendData   ina226.o
    0x08001ab0   0x08001ab0   0x00000024   Code   RO         4116    i.INA226_SetRegPointer  ina226.o
    0x08001ad4   0x08001ad4   0x000000b8   Code   RO         4578    i.Init_St7565       st7565.o
    0x08001b8c   0x08001b8c   0x00000094   Code   RO         3644    i.KEY_Init          key.o
    0x08001c20   0x08001c20   0x00000016   Code   RO         3764    i.LCD_Pow           text.o
    0x08001c36   0x08001c36   0x00000002   PAD
    0x08001c38   0x08001c38   0x000001ec   Code   RO         3765    i.LCD_ShowChar      text.o
    0x08001e24   0x08001e24   0x00000094   Code   RO         3766    i.LCD_ShowNum       text.o
    0x08001eb8   0x08001eb8   0x0000002a   Code   RO         4579    i.LCD_Show_Full_Screen_Pic  st7565.o
    0x08001ee2   0x08001ee2   0x000008f4   Code   RO         3767    i.LCD_zimu          text.o
    0x080027d6   0x080027d6   0x00000002   PAD
    0x080027d8   0x080027d8   0x00000038   Code   RO         3743    i.LED_Init          led.o
    0x08002810   0x08002810   0x00000004   Code   RO          189    i.MemManage_Handler  stm32f10x_it.o
    0x08002814   0x08002814   0x0000012c   Code   RO         4267    i.Menu_key_set      menu.o
    0x08002940   0x08002940   0x00000080   Code   RO         3769    i.MsgBoxSimple      text.o
    0x080029c0   0x080029c0   0x00000002   Code   RO          190    i.NMI_Handler       stm32f10x_it.o
    0x080029c2   0x080029c2   0x00000002   PAD
    0x080029c4   0x080029c4   0x00000070   Code   RO          428    i.NVIC_Init         misc.o
    0x08002a34   0x08002a34   0x00000014   Code   RO          429    i.NVIC_PriorityGroupConfig  misc.o
    0x08002a48   0x08002a48   0x000000e8   Code   RO         3588    i.PGday             ds3231.o
    0x08002b30   0x08002b30   0x00000002   Code   RO          191    i.PendSV_Handler    stm32f10x_it.o
    0x08002b32   0x08002b32   0x00000002   PAD
    0x08002b34   0x08002b34   0x00000020   Code   RO         1995    i.RCC_APB1PeriphClockCmd  stm32f10x_rcc.o
    0x08002b54   0x08002b54   0x00000020   Code   RO         1997    i.RCC_APB2PeriphClockCmd  stm32f10x_rcc.o
    0x08002b74   0x08002b74   0x000000d4   Code   RO         2005    i.RCC_GetClocksFreq  stm32f10x_rcc.o
    0x08002c48   0x08002c48   0x00000078   Code   RO         3505    i.SPI1_Init         spi.o
    0x08002cc0   0x08002cc0   0x00000054   Code   RO         3506    i.SPI1_ReadWriteByte  spi.o
    0x08002d14   0x08002d14   0x00000028   Code   RO         3507    i.SPI1_SetSpeed     spi.o
    0x08002d3c   0x08002d3c   0x00000018   Code   RO         2474    i.SPI_Cmd           stm32f10x_spi.o
    0x08002d54   0x08002d54   0x00000048   Code   RO         3400    i.SPI_Flash_Init    w25qxx.o
    0x08002d9c   0x08002d9c   0x00000050   Code   RO         3402    i.SPI_Flash_Read    w25qxx.o
    0x08002dec   0x08002dec   0x00000060   Code   RO         3403    i.SPI_Flash_ReadID  w25qxx.o
    0x08002e4c   0x08002e4c   0x00000012   Code   RO         2482    i.SPI_I2S_GetFlagStatus  stm32f10x_spi.o
    0x08002e5e   0x08002e5e   0x00000006   Code   RO         2485    i.SPI_I2S_ReceiveData  stm32f10x_spi.o
    0x08002e64   0x08002e64   0x00000004   Code   RO         2486    i.SPI_I2S_SendData  stm32f10x_spi.o
    0x08002e68   0x08002e68   0x0000003c   Code   RO         2487    i.SPI_Init          stm32f10x_spi.o
    0x08002ea4   0x08002ea4   0x00000002   Code   RO          192    i.SVC_Handler       stm32f10x_it.o
    0x08002ea6   0x08002ea6   0x00000008   Code   RO          275    i.SetSysClock       system_stm32f10x.o
    0x08002eae   0x08002eae   0x00000002   PAD
    0x08002eb0   0x08002eb0   0x000000e0   Code   RO          276    i.SetSysClockTo72   system_stm32f10x.o
    0x08002f90   0x08002f90   0x0000007c   Code   RO         3589    i.SetTime           ds3231.o
    0x0800300c   0x0800300c   0x00000010   Code   RO         3771    i.ShowAllGraphRAM   text.o
    0x0800301c   0x0800301c   0x0000001c   Code   RO         3772    i.ShowMsgSimple     text.o
    0x08003038   0x08003038   0x000001cc   Code   RO         3773    i.Show_Font         text.o
    0x08003204   0x08003204   0x000000c2   Code   RO         3774    i.Show_Str          text.o
    0x080032c6   0x080032c6   0x00000002   PAD
    0x080032c8   0x080032c8   0x00000054   Code   RO         4585    i.St7565_Port       st7565.o
    0x0800331c   0x0800331c   0x0000007c   Code   RO         4586    i.St7565_WriteCmd   st7565.o
    0x08003398   0x08003398   0x0000007c   Code   RO         4587    i.St7565_WriteDat   st7565.o
    0x08003414   0x08003414   0x00000028   Code   RO          432    i.SysTick_CLKSourceConfig  misc.o
    0x0800343c   0x0800343c   0x00000002   Code   RO          193    i.SysTick_Handler   stm32f10x_it.o
    0x0800343e   0x0800343e   0x00000002   PAD
    0x08003440   0x08003440   0x0000004c   Code   RO          309    i.SysTick_Initaize  delay.o
    0x0800348c   0x0800348c   0x00000060   Code   RO          278    i.SystemInit        system_stm32f10x.o
    0x080034ec   0x080034ec   0x00000044   Code   RO         3710    i.TIM3_IRQHandler   timer.o
    0x08003530   0x08003530   0x00000060   Code   RO         3711    i.TIM3_Int_Init     timer.o
    0x08003590   0x08003590   0x00000006   Code   RO         2624    i.TIM_ClearITPendingBit  stm32f10x_tim.o
    0x08003596   0x08003596   0x00000018   Code   RO         2629    i.TIM_Cmd           stm32f10x_tim.o
    0x080035ae   0x080035ae   0x00000022   Code   RO         2650    i.TIM_GetITStatus   stm32f10x_tim.o
    0x080035d0   0x080035d0   0x00000012   Code   RO         2654    i.TIM_ITConfig      stm32f10x_tim.o
    0x080035e2   0x080035e2   0x00000004   Code   RO         2694    i.TIM_SetCounter    stm32f10x_tim.o
    0x080035e6   0x080035e6   0x00000002   PAD
    0x080035e8   0x080035e8   0x000000a4   Code   RO         2700    i.TIM_TimeBaseInit  stm32f10x_tim.o
    0x0800368c   0x0800368c   0x00000070   Code   RO          370    i.USART1_IRQHandler  usart.o
    0x080036fc   0x080036fc   0x00000018   Code   RO         3165    i.USART_Cmd         stm32f10x_usart.o
    0x08003714   0x08003714   0x00000054   Code   RO         3169    i.USART_GetITStatus  stm32f10x_usart.o
    0x08003768   0x08003768   0x0000004a   Code   RO         3171    i.USART_ITConfig    stm32f10x_usart.o
    0x080037b2   0x080037b2   0x00000002   PAD
    0x080037b4   0x080037b4   0x000000d8   Code   RO         3172    i.USART_Init        stm32f10x_usart.o
    0x0800388c   0x0800388c   0x0000000a   Code   RO         3179    i.USART_ReceiveData  stm32f10x_usart.o
    0x08003896   0x08003896   0x00000004   Code   RO          194    i.UsageFault_Handler  stm32f10x_it.o
    0x0800389a   0x0800389a   0x00000002   PAD
    0x0800389c   0x0800389c   0x00000020   Code   RO         4832    i.__0printf$5       mc_w.l(printf5.o)
    0x080038bc   0x080038bc   0x0000000e   Code   RO         5072    i.__scatterload_copy  mc_w.l(handlers.o)
    0x080038ca   0x080038ca   0x00000002   Code   RO         5073    i.__scatterload_null  mc_w.l(handlers.o)
    0x080038cc   0x080038cc   0x0000000e   Code   RO         5074    i.__scatterload_zeroinit  mc_w.l(handlers.o)
    0x080038da   0x080038da   0x00000002   PAD
    0x080038dc   0x080038dc   0x000002c0   Code   RO         4839    i._printf_core      mc_w.l(printf5.o)
    0x08003b9c   0x08003b9c   0x00000138   Code   RO         4163    i.blltset           clock.o
    0x08003cd4   0x08003cd4   0x0000011c   Code   RO         4164    i.bltimeset         clock.o
    0x08003df0   0x08003df0   0x00000130   Code   RO         4165    i.crset             clock.o
    0x08003f20   0x08003f20   0x00000224   Code   RO         4166    i.cw2015disp        clock.o
    0x08004144   0x08004144   0x00000278   Code   RO            1    i.date_init         main.o
    0x080043bc   0x080043bc   0x0000001c   Code   RO         4588    i.delay             st7565.o
    0x080043d8   0x080043d8   0x00000044   Code   RO          310    i.delay_init        delay.o
    0x0800441c   0x0800441c   0x0000004c   Code   RO          311    i.delay_ms          delay.o
    0x08004468   0x08004468   0x0000004c   Code   RO          312    i.delay_us          delay.o
    0x080044b4   0x080044b4   0x00000074   Code   RO         4167    i.dht11disp         clock.o
    0x08004528   0x08004528   0x00000228   Code   RO         4168    i.dingshiset1       clock.o
    0x08004750   0x08004750   0x00000058   Code   RO         4169    i.dispmaohao        clock.o
    0x080047a8   0x080047a8   0x00000a1c   Code   RO         4170    i.disptime1         clock.o
    0x080051c4   0x080051c4   0x000001d4   Code   RO            2    i.err_set           main.o
    0x08005398   0x08005398   0x00000028   Code   RO         3911    i.font_init         fontupd.o
    0x080053c0   0x080053c0   0x0000001c   Code   RO          372    i.fputc             usart.o
    0x080053dc   0x080053dc   0x00000124   Code   RO         4550    i.get_moon_day      nonglistm.o
    0x08005500   0x08005500   0x00000050   Code   RO         4171    i.getdata           clock.o
    0x08005550   0x08005550   0x00000228   Code   RO         4172    i.ina226disp        clock.o
    0x08005778   0x08005778   0x00000038   Code   RO         4590    i.lcd_address       st7565.o
    0x080057b0   0x080057b0   0x00000090   Code   RO            3    i.main              main.o
    0x08005840   0x08005840   0x00000034   Code   RO         4173    i.main_return       clock.o
    0x08005874   0x08005874   0x00000058   Code   RO         4174    i.main_ss           clock.o
    0x080058cc   0x080058cc   0x00000008   Code   RO         4268    i.menu11            menu.o
    0x080058d4   0x080058d4   0x00000144   Code   RO         4269    i.menu20            menu.o
    0x08005a18   0x08005a18   0x000000c4   Code   RO         4270    i.menu21            menu.o
    0x08005adc   0x08005adc   0x00000014   Code   RO         4271    i.menu211           menu.o
    0x08005af0   0x08005af0   0x00000002   Code   RO         4272    i.menu212           menu.o
    0x08005af2   0x08005af2   0x00000002   Code   RO         4273    i.menu213           menu.o
    0x08005af4   0x08005af4   0x00000002   Code   RO         4274    i.menu214           menu.o
    0x08005af6   0x08005af6   0x00000002   Code   RO         4275    i.menu215           menu.o
    0x08005af8   0x08005af8   0x00000002   Code   RO         4276    i.menu216           menu.o
    0x08005afa   0x08005afa   0x00000002   PAD
    0x08005afc   0x08005afc   0x0000018c   Code   RO         4277    i.menu22            menu.o
    0x08005c88   0x08005c88   0x00000014   Code   RO         4278    i.menu221           menu.o
    0x08005c9c   0x08005c9c   0x00000014   Code   RO         4279    i.menu222           menu.o
    0x08005cb0   0x08005cb0   0x00000014   Code   RO         4280    i.menu223           menu.o
    0x08005cc4   0x08005cc4   0x00000014   Code   RO         4281    i.menu224           menu.o
    0x08005cd8   0x08005cd8   0x00000002   Code   RO         4282    i.menu225           menu.o
    0x08005cda   0x08005cda   0x00000002   Code   RO         4283    i.menu226           menu.o
    0x08005cdc   0x08005cdc   0x00000194   Code   RO         4284    i.menu23            menu.o
    0x08005e70   0x08005e70   0x00000014   Code   RO         4285    i.menu231           menu.o
    0x08005e84   0x08005e84   0x00000002   Code   RO         4286    i.menu232           menu.o
    0x08005e86   0x08005e86   0x00000002   Code   RO         4287    i.menu233           menu.o
    0x08005e88   0x08005e88   0x00000002   Code   RO         4288    i.menu234           menu.o
    0x08005e8a   0x08005e8a   0x00000002   Code   RO         4289    i.menu235           menu.o
    0x08005e8c   0x08005e8c   0x00000002   Code   RO         4290    i.menu236           menu.o
    0x08005e8e   0x08005e8e   0x00000002   PAD
    0x08005e90   0x08005e90   0x0000018c   Code   RO         4291    i.menu24            menu.o
    0x0800601c   0x0800601c   0x00000002   Code   RO         4292    i.menu241           menu.o
    0x0800601e   0x0800601e   0x00000002   Code   RO         4293    i.menu242           menu.o
    0x08006020   0x08006020   0x00000002   Code   RO         4294    i.menu243           menu.o
    0x08006022   0x08006022   0x00000002   Code   RO         4295    i.menu244           menu.o
    0x08006024   0x08006024   0x00000002   Code   RO         4296    i.menu245           menu.o
    0x08006026   0x08006026   0x00000002   Code   RO         4297    i.menu246           menu.o
    0x08006028   0x08006028   0x0000018c   Code   RO         4298    i.menu25            menu.o
    0x080061b4   0x080061b4   0x00000002   Code   RO         4299    i.menu251           menu.o
    0x080061b6   0x080061b6   0x00000002   Code   RO         4300    i.menu252           menu.o
    0x080061b8   0x080061b8   0x00000002   Code   RO         4301    i.menu253           menu.o
    0x080061ba   0x080061ba   0x00000002   Code   RO         4302    i.menu254           menu.o
    0x080061bc   0x080061bc   0x00000002   Code   RO         4303    i.menu255           menu.o
    0x080061be   0x080061be   0x00000002   Code   RO         4304    i.menu256           menu.o
    0x080061c0   0x080061c0   0x0000018c   Code   RO         4305    i.menu26            menu.o
    0x0800634c   0x0800634c   0x00000014   Code   RO         4306    i.menu261           menu.o
    0x08006360   0x08006360   0x00000014   Code   RO         4307    i.menu262           menu.o
    0x08006374   0x08006374   0x00000002   Code   RO         4308    i.menu263           menu.o
    0x08006376   0x08006376   0x00000002   Code   RO         4309    i.menu264           menu.o
    0x08006378   0x08006378   0x00000002   Code   RO         4310    i.menu265           menu.o
    0x0800637a   0x0800637a   0x00000002   Code   RO         4311    i.menu266           menu.o
    0x0800637c   0x0800637c   0x00000058   Code   RO         4175    i.menu_time_lcm     clock.o
    0x080063d4   0x080063d4   0x0000011c   Code   RO         4176    i.menutimeset       clock.o
    0x080064f0   0x080064f0   0x00000020   Code   RO         3590    i.read_current      ds3231.o
    0x08006510   0x08006510   0x0000002e   Code   RO         3591    i.read_random       ds3231.o
    0x0800653e   0x0800653e   0x00000002   PAD
    0x08006540   0x08006540   0x000000a8   Code   RO         3592    i.readdata          ds3231.o
    0x080065e8   0x080065e8   0x000006c8   Code   RO         4177    i.shijianset        clock.o
    0x08006cb0   0x08006cb0   0x000000a0   Code   RO          373    i.uart_init         usart.o
    0x08006d50   0x08006d50   0x00000036   Code   RO         3593    i.write_byte        ds3231.o
    0x08006d86   0x08006d86   0x00000002   PAD
    0x08006d88   0x08006d88   0x00000018   Data   RO         3594    .constdata          ds3231.o
    0x08006da0   0x08006da0   0x000034e0   Data   RO         3778    .constdata          text.o
    0x0800a280   0x0800a280   0x000034e0   Data   RO         4178    .constdata          clock.o
    0x0800d760   0x0800d760   0x00000264   Data   RO         4551    .constdata          nonglistm.o
    0x0800d9c4   0x0800d9c4   0x00000020   Data   RO         5070    Region$$Table       anon$$obj.o


    Execution Region RW_IRAM1 (Exec base: 0x20000000, Load base: 0x0800d9e4, Size: 0x00001038, Max: 0x00005000, ABSOLUTE, COMPRESSED[0x00000200])

    Exec Addr    Load Addr    Size         Type   Attr      Idx    E Section Name        Object

    0x20000000   COMPRESSED   0x00000001   Data   RW            5    .data               main.o
    0x20000001   COMPRESSED   0x00000003   PAD
    0x20000004   COMPRESSED   0x00000014   Data   RW          279    .data               system_stm32f10x.o
    0x20000018   COMPRESSED   0x00000004   Data   RW          313    .data               delay.o
    0x2000001c   COMPRESSED   0x00000006   Data   RW          375    .data               usart.o
    0x20000022   COMPRESSED   0x00000014   Data   RW         2025    .data               stm32f10x_rcc.o
    0x20000036   COMPRESSED   0x00000002   Data   RW         3411    .data               w25qxx.o
    0x20000038   COMPRESSED   0x00000007   Data   RW         3595    .data               ds3231.o
    0x2000003f   COMPRESSED   0x00000001   PAD
    0x20000040   COMPRESSED   0x00000006   Data   RW         3714    .data               timer.o
    0x20000046   COMPRESSED   0x00000001   Data   RW         4021    .data               exti.o
    0x20000047   COMPRESSED   0x00000005   Data   RW         4179    .data               clock.o
    0x2000004c   COMPRESSED   0x000003bc   Data   RW         4313    .data               menu.o
    0x20000408   COMPRESSED   0x00000010   Data   RW         4552    .data               nonglistm.o
    0x20000418        -       0x000003e8   Zero   RW          374    .bss                usart.o
    0x20000800        -       0x00000012   Zero   RW         3508    .bss                spi.o
    0x20000812        -       0x00000400   Zero   RW         3777    .bss                text.o
    0x20000c12        -       0x00000021   Zero   RW         3913    .bss                fontupd.o
    0x20000c33   COMPRESSED   0x00000005   PAD
    0x20000c38        -       0x00000400   Zero   RW          411    STACK               startup_stm32f10x_hd.o


==============================================================================

Image component sizes


      Code (inc. data)   RO Data    RW Data    ZI Data      Debug   Object Name

       282         40          0          0          0       2148   24c02.o
      7672       1258      13536          5          0      10732   clock.o
       314         10          0          0          0       3743   cw2015.o
       296         42          0          4          0       2042   delay.o
       438         46          0          0          0       3692   dht11.o
       712         36         24          7          0       5206   ds3231.o
       422         40          0          1          0       2681   exti.o
        40          8          0          0         33       1805   fontupd.o
       276         14          0          0          0       3301   ina226.o
       148         14          0          0          0        531   key.o
        56          6          0          0          0        463   led.o
      1244        342          0          1          0     262835   main.o
      3032        662          0        956          0      21596   menu.o
       172         22          0          0          0       1953   misc.o
       696        100          0          0          0       4030   myiic.o
      1024         50        612         16          0       3178   nonglistm.o
       244         24          0          0         18       1813   spi.o
       698         54          0          0          0       4384   st7565.o
        36          8        304          0       1024        768   startup_stm32f10x_hd.o
       160         12          0          0          0       1425   stm32f10x_exti.o
       510         10          0          0          0       4928   stm32f10x_gpio.o
        26          0          0          0          0       3470   stm32f10x_it.o
       276         32          0         20          0       4310   stm32f10x_rcc.o
       112          0          0          0          0       3678   stm32f10x_spi.o
       250         42          0          0          0       3903   stm32f10x_tim.o
       408          6          0          0          0       4838   stm32f10x_usart.o
         0          0          0          0          0         32   sys.o
       328         28          0         20          0       1957   system_stm32f10x.o
      5440         48      13536          0       1024      16339   text.o
       164         22          0          6          0       1350   timer.o
       300         28          0          6       1000       3500   usart.o
       248         38          0          2          0       2391   w25qxx.o

    ----------------------------------------------------------------------
     26062       3042      28044       1048       3104     389022   Object Totals
         0          0         32          0          0          0   (incl. Generated)
        38          0          0          4          5          0   (incl. Padding)

    ----------------------------------------------------------------------

      Code (inc. data)   RO Data    RW Data    ZI Data      Debug   Library Member Name

        86          0          0          0          0          0   __dczerorl2.o
         0          0          0          0          0          0   entry.o
         0          0          0          0          0          0   entry10a.o
         0          0          0          0          0          0   entry11a.o
         8          4          0          0          0          0   entry2.o
         4          0          0          0          0          0   entry5.o
         0          0          0          0          0          0   entry7b.o
         0          0          0          0          0          0   entry8b.o
         8          4          0          0          0          0   entry9a.o
        30          0          0          0          0          0   handlers.o
        36          8          0          0          0         68   init.o
         0          0          0          0          0          0   iusefp.o
        30          0          0          0          0         68   llshl.o
        32          0          0          0          0         68   llushr.o
        36          0          0          0          0         68   memcpya.o
       736         56          0          0          0        184   printf5.o
         8          0          0          0          0         68   siabs.o
        98          0          0          0          0         92   uldiv.o
       186          0          0          0          0        176   depilogue.o
        62          0          0          0          0         80   dfixi.o
        50          0          0          0          0         76   dfixui.o
        34          0          0          0          0         76   dflti.o
       228          0          0          0          0         96   dmul.o

    ----------------------------------------------------------------------
      1674         72          0          0          0       1120   Library Totals
         2          0          0          0          0          0   (incl. Padding)

    ----------------------------------------------------------------------

      Code (inc. data)   RO Data    RW Data    ZI Data      Debug   Library Name

      1112         72          0          0          0        616   mc_w.l
       560          0          0          0          0        504   mf_w.l

    ----------------------------------------------------------------------
      1674         72          0          0          0       1120   Library Totals

    ----------------------------------------------------------------------

==============================================================================


      Code (inc. data)   RO Data    RW Data    ZI Data      Debug   

     27736       3114      28044       1048       3104     380026   Grand Totals
     27736       3114      28044        512       3104     380026   ELF Image Totals (compressed)
     27736       3114      28044        512          0          0   ROM Totals

==============================================================================

    Total RO  Size (Code + RO Data)                55780 (  54.47kB)
    Total RW  Size (RW Data + ZI Data)              4152 (   4.05kB)
    Total ROM Size (Code + RO Data + RW Data)      56292 (  54.97kB)

==============================================================================

